C:/Users/ENGENHARIA - GABRIEL/Documents/Caio/Projetos/PROJETOS VERSIONADOS/I-01-STM/INDICADOR I-01 STM/funcoes/controleTask.h:17:6:ControleMultTask	8	static
C:/Users/ENGENHARIA - GABRIEL/Documents/Caio/Projetos/PROJETOS VERSIONADOS/I-01-STM/INDICADOR I-01 STM/funcoes/controleTask.h:105:6:funcaoControleLeituraPeso	8	static
C:/Users/ENGENHARIA - GABRIEL/Documents/Caio/Projetos/PROJETOS VERSIONADOS/I-01-STM/INDICADOR I-01 STM/funcoes/controleTask.h:141:6:TelaInicio	8	static
C:/Users/ENGENHARIA - GABRIEL/Documents/Caio/Projetos/PROJETOS VERSIONADOS/I-01-STM/INDICADOR I-01 STM/funcoes/controleFlash.h:42:6:gravaFlash	8	static
C:/Users/ENGENHARIA - GABRIEL/Documents/Caio/Projetos/PROJETOS VERSIONADOS/I-01-STM/INDICADOR I-01 STM/funcoes/controleFlash.h:79:6:leituraFlash	8	static
C:/Users/ENGENHARIA - GABRIEL/Documents/Caio/Projetos/PROJETOS VERSIONADOS/I-01-STM/INDICADOR I-01 STM/funcoes/controleFlash.h:123:6:leituraConfiguracao	8	static
C:/Users/ENGENHARIA - GABRIEL/Documents/Caio/Projetos/PROJETOS VERSIONADOS/I-01-STM/INDICADOR I-01 STM/funcoes/controleFlash.h:138:6:TimerReadFlash	8	static
C:/Users/ENGENHARIA - GABRIEL/Documents/Caio/Projetos/PROJETOS VERSIONADOS/I-01-STM/INDICADOR I-01 STM/funcoes/escritaLcd.h:6:6:controlaTempoExibeTelaTemporaria	8	static
C:/Users/ENGENHARIA - GABRIEL/Documents/Caio/Projetos/PROJETOS VERSIONADOS/I-01-STM/INDICADOR I-01 STM/funcoes/escritaLcd.h:24:6:apagaLcd	4	static
C:/Users/ENGENHARIA - GABRIEL/Documents/Caio/Projetos/PROJETOS VERSIONADOS/I-01-STM/INDICADOR I-01 STM/funcoes/escritaLcd.h:36:6:apagaLinha_1Lcd	4	static
C:/Users/ENGENHARIA - GABRIEL/Documents/Caio/Projetos/PROJETOS VERSIONADOS/I-01-STM/INDICADOR I-01 STM/funcoes/escritaLcd.h:48:6:apagaLinha_2Lcd	4	static
C:/Users/ENGENHARIA - GABRIEL/Documents/Caio/Projetos/PROJETOS VERSIONADOS/I-01-STM/INDICADOR I-01 STM/funcoes/escritaLcd.h:61:5:escreveDadoLcd	16	static
C:/Users/ENGENHARIA - GABRIEL/Documents/Caio/Projetos/PROJETOS VERSIONADOS/I-01-STM/INDICADOR I-01 STM/funcoes/escritaLcd.h:73:6:controlaEscritaLcd	8	static
C:/Users/ENGENHARIA - GABRIEL/Documents/Caio/Projetos/PROJETOS VERSIONADOS/I-01-STM/INDICADOR I-01 STM/funcoes/escritaLcd.h:189:6:enviaComandoLcd	8	static
C:/Users/ENGENHARIA - GABRIEL/Documents/Caio/Projetos/PROJETOS VERSIONADOS/I-01-STM/INDICADOR I-01 STM/funcoes/escritaLcd.h:199:6:enviaCaracterLcd	8	static
C:/Users/ENGENHARIA - GABRIEL/Documents/Caio/Projetos/PROJETOS VERSIONADOS/I-01-STM/INDICADOR I-01 STM/funcoes/escritaLcd.h:209:6:transmiteByteLcd	8	static
C:/Users/ENGENHARIA - GABRIEL/Documents/Caio/Projetos/PROJETOS VERSIONADOS/I-01-STM/INDICADOR I-01 STM/funcoes/escritaLcd.h:225:6:transmiteNibleLcd	8	static
C:/Users/ENGENHARIA - GABRIEL/Documents/Caio/Projetos/PROJETOS VERSIONADOS/I-01-STM/INDICADOR I-01 STM/funcoes/escritaLcd.h:251:6:delayExternoLcd	4	static
C:/Users/ENGENHARIA - GABRIEL/Documents/Caio/Projetos/PROJETOS VERSIONADOS/I-01-STM/INDICADOR I-01 STM/funcoes/escritaLcd.h:261:6:delayInternoMicroSegundos	16	static
C:/Users/ENGENHARIA - GABRIEL/Documents/Caio/Projetos/PROJETOS VERSIONADOS/I-01-STM/INDICADOR I-01 STM/funcoes/funcaoDisplayNextion.h:9:6:mostraPesoKg	8	static
C:/Users/ENGENHARIA - GABRIEL/Documents/Caio/Projetos/PROJETOS VERSIONADOS/I-01-STM/INDICADOR I-01 STM/funcoes/funcaoDisplayNextion.h:21:6:mostraPesoTaraKg	8	static
C:/Users/ENGENHARIA - GABRIEL/Documents/Caio/Projetos/PROJETOS VERSIONADOS/I-01-STM/INDICADOR I-01 STM/funcoes/funcaoDisplayNextion.h:33:6:ocultaPesoKg	8	static
C:/Users/ENGENHARIA - GABRIEL/Documents/Caio/Projetos/PROJETOS VERSIONADOS/I-01-STM/INDICADOR I-01 STM/funcoes/funcaoDisplayNextion.h:51:6:transfereCaracterLcdLinha1	8	static
C:/Users/ENGENHARIA - GABRIEL/Documents/Caio/Projetos/PROJETOS VERSIONADOS/I-01-STM/INDICADOR I-01 STM/funcoes/funcaoDisplayNextion.h:63:6:transfereCaracterLcdLinha2	8	static
C:/Users/ENGENHARIA - GABRIEL/Documents/Caio/Projetos/PROJETOS VERSIONADOS/I-01-STM/INDICADOR I-01 STM/funcoes/funcaoDisplayNextion.h:75:6:transfereCaracterLcdMenuLinha1	8	static
C:/Users/ENGENHARIA - GABRIEL/Documents/Caio/Projetos/PROJETOS VERSIONADOS/I-01-STM/INDICADOR I-01 STM/funcoes/funcaoDisplayNextion.h:87:6:transfereCaracterLcdMenuLinha2	8	static
C:/Users/ENGENHARIA - GABRIEL/Documents/Caio/Projetos/PROJETOS VERSIONADOS/I-01-STM/INDICADOR I-01 STM/funcoes/funcaoDisplayNextion.h:114:6:transfereCaracterLcdErroLimiteZero	8	static
C:/Users/ENGENHARIA - GABRIEL/Documents/Caio/Projetos/PROJETOS VERSIONADOS/I-01-STM/INDICADOR I-01 STM/funcoes/funcaoDisplayNextion.h:126:6:limpaLinha2	8	static
C:/Users/ENGENHARIA - GABRIEL/Documents/Caio/Projetos/PROJETOS VERSIONADOS/I-01-STM/INDICADOR I-01 STM/funcoes/funcaoDisplayNextion.h:139:6:setaKgTelaPeso	8	static
C:/Users/ENGENHARIA - GABRIEL/Documents/Caio/Projetos/PROJETOS VERSIONADOS/I-01-STM/INDICADOR I-01 STM/funcoes/controlaTelas.h:12:6:metodoControleDasTelas	8	static
C:/Users/ENGENHARIA - GABRIEL/Documents/Caio/Projetos/PROJETOS VERSIONADOS/I-01-STM/INDICADOR I-01 STM/funcoes/controlaTelas.h:101:6:funcaoTempoTelaInicial	8	static
C:/Users/ENGENHARIA - GABRIEL/Documents/Caio/Projetos/PROJETOS VERSIONADOS/I-01-STM/INDICADOR I-01 STM/funcoes/controleDasTeclas.h:5:6:iniciaTeclaExterna	4	static
C:/Users/ENGENHARIA - GABRIEL/Documents/Caio/Projetos/PROJETOS VERSIONADOS/I-01-STM/INDICADOR I-01 STM/funcoes/controleDasTeclas.h:12:6:trataControleDasTeclas	8	static
C:/Users/ENGENHARIA - GABRIEL/Documents/Caio/Projetos/PROJETOS VERSIONADOS/I-01-STM/INDICADOR I-01 STM/funcoes/controleDasTeclas.h:86:6:metodoLigaSistema	8	static
C:/Users/ENGENHARIA - GABRIEL/Documents/Caio/Projetos/PROJETOS VERSIONADOS/I-01-STM/INDICADOR I-01 STM/funcoes/controleDasTeclas.h:104:6:metodoDesligaSistema	8	static
C:/Users/ENGENHARIA - GABRIEL/Documents/Caio/Projetos/PROJETOS VERSIONADOS/I-01-STM/INDICADOR I-01 STM/funcoes/controleDasTeclas.h:127:6:funcaoTempoAcessoMenuProgramacao	8	static
C:/Users/ENGENHARIA - GABRIEL/Documents/Caio/Projetos/PROJETOS VERSIONADOS/I-01-STM/INDICADOR I-01 STM/funcoes/controleDasTeclas.h:153:6:tempoValidaTeclaQuandoSolta	4	static
C:/Users/ENGENHARIA - GABRIEL/Documents/Caio/Projetos/PROJETOS VERSIONADOS/I-01-STM/INDICADOR I-01 STM/funcoes/controleDasTeclas.h:188:6:telaErroLimiteZero	8	static
C:/Users/ENGENHARIA - GABRIEL/Documents/Caio/Projetos/PROJETOS VERSIONADOS/I-01-STM/INDICADOR I-01 STM/funcoes/controleDasTeclas.h:199:6:funcaoTempoBackLight	8	static
C:/Users/ENGENHARIA - GABRIEL/Documents/Caio/Projetos/PROJETOS VERSIONADOS/I-01-STM/INDICADOR I-01 STM/libC/hx711/calibracaoIndicador.h:12:6:controleCalibraIndicador	8	static
C:/Users/ENGENHARIA - GABRIEL/Documents/Caio/Projetos/PROJETOS VERSIONADOS/I-01-STM/INDICADOR I-01 STM/libC/hx711/calibracaoIndicador.h:449:6:telaSenhaDeAcessoCalibracao	8	static
C:/Users/ENGENHARIA - GABRIEL/Documents/Caio/Projetos/PROJETOS VERSIONADOS/I-01-STM/INDICADOR I-01 STM/libC/hx711/calibracaoIndicador.h:468:6:telaValorFiltroDigitalIndicador	8	static
C:/Users/ENGENHARIA - GABRIEL/Documents/Caio/Projetos/PROJETOS VERSIONADOS/I-01-STM/INDICADOR I-01 STM/libC/hx711/calibracaoIndicador.h:483:6:telaPosicaoPontoDecimalIndicador	8	static
C:/Users/ENGENHARIA - GABRIEL/Documents/Caio/Projetos/PROJETOS VERSIONADOS/I-01-STM/INDICADOR I-01 STM/libC/hx711/calibracaoIndicador.h:501:6:telaDefineDegrauPesoIndicador	8	static
C:/Users/ENGENHARIA - GABRIEL/Documents/Caio/Projetos/PROJETOS VERSIONADOS/I-01-STM/INDICADOR I-01 STM/libC/hx711/calibracaoIndicador.h:515:6:telaPesoCargaMaximaIndicador	8	static
C:/Users/ENGENHARIA - GABRIEL/Documents/Caio/Projetos/PROJETOS VERSIONADOS/I-01-STM/INDICADOR I-01 STM/libC/hx711/calibracaoIndicador.h:532:6:telaPesoCalibracaoIndicador	8	static
C:/Users/ENGENHARIA - GABRIEL/Documents/Caio/Projetos/PROJETOS VERSIONADOS/I-01-STM/INDICADOR I-01 STM/libC/hx711/calibracaoIndicador.h:549:6:telaPesoZeroIndicador	8	static
C:/Users/ENGENHARIA - GABRIEL/Documents/Caio/Projetos/PROJETOS VERSIONADOS/I-01-STM/INDICADOR I-01 STM/libC/hx711/calibracaoIndicador.h:562:6:telaControlaIncrementoDegralIndicador	8	static
C:/Users/ENGENHARIA - GABRIEL/Documents/Caio/Projetos/PROJETOS VERSIONADOS/I-01-STM/INDICADOR I-01 STM/libC/hx711/calibracaoIndicador.h:574:6:metodoPiscaProgIndicador	8	static
C:/Users/ENGENHARIA - GABRIEL/Documents/Caio/Projetos/PROJETOS VERSIONADOS/I-01-STM/INDICADOR I-01 STM/libC/hx711/calibracaoIndicador.h:592:6:piscaDigitoProgIndicador	4	static
C:/Users/ENGENHARIA - GABRIEL/Documents/Caio/Projetos/PROJETOS VERSIONADOS/I-01-STM/INDICADOR I-01 STM/libC/hx711/calibracaoIndicador.h:697:6:manipulacaoDoDigitoDoIndicador	4	static
C:/Users/ENGENHARIA - GABRIEL/Documents/Caio/Projetos/PROJETOS VERSIONADOS/I-01-STM/INDICADOR I-01 STM/libC/hx711/calibracaoIndicador.h:808:6:telaErroPesoCalibracao	8	static
C:/Users/ENGENHARIA - GABRIEL/Documents/Caio/Projetos/PROJETOS VERSIONADOS/I-01-STM/INDICADOR I-01 STM/libC/hx711/calibracaoIndicador.h:826:6:telaErroCapacidadeMaxima	8	static
C:/Users/ENGENHARIA - GABRIEL/Documents/Caio/Projetos/PROJETOS VERSIONADOS/I-01-STM/INDICADOR I-01 STM/libC/hx711/calibracaoIndicador.h:845:6:verificaSenhaAcessoCalibracao	4	static
C:/Users/ENGENHARIA - GABRIEL/Documents/Caio/Projetos/PROJETOS VERSIONADOS/I-01-STM/INDICADOR I-01 STM/libC/hx711/calibracaoIndicador.h:929:6:telaMostraValorProDivisaoInterna	8	static
C:/Users/ENGENHARIA - GABRIEL/Documents/Caio/Projetos/PROJETOS VERSIONADOS/I-01-STM/INDICADOR I-01 STM/libC/hx711/calibracaoIndicador.h:943:6:telaErroSenhaTecnica	8	static
C:/Users/ENGENHARIA - GABRIEL/Documents/Caio/Projetos/PROJETOS VERSIONADOS/I-01-STM/INDICADOR I-01 STM/libC/hx711/calibracaoIndicador.h:964:6:controlaPiscaDigitoProgSenha	4	static
C:/Users/ENGENHARIA - GABRIEL/Documents/Caio/Projetos/PROJETOS VERSIONADOS/I-01-STM/INDICADOR I-01 STM/libC/hx711/calibracaoIndicador.h:998:6:apagaSenha	4	static
C:/Users/ENGENHARIA - GABRIEL/Documents/Caio/Projetos/PROJETOS VERSIONADOS/I-01-STM/INDICADOR I-01 STM/libC/hx711/calibracaoIndicador.h:1008:6:rotacionaArrayTelaValorDivisao	4	static
C:/Users/ENGENHARIA - GABRIEL/Documents/Caio/Projetos/PROJETOS VERSIONADOS/I-01-STM/INDICADOR I-01 STM/libC/hx711/controleCelulaCarga.h:28:6:inicializaLedsIndicador	4	static
C:/Users/ENGENHARIA - GABRIEL/Documents/Caio/Projetos/PROJETOS VERSIONADOS/I-01-STM/INDICADOR I-01 STM/libC/hx711/controleCelulaCarga.h:32:6:mostraPesoIndicador	16	static
C:/Users/ENGENHARIA - GABRIEL/Documents/Caio/Projetos/PROJETOS VERSIONADOS/I-01-STM/INDICADOR I-01 STM/libC/hx711/controleCelulaCarga.h:104:6:trataPesoBrutoIndicador	8	static
C:/Users/ENGENHARIA - GABRIEL/Documents/Caio/Projetos/PROJETOS VERSIONADOS/I-01-STM/INDICADOR I-01 STM/libC/hx711/controleCelulaCarga.h:142:6:trataPesoTaraIndicador	8	static
C:/Users/ENGENHARIA - GABRIEL/Documents/Caio/Projetos/PROJETOS VERSIONADOS/I-01-STM/INDICADOR I-01 STM/libC/hx711/controleCelulaCarga.h:155:6:trataPesoLiquidoIndicador	8	static
C:/Users/ENGENHARIA - GABRIEL/Documents/Caio/Projetos/PROJETOS VERSIONADOS/I-01-STM/INDICADOR I-01 STM/libC/hx711/controleCelulaCarga.h:175:6:trataPesoAdIndicador	8	static
C:/Users/ENGENHARIA - GABRIEL/Documents/Caio/Projetos/PROJETOS VERSIONADOS/I-01-STM/INDICADOR I-01 STM/libC/hx711/controleCelulaCarga.h:320:6:fazArredondamentoPeso	16	static
C:/Users/ENGENHARIA - GABRIEL/Documents/Caio/Projetos/PROJETOS VERSIONADOS/I-01-STM/INDICADOR I-01 STM/libC/hx711/controleBackLight.h:6:6:controlaBackLightOscilaPeso	8	static
C:/Users/ENGENHARIA - GABRIEL/Documents/Caio/Projetos/PROJETOS VERSIONADOS/I-01-STM/INDICADOR I-01 STM/libC/hx711/hx711.h:7:6:inicializaHx711	4	static
C:/Users/ENGENHARIA - GABRIEL/Documents/Caio/Projetos/PROJETOS VERSIONADOS/I-01-STM/INDICADOR I-01 STM/libC/hx711/hx711.h:14:6:readHx711	8	static
C:/Users/ENGENHARIA - GABRIEL/Documents/Caio/Projetos/PROJETOS VERSIONADOS/I-01-STM/INDICADOR I-01 STM/libC/hx711/hx711.h:80:6:delayReadHx711	4	static
C:/Users/ENGENHARIA - GABRIEL/Documents/Caio/Projetos/PROJETOS VERSIONADOS/I-01-STM/INDICADOR I-01 STM/libC/hx711/hx711.h:89:6:testeLeituraAd	4	static
C:/Users/ENGENHARIA - GABRIEL/Documents/Caio/Projetos/PROJETOS VERSIONADOS/I-01-STM/INDICADOR I-01 STM/funcoes/checaAutorizaZeroIndicador.h:4:5:checaAutorizaZeroIndicador	16	static
C:/Users/ENGENHARIA - GABRIEL/Documents/Caio/Projetos/PROJETOS VERSIONADOS/I-01-STM/INDICADOR I-01 STM/libC/hx711/fazZeroIndicador.h:4:6:metodoFazZeroIndicadorPeso	16	static
C:/Users/ENGENHARIA - GABRIEL/Documents/Caio/Projetos/PROJETOS VERSIONADOS/I-01-STM/INDICADOR I-01 STM/libC/hx711/fazMediaAdCalibraIndicador.h:6:6:fazMediaAdCalibraIndicador	16	static
C:/Users/ENGENHARIA - GABRIEL/Documents/Caio/Projetos/PROJETOS VERSIONADOS/I-01-STM/INDICADOR I-01 STM/libC/hx711/fazMediaAdCalibraIndicador.h:98:6:rotacionaArrayInsere0Converte	4	static
C:/Users/ENGENHARIA - GABRIEL/Documents/Caio/Projetos/PROJETOS VERSIONADOS/I-01-STM/INDICADOR I-01 STM/seriais/funcoesTxSerial_1_1_5_2.h:10:6:iniciaVariaveisTxSerial_1	8	static
C:/Users/ENGENHARIA - GABRIEL/Documents/Caio/Projetos/PROJETOS VERSIONADOS/I-01-STM/INDICADOR I-01 STM/seriais/funcoesTxSerial_1_1_5_2.h:25:6:controleTxSerial_1	4	static
C:/Users/ENGENHARIA - GABRIEL/Documents/Caio/Projetos/PROJETOS VERSIONADOS/I-01-STM/INDICADOR I-01 STM/seriais/funcoesTxSerial_1_1_5_2.h:53:6:controleTxFrameSerial_1	8	static
C:/Users/ENGENHARIA - GABRIEL/Documents/Caio/Projetos/PROJETOS VERSIONADOS/I-01-STM/INDICADOR I-01 STM/seriais/funcoesTxSerial_1_1_5_2.h:221:6:iniciaTxSerial_1	4	static
C:/Users/ENGENHARIA - GABRIEL/Documents/Caio/Projetos/PROJETOS VERSIONADOS/I-01-STM/INDICADOR I-01 STM/seriais/funcoesTxSerial_1_1_5_2.h:230:6:tempoControleTransmiteFrameAutomatico	4	static
C:/Users/ENGENHARIA - GABRIEL/Documents/Caio/Projetos/PROJETOS VERSIONADOS/I-01-STM/INDICADOR I-01 STM/seriais/txSerial_2.h:10:6:trataErroSerial_2	4	static
C:/Users/ENGENHARIA - GABRIEL/Documents/Caio/Projetos/PROJETOS VERSIONADOS/I-01-STM/INDICADOR I-01 STM/seriais/txSerial_2.h:23:6:inicializaSerial_2	4	static
C:/Users/ENGENHARIA - GABRIEL/Documents/Caio/Projetos/PROJETOS VERSIONADOS/I-01-STM/INDICADOR I-01 STM/seriais/txSerial_2.h:61:6:controleTxFrameSerial_2	8	static
C:/Users/ENGENHARIA - GABRIEL/Documents/Caio/Projetos/PROJETOS VERSIONADOS/I-01-STM/INDICADOR I-01 STM/funcoes/acessaMenusProgramacao.h:5:6:funcaoAcessaMenusProgramacao	8	static
C:/Users/ENGENHARIA - GABRIEL/Documents/Caio/Projetos/PROJETOS VERSIONADOS/I-01-STM/INDICADOR I-01 STM/funcoes/acessaMenusProgramacao.h:82:6:telaAcessaMenuModoTecnicoIndicador	8	static
C:/Users/ENGENHARIA - GABRIEL/Documents/Caio/Projetos/PROJETOS VERSIONADOS/I-01-STM/INDICADOR I-01 STM/funcoes/acessaMenusProgramacao.h:111:6:telaAcessaMenuConfiguraSerial_1	8	static
C:/Users/ENGENHARIA - GABRIEL/Documents/Caio/Projetos/PROJETOS VERSIONADOS/I-01-STM/INDICADOR I-01 STM/funcoes/acessaMenusProgramacao.h:139:6:telaAcessaMenuFazCalibracao	8	static
C:/Users/ENGENHARIA - GABRIEL/Documents/Caio/Projetos/PROJETOS VERSIONADOS/I-01-STM/INDICADOR I-01 STM/funcoes/menuConfiguraSerial.h:5:6:funcaoMenusConfiguraSerial_1	8	static
C:/Users/ENGENHARIA - GABRIEL/Documents/Caio/Projetos/PROJETOS VERSIONADOS/I-01-STM/INDICADOR I-01 STM/funcoes/menuConfiguraSerial.h:253:6:telaMostraAtivaDesativaSerial_1	8	static
C:/Users/ENGENHARIA - GABRIEL/Documents/Caio/Projetos/PROJETOS VERSIONADOS/I-01-STM/INDICADOR I-01 STM/funcoes/menuConfiguraSerial.h:265:6:telaMostraProgVelocidadeSerial_1	8	static
C:/Users/ENGENHARIA - GABRIEL/Documents/Caio/Projetos/PROJETOS VERSIONADOS/I-01-STM/INDICADOR I-01 STM/funcoes/menuConfiguraSerial.h:303:6:telaMostraTipoPortaSerial_1	8	static
C:/Users/ENGENHARIA - GABRIEL/Documents/Caio/Projetos/PROJETOS VERSIONADOS/I-01-STM/INDICADOR I-01 STM/funcoes/menuConfiguraSerial.h:316:6:telaMostraTipoSaidaDadosSerial_1	8	static
C:/Users/ENGENHARIA - GABRIEL/Documents/Caio/Projetos/PROJETOS VERSIONADOS/I-01-STM/INDICADOR I-01 STM/funcoes/menuConfiguraSerial.h:330:6:telaMostraTipoSaidaDadosSerial_2	8	static
C:/Users/ENGENHARIA - GABRIEL/Documents/Caio/Projetos/PROJETOS VERSIONADOS/I-01-STM/INDICADOR I-01 STM/funcoes/menuConfiguraSerial.h:342:6:telaMostraEnderecoIndicador	8	static
C:/Users/ENGENHARIA - GABRIEL/Documents/Caio/Projetos/PROJETOS VERSIONADOS/I-01-STM/INDICADOR I-01 STM/funcoes/menuConfiguraSerial.h:353:6:telaMostraQtFramePorSegundo	8	static
C:/Users/ENGENHARIA - GABRIEL/Documents/Caio/Projetos/PROJETOS VERSIONADOS/I-01-STM/INDICADOR I-01 STM/funcoes/menuModoTecnicoIndicador.h:4:6:funcaoMenuModoTecnicoIndicador	8	static
C:/Users/ENGENHARIA - GABRIEL/Documents/Caio/Projetos/PROJETOS VERSIONADOS/I-01-STM/INDICADOR I-01 STM/funcoes/menuModoTecnicoIndicador.h:188:6:telaMostraProgramacaoLimiteZero	8	static
C:/Users/ENGENHARIA - GABRIEL/Documents/Caio/Projetos/PROJETOS VERSIONADOS/I-01-STM/INDICADOR I-01 STM/funcoes/menuModoTecnicoIndicador.h:201:6:telaValorFiltroDigitalModoTecnicoIndicador	8	static
C:/Users/ENGENHARIA - GABRIEL/Documents/Caio/Projetos/PROJETOS VERSIONADOS/I-01-STM/INDICADOR I-01 STM/funcoes/menuModoTecnicoIndicador.h:216:6:telaMostraProgramacaoStatusZeroLigarIndicador	8	static
C:/Users/ENGENHARIA - GABRIEL/Documents/Caio/Projetos/PROJETOS VERSIONADOS/I-01-STM/INDICADOR I-01 STM/funcoes/menuModoTecnicoIndicador.h:229:6:telaMostraProgramacaoModoFuncionamentoBackLight	8	static
C:/Users/ENGENHARIA - GABRIEL/Documents/Caio/Projetos/PROJETOS VERSIONADOS/I-01-STM/INDICADOR I-01 STM/funcoes/menuModoTecnicoIndicador.h:244:6:telaTempoBackLightLigado	8	static
C:/Users/ENGENHARIA - GABRIEL/Documents/Caio/Projetos/PROJETOS VERSIONADOS/I-01-STM/INDICADOR I-01 STM/controleModBusRtu/modBusRtu.h:19:6:controleTxFrameSerial_1ModBusRtu	4	static
C:/Users/ENGENHARIA - GABRIEL/Documents/Caio/Projetos/PROJETOS VERSIONADOS/I-01-STM/INDICADOR I-01 STM/controleModBusRtu/modBusRtu.h:51:6:rxSerialModBusRtu	8	static
C:/Users/ENGENHARIA - GABRIEL/Documents/Caio/Projetos/PROJETOS VERSIONADOS/I-01-STM/INDICADOR I-01 STM/controleModBusRtu/modBusRtu.h:69:6:trataFrameRxModBusRtu	8	static
C:/Users/ENGENHARIA - GABRIEL/Documents/Caio/Projetos/PROJETOS VERSIONADOS/I-01-STM/INDICADOR I-01 STM/controleModBusRtu/modBusRtu.h:111:6:trataModBusRtu	8	static
C:/Users/ENGENHARIA - GABRIEL/Documents/Caio/Projetos/PROJETOS VERSIONADOS/I-01-STM/INDICADOR I-01 STM/controleModBusRtu/modBusRtu.h:312:6:iniciaTxModbus	8	static
C:/Users/ENGENHARIA - GABRIEL/Documents/Caio/Projetos/PROJETOS VERSIONADOS/I-01-STM/INDICADOR I-01 STM/controleModBusRtu/modBusRtu.h:320:6:velocidadeSerial_1_115200Kbps	8	static
C:/Users/ENGENHARIA - GABRIEL/Documents/Caio/Projetos/PROJETOS VERSIONADOS/I-01-STM/INDICADOR I-01 STM/controleModBusRtu/modBusRtu.h:336:6:velocidadeSerial_1_57600Kbps	8	static
C:/Users/ENGENHARIA - GABRIEL/Documents/Caio/Projetos/PROJETOS VERSIONADOS/I-01-STM/INDICADOR I-01 STM/controleModBusRtu/modBusRtu.h:352:6:velocidadeSerial_1_38400Kbps	8	static
C:/Users/ENGENHARIA - GABRIEL/Documents/Caio/Projetos/PROJETOS VERSIONADOS/I-01-STM/INDICADOR I-01 STM/controleModBusRtu/modBusRtu.h:367:6:velocidadeSerial_1_19200Kbps	8	static
C:/Users/ENGENHARIA - GABRIEL/Documents/Caio/Projetos/PROJETOS VERSIONADOS/I-01-STM/INDICADOR I-01 STM/controleModBusRtu/modBusRtu.h:382:6:velocidadeSerial_1_9600Kbps	8	static
C:/Users/ENGENHARIA - GABRIEL/Documents/Caio/Projetos/PROJETOS VERSIONADOS/I-01-STM/INDICADOR I-01 STM/controleModBusRtu/modBusRtu.h:397:6:velocidadeSerial_1_4800Kbps	8	static
C:/Users/ENGENHARIA - GABRIEL/Documents/Caio/Projetos/PROJETOS VERSIONADOS/I-01-STM/INDICADOR I-01 STM/controleModBusRtu/modBusRtu.h:412:6:velocidadeSerial_1_2400Kbps	8	static
C:/Users/ENGENHARIA - GABRIEL/Documents/Caio/Projetos/PROJETOS VERSIONADOS/I-01-STM/INDICADOR I-01 STM/controleModBusRtu/modBusRtu.h:427:6:velocidadeSerial_1_1200Kbps	8	static
C:/Users/ENGENHARIA - GABRIEL/Documents/Caio/Projetos/PROJETOS VERSIONADOS/I-01-STM/INDICADOR I-01 STM/controleModBusRtu/modBusRtu.h:442:6:trataErroSerial_1	4	static
C:/Users/ENGENHARIA - GABRIEL/Documents/Caio/Projetos/PROJETOS VERSIONADOS/I-01-STM/INDICADOR I-01 STM/controleModBusRtu/trataModBusRtu.h:5:6:funcaoValoresTxModBusRtu	24	static
C:/Users/ENGENHARIA - GABRIEL/Documents/Caio/Projetos/PROJETOS VERSIONADOS/I-01-STM/INDICADOR I-01 STM/controleModBusRtu/trataModBusRtu.h:18:6:funcaoLeituraDadosMemoriaModBusRtu	8	static
C:/Users/ENGENHARIA - GABRIEL/Documents/Caio/Projetos/PROJETOS VERSIONADOS/I-01-STM/INDICADOR I-01 STM/controleModBusRtu/trataModBusRtu.h:74:6:funcaoVerificaSalvaModBusRtu	8	static
C:/Users/ENGENHARIA - GABRIEL/Documents/Caio/Projetos/PROJETOS VERSIONADOS/I-01-STM/INDICADOR I-01 STM/controleModBusRtu/trataModBusRtu.h:149:6:transformaPesoParaPadraoModbus	8	static
C:/Users/ENGENHARIA - GABRIEL/Documents/Caio/Projetos/PROJETOS VERSIONADOS/I-01-STM/INDICADOR I-01 STM/controleModBusRtu/trataModBusRtu.h:168:6:rotacionaArrayInsere0ConverteParaInteiroModBus	4	static
C:/Users/ENGENHARIA - GABRIEL/Documents/Caio/Projetos/PROJETOS VERSIONADOS/I-01-STM/INDICADOR I-01 STM/funcoes/decodificaTecladoIndicador_I01.h:12:6:inicializaDecodificaTeclado	4	static
C:/Users/ENGENHARIA - GABRIEL/Documents/Caio/Projetos/PROJETOS VERSIONADOS/I-01-STM/INDICADOR I-01 STM/funcoes/decodificaTecladoIndicador_I01.h:21:6:metodoDecodificaTeclado	8	static
C:/Users/ENGENHARIA - GABRIEL/Documents/Caio/Projetos/PROJETOS VERSIONADOS/I-01-STM/INDICADOR I-01 STM/funcoes/decodificaTecladoIndicador_I01.h:144:6:metodoValidaTeclaPresionada	8	static
C:/Users/ENGENHARIA - GABRIEL/Documents/Caio/Projetos/PROJETOS VERSIONADOS/I-01-STM/INDICADOR I-01 STM/funcoes/decodificaTecladoIndicador_I01.h:179:6:verificaLigaDesligaExterno	8	static
C:/Users/ENGENHARIA - GABRIEL/Documents/Caio/Projetos/PROJETOS VERSIONADOS/I-01-STM/INDICADOR I-01 STM/funcoes/decodificaTecladoIndicador_I01.h:207:6:verificaComandoZeroExterno	8	static
C:/Users/ENGENHARIA - GABRIEL/Documents/Caio/Projetos/PROJETOS VERSIONADOS/I-01-STM/INDICADOR I-01 STM/funcoes/decodificaTecladoIndicador_I01.h:235:6:verificaComandoTaraExterno	8	static
C:/Users/ENGENHARIA - GABRIEL/Documents/Caio/Projetos/PROJETOS VERSIONADOS/I-01-STM/INDICADOR I-01 STM/funcoes/decodificaTecladoIndicador_I01.h:275:6:verificaComandoPrintExterno	8	static
C:/Users/ENGENHARIA - GABRIEL/Documents/Caio/Projetos/PROJETOS VERSIONADOS/I-01-STM/INDICADOR I-01 STM/funcoes/decodificaTecladoIndicador_I01.h:311:6:ledZeroTaraDireto	8	static
C:/Users/ENGENHARIA - GABRIEL/Documents/Caio/Projetos/PROJETOS VERSIONADOS/I-01-STM/INDICADOR I-01 STM/eeprom/eepromRead.h:10:6:le_i2c	8	static
C:/Users/ENGENHARIA - GABRIEL/Documents/Caio/Projetos/PROJETOS VERSIONADOS/I-01-STM/INDICADOR I-01 STM/eeprom/eepromRead.h:52:6:leituraI2c_Default	24	static
C:/Users/ENGENHARIA - GABRIEL/Documents/Caio/Projetos/PROJETOS VERSIONADOS/I-01-STM/INDICADOR I-01 STM/eeprom/eepromRead.h:67:6:TimerReadi2c	8	static
C:/Users/ENGENHARIA - GABRIEL/Documents/Caio/Projetos/PROJETOS VERSIONADOS/I-01-STM/INDICADOR I-01 STM/eeprom/eepromSave.h:9:6:salvaStatusFuncionamentoTxSerial_1Mem	24	static
C:/Users/ENGENHARIA - GABRIEL/Documents/Caio/Projetos/PROJETOS VERSIONADOS/I-01-STM/INDICADOR I-01 STM/eeprom/eepromSave.h:18:6:salvaVelocidadeTxSerial_1Mem	24	static
C:/Users/ENGENHARIA - GABRIEL/Documents/Caio/Projetos/PROJETOS VERSIONADOS/I-01-STM/INDICADOR I-01 STM/eeprom/eepromSave.h:27:6:salvaStatusSaidaPortaSerial_1Mem	24	static
C:/Users/ENGENHARIA - GABRIEL/Documents/Caio/Projetos/PROJETOS VERSIONADOS/I-01-STM/INDICADOR I-01 STM/eeprom/eepromSave.h:36:6:salvaStatusSaidaDadosSerial_1Mem	24	static
C:/Users/ENGENHARIA - GABRIEL/Documents/Caio/Projetos/PROJETOS VERSIONADOS/I-01-STM/INDICADOR I-01 STM/eeprom/eepromSave.h:45:6:salvaStatusSaidaDadosSerial_2Mem	24	static
C:/Users/ENGENHARIA - GABRIEL/Documents/Caio/Projetos/PROJETOS VERSIONADOS/I-01-STM/INDICADOR I-01 STM/eeprom/eepromSave.h:53:6:salvaEnderecoIndicadorMem	24	static
C:/Users/ENGENHARIA - GABRIEL/Documents/Caio/Projetos/PROJETOS VERSIONADOS/I-01-STM/INDICADOR I-01 STM/eeprom/eepromSave.h:62:6:salvaQtFramePorSegundoMem	24	static
C:/Users/ENGENHARIA - GABRIEL/Documents/Caio/Projetos/PROJETOS VERSIONADOS/I-01-STM/INDICADOR I-01 STM/eeprom/eepromSave.h:71:6:preparaSalvaStatusPowerOnMem	24	static
C:/Users/ENGENHARIA - GABRIEL/Documents/Caio/Projetos/PROJETOS VERSIONADOS/I-01-STM/INDICADOR I-01 STM/eeprom/eepromSave.h:80:6:salvaStatusTransmisaoAutomaticoMem	24	static
C:/Users/ENGENHARIA - GABRIEL/Documents/Caio/Projetos/PROJETOS VERSIONADOS/I-01-STM/INDICADOR I-01 STM/eeprom/eepromSave.h:88:6:salvaModoFuncionamentoBackLightMem	24	static
C:/Users/ENGENHARIA - GABRIEL/Documents/Caio/Projetos/PROJETOS VERSIONADOS/I-01-STM/INDICADOR I-01 STM/eeprom/eepromSave.h:97:6:salvaTempoDesligaBackLightMem	24	static
C:/Users/ENGENHARIA - GABRIEL/Documents/Caio/Projetos/PROJETOS VERSIONADOS/I-01-STM/INDICADOR I-01 STM/eeprom/eepromSave.h:106:6:salvaStatusZeroPowerMem	24	static
C:/Users/ENGENHARIA - GABRIEL/Documents/Caio/Projetos/PROJETOS VERSIONADOS/I-01-STM/INDICADOR I-01 STM/eeprom/eepromSave.h:112:6:salvaValorLimiteDeZeroMem	24	static
C:/Users/ENGENHARIA - GABRIEL/Documents/Caio/Projetos/PROJETOS VERSIONADOS/I-01-STM/INDICADOR I-01 STM/eeprom/eepromSave.h:118:6:salvaValorFiltroDigitalMem	24	static
C:/Users/ENGENHARIA - GABRIEL/Documents/Caio/Projetos/PROJETOS VERSIONADOS/I-01-STM/INDICADOR I-01 STM/eeprom/eepromSave.h:124:6:salvaPosicaoPontoDecimalIndicadorMem	24	static
C:/Users/ENGENHARIA - GABRIEL/Documents/Caio/Projetos/PROJETOS VERSIONADOS/I-01-STM/INDICADOR I-01 STM/eeprom/eepromSave.h:130:6:salvaPosicaoDegrauIndicadorMem	24	static
C:/Users/ENGENHARIA - GABRIEL/Documents/Caio/Projetos/PROJETOS VERSIONADOS/I-01-STM/INDICADOR I-01 STM/eeprom/eepromSave.h:136:6:salvaPesoCapacidadeMaxIndicadorMem	24	static
C:/Users/ENGENHARIA - GABRIEL/Documents/Caio/Projetos/PROJETOS VERSIONADOS/I-01-STM/INDICADOR I-01 STM/eeprom/eepromSave.h:142:6:salvaPesoCalibracaoIndicadorMem	24	static
C:/Users/ENGENHARIA - GABRIEL/Documents/Caio/Projetos/PROJETOS VERSIONADOS/I-01-STM/INDICADOR I-01 STM/eeprom/eepromSave.h:148:6:salvaValorAdZeroIndicadorMem	24	static
C:/Users/ENGENHARIA - GABRIEL/Documents/Caio/Projetos/PROJETOS VERSIONADOS/I-01-STM/INDICADOR I-01 STM/eeprom/eepromSave.h:154:6:salvaValorDivisaoIndicadorMem	24	static
C:/Users/ENGENHARIA - GABRIEL/Documents/Caio/Projetos/PROJETOS VERSIONADOS/I-01-STM/INDICADOR I-01 STM/funcoes/funcaoDwin.h:1:6:ocultaPesoDwin	8	static
C:/Users/ENGENHARIA - GABRIEL/Documents/Caio/Projetos/PROJETOS VERSIONADOS/I-01-STM/INDICADOR I-01 STM/funcoes/funcaoDwin.h:47:6:mostraPesoDwin	8	static
C:/Users/ENGENHARIA - GABRIEL/Documents/Caio/Projetos/PROJETOS VERSIONADOS/I-01-STM/INDICADOR I-01 STM/funcoes/funcaoDwin.h:129:6:limpaLinha2Dwin	8	static
C:/Users/ENGENHARIA - GABRIEL/Documents/Caio/Projetos/PROJETOS VERSIONADOS/I-01-STM/INDICADOR I-01 STM/funcoes/funcaoDwin.h:135:6:transfereCaracterLcdLinha1Dwin	8	static
C:/Users/ENGENHARIA - GABRIEL/Documents/Caio/Projetos/PROJETOS VERSIONADOS/I-01-STM/INDICADOR I-01 STM/funcoes/funcaoDwin.h:150:6:transfereCaracterLcdLinha2Dwin	8	static
C:/Users/ENGENHARIA - GABRIEL/Documents/Caio/Projetos/PROJETOS VERSIONADOS/I-01-STM/INDICADOR I-01 STM/funcoes/funcaoDwin.h:165:6:transfereCaracterLcdMenu1Dwin	8	static
C:/Users/ENGENHARIA - GABRIEL/Documents/Caio/Projetos/PROJETOS VERSIONADOS/I-01-STM/INDICADOR I-01 STM/funcoes/funcaoDwin.h:179:6:transfereCaracterLcdMenu2Dwin	8	static
C:/Users/ENGENHARIA - GABRIEL/Documents/Caio/Projetos/PROJETOS VERSIONADOS/I-01-STM/INDICADOR I-01 STM/funcoes/funcaoDwin.h:193:6:zeraTelaInicio	8	static
../Core/Src/main.c:81:5:main	8	static
../Core/Src/main.c:136:6:SystemClock_Config	72	static
../Core/Src/main.c:175:13:MX_I2C1_Init	8	static
../Core/Src/main.c:209:13:MX_TIM2_Init	32	static
../Core/Src/main.c:254:13:MX_TIM3_Init	32	static
../Core/Src/main.c:299:13:MX_UART4_Init	8	static
../Core/Src/main.c:332:13:MX_UART5_Init	8	static
../Core/Src/main.c:365:13:MX_USART1_UART_Init	8	static
../Core/Src/main.c:398:13:MX_USART2_UART_Init	8	static
../Core/Src/main.c:431:13:MX_USART3_UART_Init	8	static
../Core/Src/main.c:464:13:MX_GPIO_Init	40	static
../Core/Src/main.c:560:6:HAL_TIM_PeriodElapsedCallback	16	static
../Core/Src/main.c:580:6:HAL_UART_RxCpltCallback	16	static
../Core/Src/main.c:610:6:HAL_UART_TxCpltCallback	16	static
../Core/Src/main.c:649:6:Error_Handler	4	static,ignoring_inline_asm
