C:/Users/ENGENHARIA - GABRIEL/Documents/Caio/Projetos/PROJETOS VERSIONADOS/I-01-STM/INDICADOR I-01 STM/funcoes/controleTask.h:17:6:ControleMultTask	10
C:/Users/ENGENHARIA - GABRIEL/Documents/Caio/Projetos/PROJETOS VERSIONADOS/I-01-STM/INDICADOR I-01 STM/funcoes/controleTask.h:105:6:funcaoControleLeituraPeso	7
C:/Users/ENGENHARIA - GABRIEL/Documents/Caio/Projetos/PROJETOS VERSIONADOS/I-01-STM/INDICADOR I-01 STM/funcoes/controleTask.h:141:6:TelaInicio	2
C:/Users/ENGENHARIA - GABRIEL/Documents/Caio/Projetos/PROJETOS VERSIONADOS/I-01-STM/INDICADOR I-01 STM/funcoes/controleFlash.h:42:6:gravaFlash	1
C:/Users/ENGENHARIA - GABRIEL/Documents/Caio/Projetos/PROJETOS VERSIONADOS/I-01-STM/INDICADOR I-01 STM/funcoes/controleFlash.h:79:6:leituraFlash	1
C:/Users/ENGENHARIA - GABRIEL/Documents/Caio/Projetos/PROJETOS VERSIONADOS/I-01-STM/INDICADOR I-01 STM/funcoes/controleFlash.h:123:6:leituraConfiguracao	2
C:/Users/ENGENHARIA - GABRIEL/Documents/Caio/Projetos/PROJETOS VERSIONADOS/I-01-STM/INDICADOR I-01 STM/funcoes/controleFlash.h:138:6:TimerReadFlash	3
C:/Users/ENGENHARIA - GABRIEL/Documents/Caio/Projetos/PROJETOS VERSIONADOS/I-01-STM/INDICADOR I-01 STM/funcoes/escritaLcd.h:6:6:controlaTempoExibeTelaTemporaria	3
C:/Users/ENGENHARIA - GABRIEL/Documents/Caio/Projetos/PROJETOS VERSIONADOS/I-01-STM/INDICADOR I-01 STM/funcoes/escritaLcd.h:24:6:apagaLcd	2
C:/Users/ENGENHARIA - GABRIEL/Documents/Caio/Projetos/PROJETOS VERSIONADOS/I-01-STM/INDICADOR I-01 STM/funcoes/escritaLcd.h:36:6:apagaLinha_1Lcd	2
C:/Users/ENGENHARIA - GABRIEL/Documents/Caio/Projetos/PROJETOS VERSIONADOS/I-01-STM/INDICADOR I-01 STM/funcoes/escritaLcd.h:48:6:apagaLinha_2Lcd	2
C:/Users/ENGENHARIA - GABRIEL/Documents/Caio/Projetos/PROJETOS VERSIONADOS/I-01-STM/INDICADOR I-01 STM/funcoes/escritaLcd.h:61:5:escreveDadoLcd	2
C:/Users/ENGENHARIA - GABRIEL/Documents/Caio/Projetos/PROJETOS VERSIONADOS/I-01-STM/INDICADOR I-01 STM/funcoes/escritaLcd.h:73:6:controlaEscritaLcd	15
C:/Users/ENGENHARIA - GABRIEL/Documents/Caio/Projetos/PROJETOS VERSIONADOS/I-01-STM/INDICADOR I-01 STM/funcoes/escritaLcd.h:189:6:enviaComandoLcd	1
C:/Users/ENGENHARIA - GABRIEL/Documents/Caio/Projetos/PROJETOS VERSIONADOS/I-01-STM/INDICADOR I-01 STM/funcoes/escritaLcd.h:199:6:enviaCaracterLcd	1
C:/Users/ENGENHARIA - GABRIEL/Documents/Caio/Projetos/PROJETOS VERSIONADOS/I-01-STM/INDICADOR I-01 STM/funcoes/escritaLcd.h:209:6:transmiteByteLcd	1
C:/Users/ENGENHARIA - GABRIEL/Documents/Caio/Projetos/PROJETOS VERSIONADOS/I-01-STM/INDICADOR I-01 STM/funcoes/escritaLcd.h:225:6:transmiteNibleLcd	5
C:/Users/ENGENHARIA - GABRIEL/Documents/Caio/Projetos/PROJETOS VERSIONADOS/I-01-STM/INDICADOR I-01 STM/funcoes/escritaLcd.h:251:6:delayExternoLcd	2
C:/Users/ENGENHARIA - GABRIEL/Documents/Caio/Projetos/PROJETOS VERSIONADOS/I-01-STM/INDICADOR I-01 STM/funcoes/escritaLcd.h:261:6:delayInternoMicroSegundos	2
C:/Users/ENGENHARIA - GABRIEL/Documents/Caio/Projetos/PROJETOS VERSIONADOS/I-01-STM/INDICADOR I-01 STM/funcoes/funcaoDisplayNextion.h:9:6:mostraPesoKg	1
C:/Users/ENGENHARIA - GABRIEL/Documents/Caio/Projetos/PROJETOS VERSIONADOS/I-01-STM/INDICADOR I-01 STM/funcoes/funcaoDisplayNextion.h:21:6:mostraPesoTaraKg	1
C:/Users/ENGENHARIA - GABRIEL/Documents/Caio/Projetos/PROJETOS VERSIONADOS/I-01-STM/INDICADOR I-01 STM/funcoes/funcaoDisplayNextion.h:33:6:ocultaPesoKg	1
C:/Users/ENGENHARIA - GABRIEL/Documents/Caio/Projetos/PROJETOS VERSIONADOS/I-01-STM/INDICADOR I-01 STM/funcoes/funcaoDisplayNextion.h:51:6:transfereCaracterLcdLinha1	1
C:/Users/ENGENHARIA - GABRIEL/Documents/Caio/Projetos/PROJETOS VERSIONADOS/I-01-STM/INDICADOR I-01 STM/funcoes/funcaoDisplayNextion.h:63:6:transfereCaracterLcdLinha2	1
C:/Users/ENGENHARIA - GABRIEL/Documents/Caio/Projetos/PROJETOS VERSIONADOS/I-01-STM/INDICADOR I-01 STM/funcoes/funcaoDisplayNextion.h:75:6:transfereCaracterLcdMenuLinha1	1
C:/Users/ENGENHARIA - GABRIEL/Documents/Caio/Projetos/PROJETOS VERSIONADOS/I-01-STM/INDICADOR I-01 STM/funcoes/funcaoDisplayNextion.h:87:6:transfereCaracterLcdMenuLinha2	4
C:/Users/ENGENHARIA - GABRIEL/Documents/Caio/Projetos/PROJETOS VERSIONADOS/I-01-STM/INDICADOR I-01 STM/funcoes/funcaoDisplayNextion.h:114:6:transfereCaracterLcdErroLimiteZero	1
C:/Users/ENGENHARIA - GABRIEL/Documents/Caio/Projetos/PROJETOS VERSIONADOS/I-01-STM/INDICADOR I-01 STM/funcoes/funcaoDisplayNextion.h:126:6:limpaLinha2	1
C:/Users/ENGENHARIA - GABRIEL/Documents/Caio/Projetos/PROJETOS VERSIONADOS/I-01-STM/INDICADOR I-01 STM/funcoes/funcaoDisplayNextion.h:139:6:setaKgTelaPeso	1
C:/Users/ENGENHARIA - GABRIEL/Documents/Caio/Projetos/PROJETOS VERSIONADOS/I-01-STM/INDICADOR I-01 STM/funcoes/controlaTelas.h:12:6:metodoControleDasTelas	16
C:/Users/ENGENHARIA - GABRIEL/Documents/Caio/Projetos/PROJETOS VERSIONADOS/I-01-STM/INDICADOR I-01 STM/funcoes/controlaTelas.h:101:6:funcaoTempoTelaInicial	3
C:/Users/ENGENHARIA - GABRIEL/Documents/Caio/Projetos/PROJETOS VERSIONADOS/I-01-STM/INDICADOR I-01 STM/funcoes/controleDasTeclas.h:5:6:iniciaTeclaExterna	1
C:/Users/ENGENHARIA - GABRIEL/Documents/Caio/Projetos/PROJETOS VERSIONADOS/I-01-STM/INDICADOR I-01 STM/funcoes/controleDasTeclas.h:12:6:trataControleDasTeclas	24
C:/Users/ENGENHARIA - GABRIEL/Documents/Caio/Projetos/PROJETOS VERSIONADOS/I-01-STM/INDICADOR I-01 STM/funcoes/controleDasTeclas.h:86:6:metodoLigaSistema	3
C:/Users/ENGENHARIA - GABRIEL/Documents/Caio/Projetos/PROJETOS VERSIONADOS/I-01-STM/INDICADOR I-01 STM/funcoes/controleDasTeclas.h:104:6:metodoDesligaSistema	1
C:/Users/ENGENHARIA - GABRIEL/Documents/Caio/Projetos/PROJETOS VERSIONADOS/I-01-STM/INDICADOR I-01 STM/funcoes/controleDasTeclas.h:127:6:funcaoTempoAcessoMenuProgramacao	4
C:/Users/ENGENHARIA - GABRIEL/Documents/Caio/Projetos/PROJETOS VERSIONADOS/I-01-STM/INDICADOR I-01 STM/funcoes/controleDasTeclas.h:153:6:tempoValidaTeclaQuandoSolta	8
C:/Users/ENGENHARIA - GABRIEL/Documents/Caio/Projetos/PROJETOS VERSIONADOS/I-01-STM/INDICADOR I-01 STM/funcoes/controleDasTeclas.h:188:6:telaErroLimiteZero	1
C:/Users/ENGENHARIA - GABRIEL/Documents/Caio/Projetos/PROJETOS VERSIONADOS/I-01-STM/INDICADOR I-01 STM/funcoes/controleDasTeclas.h:199:6:funcaoTempoBackLight	8
C:/Users/ENGENHARIA - GABRIEL/Documents/Caio/Projetos/PROJETOS VERSIONADOS/I-01-STM/INDICADOR I-01 STM/libC/hx711/calibracaoIndicador.h:12:6:controleCalibraIndicador	65
C:/Users/ENGENHARIA - GABRIEL/Documents/Caio/Projetos/PROJETOS VERSIONADOS/I-01-STM/INDICADOR I-01 STM/libC/hx711/calibracaoIndicador.h:449:6:telaSenhaDeAcessoCalibracao	1
C:/Users/ENGENHARIA - GABRIEL/Documents/Caio/Projetos/PROJETOS VERSIONADOS/I-01-STM/INDICADOR I-01 STM/libC/hx711/calibracaoIndicador.h:468:6:telaValorFiltroDigitalIndicador	3
C:/Users/ENGENHARIA - GABRIEL/Documents/Caio/Projetos/PROJETOS VERSIONADOS/I-01-STM/INDICADOR I-01 STM/libC/hx711/calibracaoIndicador.h:483:6:telaPosicaoPontoDecimalIndicador	6
C:/Users/ENGENHARIA - GABRIEL/Documents/Caio/Projetos/PROJETOS VERSIONADOS/I-01-STM/INDICADOR I-01 STM/libC/hx711/calibracaoIndicador.h:501:6:telaDefineDegrauPesoIndicador	1
C:/Users/ENGENHARIA - GABRIEL/Documents/Caio/Projetos/PROJETOS VERSIONADOS/I-01-STM/INDICADOR I-01 STM/libC/hx711/calibracaoIndicador.h:515:6:telaPesoCargaMaximaIndicador	1
C:/Users/ENGENHARIA - GABRIEL/Documents/Caio/Projetos/PROJETOS VERSIONADOS/I-01-STM/INDICADOR I-01 STM/libC/hx711/calibracaoIndicador.h:532:6:telaPesoCalibracaoIndicador	1
C:/Users/ENGENHARIA - GABRIEL/Documents/Caio/Projetos/PROJETOS VERSIONADOS/I-01-STM/INDICADOR I-01 STM/libC/hx711/calibracaoIndicador.h:549:6:telaPesoZeroIndicador	1
C:/Users/ENGENHARIA - GABRIEL/Documents/Caio/Projetos/PROJETOS VERSIONADOS/I-01-STM/INDICADOR I-01 STM/libC/hx711/calibracaoIndicador.h:562:6:telaControlaIncrementoDegralIndicador	3
C:/Users/ENGENHARIA - GABRIEL/Documents/Caio/Projetos/PROJETOS VERSIONADOS/I-01-STM/INDICADOR I-01 STM/libC/hx711/calibracaoIndicador.h:574:6:metodoPiscaProgIndicador	6
C:/Users/ENGENHARIA - GABRIEL/Documents/Caio/Projetos/PROJETOS VERSIONADOS/I-01-STM/INDICADOR I-01 STM/libC/hx711/calibracaoIndicador.h:592:6:piscaDigitoProgIndicador	42
C:/Users/ENGENHARIA - GABRIEL/Documents/Caio/Projetos/PROJETOS VERSIONADOS/I-01-STM/INDICADOR I-01 STM/libC/hx711/calibracaoIndicador.h:697:6:manipulacaoDoDigitoDoIndicador	33
C:/Users/ENGENHARIA - GABRIEL/Documents/Caio/Projetos/PROJETOS VERSIONADOS/I-01-STM/INDICADOR I-01 STM/libC/hx711/calibracaoIndicador.h:808:6:telaErroPesoCalibracao	1
C:/Users/ENGENHARIA - GABRIEL/Documents/Caio/Projetos/PROJETOS VERSIONADOS/I-01-STM/INDICADOR I-01 STM/libC/hx711/calibracaoIndicador.h:826:6:telaErroCapacidadeMaxima	1
C:/Users/ENGENHARIA - GABRIEL/Documents/Caio/Projetos/PROJETOS VERSIONADOS/I-01-STM/INDICADOR I-01 STM/libC/hx711/calibracaoIndicador.h:845:6:verificaSenhaAcessoCalibracao	17
C:/Users/ENGENHARIA - GABRIEL/Documents/Caio/Projetos/PROJETOS VERSIONADOS/I-01-STM/INDICADOR I-01 STM/libC/hx711/calibracaoIndicador.h:929:6:telaMostraValorProDivisaoInterna	1
C:/Users/ENGENHARIA - GABRIEL/Documents/Caio/Projetos/PROJETOS VERSIONADOS/I-01-STM/INDICADOR I-01 STM/libC/hx711/calibracaoIndicador.h:943:6:telaErroSenhaTecnica	1
C:/Users/ENGENHARIA - GABRIEL/Documents/Caio/Projetos/PROJETOS VERSIONADOS/I-01-STM/INDICADOR I-01 STM/libC/hx711/calibracaoIndicador.h:964:6:controlaPiscaDigitoProgSenha	9
C:/Users/ENGENHARIA - GABRIEL/Documents/Caio/Projetos/PROJETOS VERSIONADOS/I-01-STM/INDICADOR I-01 STM/libC/hx711/calibracaoIndicador.h:998:6:apagaSenha	1
C:/Users/ENGENHARIA - GABRIEL/Documents/Caio/Projetos/PROJETOS VERSIONADOS/I-01-STM/INDICADOR I-01 STM/libC/hx711/calibracaoIndicador.h:1008:6:rotacionaArrayTelaValorDivisao	4
C:/Users/ENGENHARIA - GABRIEL/Documents/Caio/Projetos/PROJETOS VERSIONADOS/I-01-STM/INDICADOR I-01 STM/libC/hx711/controleCelulaCarga.h:28:6:inicializaLedsIndicador	1
C:/Users/ENGENHARIA - GABRIEL/Documents/Caio/Projetos/PROJETOS VERSIONADOS/I-01-STM/INDICADOR I-01 STM/libC/hx711/controleCelulaCarga.h:32:6:mostraPesoIndicador	2
C:/Users/ENGENHARIA - GABRIEL/Documents/Caio/Projetos/PROJETOS VERSIONADOS/I-01-STM/INDICADOR I-01 STM/libC/hx711/controleCelulaCarga.h:104:6:trataPesoBrutoIndicador	3
C:/Users/ENGENHARIA - GABRIEL/Documents/Caio/Projetos/PROJETOS VERSIONADOS/I-01-STM/INDICADOR I-01 STM/libC/hx711/controleCelulaCarga.h:142:6:trataPesoTaraIndicador	1
C:/Users/ENGENHARIA - GABRIEL/Documents/Caio/Projetos/PROJETOS VERSIONADOS/I-01-STM/INDICADOR I-01 STM/libC/hx711/controleCelulaCarga.h:155:6:trataPesoLiquidoIndicador	2
C:/Users/ENGENHARIA - GABRIEL/Documents/Caio/Projetos/PROJETOS VERSIONADOS/I-01-STM/INDICADOR I-01 STM/libC/hx711/controleCelulaCarga.h:175:6:trataPesoAdIndicador	34
C:/Users/ENGENHARIA - GABRIEL/Documents/Caio/Projetos/PROJETOS VERSIONADOS/I-01-STM/INDICADOR I-01 STM/libC/hx711/controleCelulaCarga.h:320:6:fazArredondamentoPeso	4
C:/Users/ENGENHARIA - GABRIEL/Documents/Caio/Projetos/PROJETOS VERSIONADOS/I-01-STM/INDICADOR I-01 STM/libC/hx711/controleBackLight.h:6:6:controlaBackLightOscilaPeso	5
C:/Users/ENGENHARIA - GABRIEL/Documents/Caio/Projetos/PROJETOS VERSIONADOS/I-01-STM/INDICADOR I-01 STM/libC/hx711/hx711.h:7:6:inicializaHx711	1
C:/Users/ENGENHARIA - GABRIEL/Documents/Caio/Projetos/PROJETOS VERSIONADOS/I-01-STM/INDICADOR I-01 STM/libC/hx711/hx711.h:14:6:readHx711	16
C:/Users/ENGENHARIA - GABRIEL/Documents/Caio/Projetos/PROJETOS VERSIONADOS/I-01-STM/INDICADOR I-01 STM/libC/hx711/hx711.h:80:6:delayReadHx711	2
C:/Users/ENGENHARIA - GABRIEL/Documents/Caio/Projetos/PROJETOS VERSIONADOS/I-01-STM/INDICADOR I-01 STM/libC/hx711/hx711.h:89:6:testeLeituraAd	1
C:/Users/ENGENHARIA - GABRIEL/Documents/Caio/Projetos/PROJETOS VERSIONADOS/I-01-STM/INDICADOR I-01 STM/funcoes/checaAutorizaZeroIndicador.h:4:5:checaAutorizaZeroIndicador	6
C:/Users/ENGENHARIA - GABRIEL/Documents/Caio/Projetos/PROJETOS VERSIONADOS/I-01-STM/INDICADOR I-01 STM/libC/hx711/fazZeroIndicador.h:4:6:metodoFazZeroIndicadorPeso	10
C:/Users/ENGENHARIA - GABRIEL/Documents/Caio/Projetos/PROJETOS VERSIONADOS/I-01-STM/INDICADOR I-01 STM/libC/hx711/fazMediaAdCalibraIndicador.h:6:6:fazMediaAdCalibraIndicador	13
C:/Users/ENGENHARIA - GABRIEL/Documents/Caio/Projetos/PROJETOS VERSIONADOS/I-01-STM/INDICADOR I-01 STM/libC/hx711/fazMediaAdCalibraIndicador.h:98:6:rotacionaArrayInsere0Converte	6
C:/Users/ENGENHARIA - GABRIEL/Documents/Caio/Projetos/PROJETOS VERSIONADOS/I-01-STM/INDICADOR I-01 STM/seriais/funcoesTxSerial_1_1_5_2.h:10:6:iniciaVariaveisTxSerial_1	9
C:/Users/ENGENHARIA - GABRIEL/Documents/Caio/Projetos/PROJETOS VERSIONADOS/I-01-STM/INDICADOR I-01 STM/seriais/funcoesTxSerial_1_1_5_2.h:25:6:controleTxSerial_1	1
C:/Users/ENGENHARIA - GABRIEL/Documents/Caio/Projetos/PROJETOS VERSIONADOS/I-01-STM/INDICADOR I-01 STM/seriais/funcoesTxSerial_1_1_5_2.h:53:6:controleTxFrameSerial_1	18
C:/Users/ENGENHARIA - GABRIEL/Documents/Caio/Projetos/PROJETOS VERSIONADOS/I-01-STM/INDICADOR I-01 STM/seriais/funcoesTxSerial_1_1_5_2.h:221:6:iniciaTxSerial_1	1
C:/Users/ENGENHARIA - GABRIEL/Documents/Caio/Projetos/PROJETOS VERSIONADOS/I-01-STM/INDICADOR I-01 STM/seriais/funcoesTxSerial_1_1_5_2.h:230:6:tempoControleTransmiteFrameAutomatico	6
C:/Users/ENGENHARIA - GABRIEL/Documents/Caio/Projetos/PROJETOS VERSIONADOS/I-01-STM/INDICADOR I-01 STM/seriais/txSerial_2.h:10:6:trataErroSerial_2	1
C:/Users/ENGENHARIA - GABRIEL/Documents/Caio/Projetos/PROJETOS VERSIONADOS/I-01-STM/INDICADOR I-01 STM/seriais/txSerial_2.h:23:6:inicializaSerial_2	1
C:/Users/ENGENHARIA - GABRIEL/Documents/Caio/Projetos/PROJETOS VERSIONADOS/I-01-STM/INDICADOR I-01 STM/seriais/txSerial_2.h:61:6:controleTxFrameSerial_2	11
C:/Users/ENGENHARIA - GABRIEL/Documents/Caio/Projetos/PROJETOS VERSIONADOS/I-01-STM/INDICADOR I-01 STM/funcoes/acessaMenusProgramacao.h:5:6:funcaoAcessaMenusProgramacao	12
C:/Users/ENGENHARIA - GABRIEL/Documents/Caio/Projetos/PROJETOS VERSIONADOS/I-01-STM/INDICADOR I-01 STM/funcoes/acessaMenusProgramacao.h:82:6:telaAcessaMenuModoTecnicoIndicador	1
C:/Users/ENGENHARIA - GABRIEL/Documents/Caio/Projetos/PROJETOS VERSIONADOS/I-01-STM/INDICADOR I-01 STM/funcoes/acessaMenusProgramacao.h:111:6:telaAcessaMenuConfiguraSerial_1	1
C:/Users/ENGENHARIA - GABRIEL/Documents/Caio/Projetos/PROJETOS VERSIONADOS/I-01-STM/INDICADOR I-01 STM/funcoes/acessaMenusProgramacao.h:139:6:telaAcessaMenuFazCalibracao	1
C:/Users/ENGENHARIA - GABRIEL/Documents/Caio/Projetos/PROJETOS VERSIONADOS/I-01-STM/INDICADOR I-01 STM/funcoes/menuConfiguraSerial.h:5:6:funcaoMenusConfiguraSerial_1	51
C:/Users/ENGENHARIA - GABRIEL/Documents/Caio/Projetos/PROJETOS VERSIONADOS/I-01-STM/INDICADOR I-01 STM/funcoes/menuConfiguraSerial.h:253:6:telaMostraAtivaDesativaSerial_1	2
C:/Users/ENGENHARIA - GABRIEL/Documents/Caio/Projetos/PROJETOS VERSIONADOS/I-01-STM/INDICADOR I-01 STM/funcoes/menuConfiguraSerial.h:265:6:telaMostraProgVelocidadeSerial_1	9
C:/Users/ENGENHARIA - GABRIEL/Documents/Caio/Projetos/PROJETOS VERSIONADOS/I-01-STM/INDICADOR I-01 STM/funcoes/menuConfiguraSerial.h:303:6:telaMostraTipoPortaSerial_1	3
C:/Users/ENGENHARIA - GABRIEL/Documents/Caio/Projetos/PROJETOS VERSIONADOS/I-01-STM/INDICADOR I-01 STM/funcoes/menuConfiguraSerial.h:316:6:telaMostraTipoSaidaDadosSerial_1	4
C:/Users/ENGENHARIA - GABRIEL/Documents/Caio/Projetos/PROJETOS VERSIONADOS/I-01-STM/INDICADOR I-01 STM/funcoes/menuConfiguraSerial.h:330:6:telaMostraTipoSaidaDadosSerial_2	3
C:/Users/ENGENHARIA - GABRIEL/Documents/Caio/Projetos/PROJETOS VERSIONADOS/I-01-STM/INDICADOR I-01 STM/funcoes/menuConfiguraSerial.h:342:6:telaMostraEnderecoIndicador	1
C:/Users/ENGENHARIA - GABRIEL/Documents/Caio/Projetos/PROJETOS VERSIONADOS/I-01-STM/INDICADOR I-01 STM/funcoes/menuConfiguraSerial.h:353:6:telaMostraQtFramePorSegundo	1
C:/Users/ENGENHARIA - GABRIEL/Documents/Caio/Projetos/PROJETOS VERSIONADOS/I-01-STM/INDICADOR I-01 STM/funcoes/menuModoTecnicoIndicador.h:4:6:funcaoMenuModoTecnicoIndicador	36
C:/Users/ENGENHARIA - GABRIEL/Documents/Caio/Projetos/PROJETOS VERSIONADOS/I-01-STM/INDICADOR I-01 STM/funcoes/menuModoTecnicoIndicador.h:188:6:telaMostraProgramacaoLimiteZero	1
C:/Users/ENGENHARIA - GABRIEL/Documents/Caio/Projetos/PROJETOS VERSIONADOS/I-01-STM/INDICADOR I-01 STM/funcoes/menuModoTecnicoIndicador.h:201:6:telaValorFiltroDigitalModoTecnicoIndicador	3
C:/Users/ENGENHARIA - GABRIEL/Documents/Caio/Projetos/PROJETOS VERSIONADOS/I-01-STM/INDICADOR I-01 STM/funcoes/menuModoTecnicoIndicador.h:216:6:telaMostraProgramacaoStatusZeroLigarIndicador	2
C:/Users/ENGENHARIA - GABRIEL/Documents/Caio/Projetos/PROJETOS VERSIONADOS/I-01-STM/INDICADOR I-01 STM/funcoes/menuModoTecnicoIndicador.h:229:6:telaMostraProgramacaoModoFuncionamentoBackLight	4
C:/Users/ENGENHARIA - GABRIEL/Documents/Caio/Projetos/PROJETOS VERSIONADOS/I-01-STM/INDICADOR I-01 STM/funcoes/menuModoTecnicoIndicador.h:244:6:telaTempoBackLightLigado	2
C:/Users/ENGENHARIA - GABRIEL/Documents/Caio/Projetos/PROJETOS VERSIONADOS/I-01-STM/INDICADOR I-01 STM/controleModBusRtu/modBusRtu.h:19:6:controleTxFrameSerial_1ModBusRtu	1
C:/Users/ENGENHARIA - GABRIEL/Documents/Caio/Projetos/PROJETOS VERSIONADOS/I-01-STM/INDICADOR I-01 STM/controleModBusRtu/modBusRtu.h:51:6:rxSerialModBusRtu	2
C:/Users/ENGENHARIA - GABRIEL/Documents/Caio/Projetos/PROJETOS VERSIONADOS/I-01-STM/INDICADOR I-01 STM/controleModBusRtu/modBusRtu.h:69:6:trataFrameRxModBusRtu	5
C:/Users/ENGENHARIA - GABRIEL/Documents/Caio/Projetos/PROJETOS VERSIONADOS/I-01-STM/INDICADOR I-01 STM/controleModBusRtu/modBusRtu.h:111:6:trataModBusRtu	14
C:/Users/ENGENHARIA - GABRIEL/Documents/Caio/Projetos/PROJETOS VERSIONADOS/I-01-STM/INDICADOR I-01 STM/controleModBusRtu/modBusRtu.h:312:6:iniciaTxModbus	3
C:/Users/ENGENHARIA - GABRIEL/Documents/Caio/Projetos/PROJETOS VERSIONADOS/I-01-STM/INDICADOR I-01 STM/controleModBusRtu/modBusRtu.h:320:6:velocidadeSerial_1_115200Kbps	1
C:/Users/ENGENHARIA - GABRIEL/Documents/Caio/Projetos/PROJETOS VERSIONADOS/I-01-STM/INDICADOR I-01 STM/controleModBusRtu/modBusRtu.h:336:6:velocidadeSerial_1_57600Kbps	1
C:/Users/ENGENHARIA - GABRIEL/Documents/Caio/Projetos/PROJETOS VERSIONADOS/I-01-STM/INDICADOR I-01 STM/controleModBusRtu/modBusRtu.h:352:6:velocidadeSerial_1_38400Kbps	1
C:/Users/ENGENHARIA - GABRIEL/Documents/Caio/Projetos/PROJETOS VERSIONADOS/I-01-STM/INDICADOR I-01 STM/controleModBusRtu/modBusRtu.h:367:6:velocidadeSerial_1_19200Kbps	1
C:/Users/ENGENHARIA - GABRIEL/Documents/Caio/Projetos/PROJETOS VERSIONADOS/I-01-STM/INDICADOR I-01 STM/controleModBusRtu/modBusRtu.h:382:6:velocidadeSerial_1_9600Kbps	1
C:/Users/ENGENHARIA - GABRIEL/Documents/Caio/Projetos/PROJETOS VERSIONADOS/I-01-STM/INDICADOR I-01 STM/controleModBusRtu/modBusRtu.h:397:6:velocidadeSerial_1_4800Kbps	1
C:/Users/ENGENHARIA - GABRIEL/Documents/Caio/Projetos/PROJETOS VERSIONADOS/I-01-STM/INDICADOR I-01 STM/controleModBusRtu/modBusRtu.h:412:6:velocidadeSerial_1_2400Kbps	1
C:/Users/ENGENHARIA - GABRIEL/Documents/Caio/Projetos/PROJETOS VERSIONADOS/I-01-STM/INDICADOR I-01 STM/controleModBusRtu/modBusRtu.h:427:6:velocidadeSerial_1_1200Kbps	1
C:/Users/ENGENHARIA - GABRIEL/Documents/Caio/Projetos/PROJETOS VERSIONADOS/I-01-STM/INDICADOR I-01 STM/controleModBusRtu/modBusRtu.h:442:6:trataErroSerial_1	1
C:/Users/ENGENHARIA - GABRIEL/Documents/Caio/Projetos/PROJETOS VERSIONADOS/I-01-STM/INDICADOR I-01 STM/controleModBusRtu/trataModBusRtu.h:5:6:funcaoValoresTxModBusRtu	2
C:/Users/ENGENHARIA - GABRIEL/Documents/Caio/Projetos/PROJETOS VERSIONADOS/I-01-STM/INDICADOR I-01 STM/controleModBusRtu/trataModBusRtu.h:18:6:funcaoLeituraDadosMemoriaModBusRtu	4
C:/Users/ENGENHARIA - GABRIEL/Documents/Caio/Projetos/PROJETOS VERSIONADOS/I-01-STM/INDICADOR I-01 STM/controleModBusRtu/trataModBusRtu.h:74:6:funcaoVerificaSalvaModBusRtu	22
C:/Users/ENGENHARIA - GABRIEL/Documents/Caio/Projetos/PROJETOS VERSIONADOS/I-01-STM/INDICADOR I-01 STM/controleModBusRtu/trataModBusRtu.h:149:6:transformaPesoParaPadraoModbus	2
C:/Users/ENGENHARIA - GABRIEL/Documents/Caio/Projetos/PROJETOS VERSIONADOS/I-01-STM/INDICADOR I-01 STM/controleModBusRtu/trataModBusRtu.h:168:6:rotacionaArrayInsere0ConverteParaInteiroModBus	1
C:/Users/ENGENHARIA - GABRIEL/Documents/Caio/Projetos/PROJETOS VERSIONADOS/I-01-STM/INDICADOR I-01 STM/funcoes/decodificaTecladoIndicador_I01.h:12:6:inicializaDecodificaTeclado	1
C:/Users/ENGENHARIA - GABRIEL/Documents/Caio/Projetos/PROJETOS VERSIONADOS/I-01-STM/INDICADOR I-01 STM/funcoes/decodificaTecladoIndicador_I01.h:21:6:metodoDecodificaTeclado	24
C:/Users/ENGENHARIA - GABRIEL/Documents/Caio/Projetos/PROJETOS VERSIONADOS/I-01-STM/INDICADOR I-01 STM/funcoes/decodificaTecladoIndicador_I01.h:144:6:metodoValidaTeclaPresionada	5
C:/Users/ENGENHARIA - GABRIEL/Documents/Caio/Projetos/PROJETOS VERSIONADOS/I-01-STM/INDICADOR I-01 STM/funcoes/decodificaTecladoIndicador_I01.h:179:6:verificaLigaDesligaExterno	5
C:/Users/ENGENHARIA - GABRIEL/Documents/Caio/Projetos/PROJETOS VERSIONADOS/I-01-STM/INDICADOR I-01 STM/funcoes/decodificaTecladoIndicador_I01.h:207:6:verificaComandoZeroExterno	6
C:/Users/ENGENHARIA - GABRIEL/Documents/Caio/Projetos/PROJETOS VERSIONADOS/I-01-STM/INDICADOR I-01 STM/funcoes/decodificaTecladoIndicador_I01.h:235:6:verificaComandoTaraExterno	7
C:/Users/ENGENHARIA - GABRIEL/Documents/Caio/Projetos/PROJETOS VERSIONADOS/I-01-STM/INDICADOR I-01 STM/funcoes/decodificaTecladoIndicador_I01.h:275:6:verificaComandoPrintExterno	7
C:/Users/ENGENHARIA - GABRIEL/Documents/Caio/Projetos/PROJETOS VERSIONADOS/I-01-STM/INDICADOR I-01 STM/funcoes/decodificaTecladoIndicador_I01.h:311:6:ledZeroTaraDireto	6
C:/Users/ENGENHARIA - GABRIEL/Documents/Caio/Projetos/PROJETOS VERSIONADOS/I-01-STM/INDICADOR I-01 STM/eeprom/eepromRead.h:10:6:le_i2c	1
C:/Users/ENGENHARIA - GABRIEL/Documents/Caio/Projetos/PROJETOS VERSIONADOS/I-01-STM/INDICADOR I-01 STM/eeprom/eepromRead.h:52:6:leituraI2c_Default	2
C:/Users/ENGENHARIA - GABRIEL/Documents/Caio/Projetos/PROJETOS VERSIONADOS/I-01-STM/INDICADOR I-01 STM/eeprom/eepromRead.h:67:6:TimerReadi2c	3
C:/Users/ENGENHARIA - GABRIEL/Documents/Caio/Projetos/PROJETOS VERSIONADOS/I-01-STM/INDICADOR I-01 STM/eeprom/eepromSave.h:9:6:salvaStatusFuncionamentoTxSerial_1Mem	1
C:/Users/ENGENHARIA - GABRIEL/Documents/Caio/Projetos/PROJETOS VERSIONADOS/I-01-STM/INDICADOR I-01 STM/eeprom/eepromSave.h:18:6:salvaVelocidadeTxSerial_1Mem	1
C:/Users/ENGENHARIA - GABRIEL/Documents/Caio/Projetos/PROJETOS VERSIONADOS/I-01-STM/INDICADOR I-01 STM/eeprom/eepromSave.h:27:6:salvaStatusSaidaPortaSerial_1Mem	1
C:/Users/ENGENHARIA - GABRIEL/Documents/Caio/Projetos/PROJETOS VERSIONADOS/I-01-STM/INDICADOR I-01 STM/eeprom/eepromSave.h:36:6:salvaStatusSaidaDadosSerial_1Mem	1
C:/Users/ENGENHARIA - GABRIEL/Documents/Caio/Projetos/PROJETOS VERSIONADOS/I-01-STM/INDICADOR I-01 STM/eeprom/eepromSave.h:45:6:salvaStatusSaidaDadosSerial_2Mem	1
C:/Users/ENGENHARIA - GABRIEL/Documents/Caio/Projetos/PROJETOS VERSIONADOS/I-01-STM/INDICADOR I-01 STM/eeprom/eepromSave.h:53:6:salvaEnderecoIndicadorMem	1
C:/Users/ENGENHARIA - GABRIEL/Documents/Caio/Projetos/PROJETOS VERSIONADOS/I-01-STM/INDICADOR I-01 STM/eeprom/eepromSave.h:62:6:salvaQtFramePorSegundoMem	1
C:/Users/ENGENHARIA - GABRIEL/Documents/Caio/Projetos/PROJETOS VERSIONADOS/I-01-STM/INDICADOR I-01 STM/eeprom/eepromSave.h:71:6:preparaSalvaStatusPowerOnMem	1
C:/Users/ENGENHARIA - GABRIEL/Documents/Caio/Projetos/PROJETOS VERSIONADOS/I-01-STM/INDICADOR I-01 STM/eeprom/eepromSave.h:80:6:salvaStatusTransmisaoAutomaticoMem	1
C:/Users/ENGENHARIA - GABRIEL/Documents/Caio/Projetos/PROJETOS VERSIONADOS/I-01-STM/INDICADOR I-01 STM/eeprom/eepromSave.h:88:6:salvaModoFuncionamentoBackLightMem	1
C:/Users/ENGENHARIA - GABRIEL/Documents/Caio/Projetos/PROJETOS VERSIONADOS/I-01-STM/INDICADOR I-01 STM/eeprom/eepromSave.h:97:6:salvaTempoDesligaBackLightMem	1
C:/Users/ENGENHARIA - GABRIEL/Documents/Caio/Projetos/PROJETOS VERSIONADOS/I-01-STM/INDICADOR I-01 STM/eeprom/eepromSave.h:106:6:salvaStatusZeroPowerMem	1
C:/Users/ENGENHARIA - GABRIEL/Documents/Caio/Projetos/PROJETOS VERSIONADOS/I-01-STM/INDICADOR I-01 STM/eeprom/eepromSave.h:112:6:salvaValorLimiteDeZeroMem	1
C:/Users/ENGENHARIA - GABRIEL/Documents/Caio/Projetos/PROJETOS VERSIONADOS/I-01-STM/INDICADOR I-01 STM/eeprom/eepromSave.h:118:6:salvaValorFiltroDigitalMem	1
C:/Users/ENGENHARIA - GABRIEL/Documents/Caio/Projetos/PROJETOS VERSIONADOS/I-01-STM/INDICADOR I-01 STM/eeprom/eepromSave.h:124:6:salvaPosicaoPontoDecimalIndicadorMem	1
C:/Users/ENGENHARIA - GABRIEL/Documents/Caio/Projetos/PROJETOS VERSIONADOS/I-01-STM/INDICADOR I-01 STM/eeprom/eepromSave.h:130:6:salvaPosicaoDegrauIndicadorMem	1
C:/Users/ENGENHARIA - GABRIEL/Documents/Caio/Projetos/PROJETOS VERSIONADOS/I-01-STM/INDICADOR I-01 STM/eeprom/eepromSave.h:136:6:salvaPesoCapacidadeMaxIndicadorMem	1
C:/Users/ENGENHARIA - GABRIEL/Documents/Caio/Projetos/PROJETOS VERSIONADOS/I-01-STM/INDICADOR I-01 STM/eeprom/eepromSave.h:142:6:salvaPesoCalibracaoIndicadorMem	1
C:/Users/ENGENHARIA - GABRIEL/Documents/Caio/Projetos/PROJETOS VERSIONADOS/I-01-STM/INDICADOR I-01 STM/eeprom/eepromSave.h:148:6:salvaValorAdZeroIndicadorMem	1
C:/Users/ENGENHARIA - GABRIEL/Documents/Caio/Projetos/PROJETOS VERSIONADOS/I-01-STM/INDICADOR I-01 STM/eeprom/eepromSave.h:154:6:salvaValorDivisaoIndicadorMem	1
C:/Users/ENGENHARIA - GABRIEL/Documents/Caio/Projetos/PROJETOS VERSIONADOS/I-01-STM/INDICADOR I-01 STM/funcoes/funcaoDwin.h:1:6:ocultaPesoDwin	6
C:/Users/ENGENHARIA - GABRIEL/Documents/Caio/Projetos/PROJETOS VERSIONADOS/I-01-STM/INDICADOR I-01 STM/funcoes/funcaoDwin.h:47:6:mostraPesoDwin	10
C:/Users/ENGENHARIA - GABRIEL/Documents/Caio/Projetos/PROJETOS VERSIONADOS/I-01-STM/INDICADOR I-01 STM/funcoes/funcaoDwin.h:129:6:limpaLinha2Dwin	1
C:/Users/ENGENHARIA - GABRIEL/Documents/Caio/Projetos/PROJETOS VERSIONADOS/I-01-STM/INDICADOR I-01 STM/funcoes/funcaoDwin.h:135:6:transfereCaracterLcdLinha1Dwin	4
C:/Users/ENGENHARIA - GABRIEL/Documents/Caio/Projetos/PROJETOS VERSIONADOS/I-01-STM/INDICADOR I-01 STM/funcoes/funcaoDwin.h:150:6:transfereCaracterLcdLinha2Dwin	4
C:/Users/ENGENHARIA - GABRIEL/Documents/Caio/Projetos/PROJETOS VERSIONADOS/I-01-STM/INDICADOR I-01 STM/funcoes/funcaoDwin.h:165:6:transfereCaracterLcdMenu1Dwin	4
C:/Users/ENGENHARIA - GABRIEL/Documents/Caio/Projetos/PROJETOS VERSIONADOS/I-01-STM/INDICADOR I-01 STM/funcoes/funcaoDwin.h:179:6:transfereCaracterLcdMenu2Dwin	4
C:/Users/ENGENHARIA - GABRIEL/Documents/Caio/Projetos/PROJETOS VERSIONADOS/I-01-STM/INDICADOR I-01 STM/funcoes/funcaoDwin.h:193:6:zeraTelaInicio	1
../Core/Src/main.c:81:5:main	1
../Core/Src/main.c:136:6:SystemClock_Config	3
../Core/Src/main.c:175:13:MX_I2C1_Init	2
../Core/Src/main.c:209:13:MX_TIM2_Init	4
../Core/Src/main.c:254:13:MX_TIM3_Init	4
../Core/Src/main.c:299:13:MX_UART4_Init	2
../Core/Src/main.c:332:13:MX_UART5_Init	2
../Core/Src/main.c:365:13:MX_USART1_UART_Init	2
../Core/Src/main.c:398:13:MX_USART2_UART_Init	2
../Core/Src/main.c:431:13:MX_USART3_UART_Init	2
../Core/Src/main.c:464:13:MX_GPIO_Init	1
../Core/Src/main.c:560:6:HAL_TIM_PeriodElapsedCallback	5
../Core/Src/main.c:580:6:HAL_UART_RxCpltCallback	7
../Core/Src/main.c:610:6:HAL_UART_TxCpltCallback	5
../Core/Src/main.c:649:6:Error_Handler	1
