C:/Users/ENGENHARIA - GABRIEL/Documents/Caio/Projetos/PROJETOS VERSIONADOS/I-01-STM/INDICADOR I-01 STM/libC/funcoes/DWIN.c:28:6:dwinUartDmaInit	16	static
C:/Users/ENGENHARIA - GABRIEL/Documents/Caio/Projetos/PROJETOS VERSIONADOS/I-01-STM/INDICADOR I-01 STM/libC/funcoes/DWIN.c:45:9:getByte	16	static
C:/Users/ENGENHARIA - GABRIEL/Documents/Caio/Projetos/PROJETOS VERSIONADOS/I-01-STM/INDICADOR I-01 STM/libC/funcoes/DWIN.c:63:6:receivingDataPacket	16	static
C:/Users/ENGENHARIA - GABRIEL/Documents/Caio/Projetos/PROJETOS VERSIONADOS/I-01-STM/INDICADOR I-01 STM/libC/funcoes/DWIN.c:111:6:parsingDWIN	16	static
C:/Users/ENGENHARIA - GABRIEL/Documents/Caio/Projetos/PROJETOS VERSIONADOS/I-01-STM/INDICADOR I-01 STM/libC/funcoes/DWIN.c:131:6:waitOkMessageDWIN	16	static
C:/Users/ENGENHARIA - GABRIEL/Documents/Caio/Projetos/PROJETOS VERSIONADOS/I-01-STM/INDICADOR I-01 STM/libC/funcoes/DWIN.c:146:6:goToPageDWIN	32	static
C:/Users/ENGENHARIA - GABRIEL/Documents/Caio/Projetos/PROJETOS VERSIONADOS/I-01-STM/INDICADOR I-01 STM/libC/funcoes/DWIN.c:156:6:readVariableDWIN	32	static
C:/Users/ENGENHARIA - GABRIEL/Documents/Caio/Projetos/PROJETOS VERSIONADOS/I-01-STM/INDICADOR I-01 STM/libC/funcoes/DWIN.c:166:6:writeLedDWIN	32	static
C:/Users/ENGENHARIA - GABRIEL/Documents/Caio/Projetos/PROJETOS VERSIONADOS/I-01-STM/INDICADOR I-01 STM/libC/funcoes/DWIN.c:184:6:writeVariableDWIN	272	static
C:/Users/ENGENHARIA - GABRIEL/Documents/Caio/Projetos/PROJETOS VERSIONADOS/I-01-STM/INDICADOR I-01 STM/libC/funcoes/DWIN.c:205:6:writeHalfWordDWIN	32	static
C:/Users/ENGENHARIA - GABRIEL/Documents/Caio/Projetos/PROJETOS VERSIONADOS/I-01-STM/INDICADOR I-01 STM/libC/funcoes/DWIN.c:223:6:writeWordDWIN	32	static
C:/Users/ENGENHARIA - GABRIEL/Documents/Caio/Projetos/PROJETOS VERSIONADOS/I-01-STM/INDICADOR I-01 STM/libC/funcoes/DWIN.c:243:6:writeDoubleWordDWIN	40	static
C:/Users/ENGENHARIA - GABRIEL/Documents/Caio/Projetos/PROJETOS VERSIONADOS/I-01-STM/INDICADOR I-01 STM/libC/funcoes/DWIN.c:269:6:writeOneCurveDWIN	272	static
C:/Users/ENGENHARIA - GABRIEL/Documents/Caio/Projetos/PROJETOS VERSIONADOS/I-01-STM/INDICADOR I-01 STM/libC/funcoes/DWIN.c:298:9:writeCurveDWIN	272	static
