Archive member included to satisfy reference by file (symbol)

C:/ST/STM32CubeIDE_1.10.1/STM32CubeIDE/plugins/com.st.stm32cube.ide.mcu.externaltools.gnu-tools-for-stm32.11.3.rel1.win32_1.1.100.202309141235/tools/bin/../lib/gcc/arm-none-eabi/11.3.1/../../../../arm-none-eabi/lib/thumb/v7-m/nofp\libc_nano.a(libc_a-atof.o)
                              ./Core/Src/main.o (atof)
C:/ST/STM32CubeIDE_1.10.1/STM32CubeIDE/plugins/com.st.stm32cube.ide.mcu.externaltools.gnu-tools-for-stm32.11.3.rel1.win32_1.1.100.202309141235/tools/bin/../lib/gcc/arm-none-eabi/11.3.1/../../../../arm-none-eabi/lib/thumb/v7-m/nofp\libc_nano.a(libc_a-atol.o)
                              ./Core/Src/main.o (atol)
C:/ST/STM32CubeIDE_1.10.1/STM32CubeIDE/plugins/com.st.stm32cube.ide.mcu.externaltools.gnu-tools-for-stm32.11.3.rel1.win32_1.1.100.202309141235/tools/bin/../lib/gcc/arm-none-eabi/11.3.1/../../../../arm-none-eabi/lib/thumb/v7-m/nofp\libc_nano.a(libc_a-exit.o)
                              C:/ST/STM32CubeIDE_1.10.1/STM32CubeIDE/plugins/com.st.stm32cube.ide.mcu.externaltools.gnu-tools-for-stm32.11.3.rel1.win32_1.1.100.202309141235/tools/bin/../lib/gcc/arm-none-eabi/11.3.1/../../../../arm-none-eabi/lib/thumb/v7-m/nofp/crt0.o (exit)
C:/ST/STM32CubeIDE_1.10.1/STM32CubeIDE/plugins/com.st.stm32cube.ide.mcu.externaltools.gnu-tools-for-stm32.11.3.rel1.win32_1.1.100.202309141235/tools/bin/../lib/gcc/arm-none-eabi/11.3.1/../../../../arm-none-eabi/lib/thumb/v7-m/nofp\libc_nano.a(libc_a-strtod.o)
                              C:/ST/STM32CubeIDE_1.10.1/STM32CubeIDE/plugins/com.st.stm32cube.ide.mcu.externaltools.gnu-tools-for-stm32.11.3.rel1.win32_1.1.100.202309141235/tools/bin/../lib/gcc/arm-none-eabi/11.3.1/../../../../arm-none-eabi/lib/thumb/v7-m/nofp\libc_nano.a(libc_a-atof.o) (strtod)
C:/ST/STM32CubeIDE_1.10.1/STM32CubeIDE/plugins/com.st.stm32cube.ide.mcu.externaltools.gnu-tools-for-stm32.11.3.rel1.win32_1.1.100.202309141235/tools/bin/../lib/gcc/arm-none-eabi/11.3.1/../../../../arm-none-eabi/lib/thumb/v7-m/nofp\libc_nano.a(libc_a-strtol.o)
                              C:/ST/STM32CubeIDE_1.10.1/STM32CubeIDE/plugins/com.st.stm32cube.ide.mcu.externaltools.gnu-tools-for-stm32.11.3.rel1.win32_1.1.100.202309141235/tools/bin/../lib/gcc/arm-none-eabi/11.3.1/../../../../arm-none-eabi/lib/thumb/v7-m/nofp\libc_nano.a(libc_a-atol.o) (_strtol_r)
C:/ST/STM32CubeIDE_1.10.1/STM32CubeIDE/plugins/com.st.stm32cube.ide.mcu.externaltools.gnu-tools-for-stm32.11.3.rel1.win32_1.1.100.202309141235/tools/bin/../lib/gcc/arm-none-eabi/11.3.1/../../../../arm-none-eabi/lib/thumb/v7-m/nofp\libc_nano.a(libc_a-ctype_.o)
                              C:/ST/STM32CubeIDE_1.10.1/STM32CubeIDE/plugins/com.st.stm32cube.ide.mcu.externaltools.gnu-tools-for-stm32.11.3.rel1.win32_1.1.100.202309141235/tools/bin/../lib/gcc/arm-none-eabi/11.3.1/../../../../arm-none-eabi/lib/thumb/v7-m/nofp\libc_nano.a(libc_a-strtol.o) (_ctype_)
C:/ST/STM32CubeIDE_1.10.1/STM32CubeIDE/plugins/com.st.stm32cube.ide.mcu.externaltools.gnu-tools-for-stm32.11.3.rel1.win32_1.1.100.202309141235/tools/bin/../lib/gcc/arm-none-eabi/11.3.1/../../../../arm-none-eabi/lib/thumb/v7-m/nofp\libc_nano.a(libc_a-findfp.o)
                              C:/ST/STM32CubeIDE_1.10.1/STM32CubeIDE/plugins/com.st.stm32cube.ide.mcu.externaltools.gnu-tools-for-stm32.11.3.rel1.win32_1.1.100.202309141235/tools/bin/../lib/gcc/arm-none-eabi/11.3.1/../../../../arm-none-eabi/lib/thumb/v7-m/nofp\libc_nano.a(libc_a-exit.o) (__stdio_exit_handler)
C:/ST/STM32CubeIDE_1.10.1/STM32CubeIDE/plugins/com.st.stm32cube.ide.mcu.externaltools.gnu-tools-for-stm32.11.3.rel1.win32_1.1.100.202309141235/tools/bin/../lib/gcc/arm-none-eabi/11.3.1/../../../../arm-none-eabi/lib/thumb/v7-m/nofp\libc_nano.a(libc_a-fwalk.o)
                              C:/ST/STM32CubeIDE_1.10.1/STM32CubeIDE/plugins/com.st.stm32cube.ide.mcu.externaltools.gnu-tools-for-stm32.11.3.rel1.win32_1.1.100.202309141235/tools/bin/../lib/gcc/arm-none-eabi/11.3.1/../../../../arm-none-eabi/lib/thumb/v7-m/nofp\libc_nano.a(libc_a-findfp.o) (_fwalk_sglue)
C:/ST/STM32CubeIDE_1.10.1/STM32CubeIDE/plugins/com.st.stm32cube.ide.mcu.externaltools.gnu-tools-for-stm32.11.3.rel1.win32_1.1.100.202309141235/tools/bin/../lib/gcc/arm-none-eabi/11.3.1/../../../../arm-none-eabi/lib/thumb/v7-m/nofp\libc_nano.a(libc_a-sprintf.o)
                              ./Core/funcoes/ftoa.o (sprintf)
C:/ST/STM32CubeIDE_1.10.1/STM32CubeIDE/plugins/com.st.stm32cube.ide.mcu.externaltools.gnu-tools-for-stm32.11.3.rel1.win32_1.1.100.202309141235/tools/bin/../lib/gcc/arm-none-eabi/11.3.1/../../../../arm-none-eabi/lib/thumb/v7-m/nofp\libc_nano.a(libc_a-stdio.o)
                              C:/ST/STM32CubeIDE_1.10.1/STM32CubeIDE/plugins/com.st.stm32cube.ide.mcu.externaltools.gnu-tools-for-stm32.11.3.rel1.win32_1.1.100.202309141235/tools/bin/../lib/gcc/arm-none-eabi/11.3.1/../../../../arm-none-eabi/lib/thumb/v7-m/nofp\libc_nano.a(libc_a-findfp.o) (__sread)
[...]
Memory Configuration

Name             Origin             Length             Attributes
RAM              0x0000000020000000 0x000000000000c000 xrw
FLASH            0x0000000008000000 0x0000000000040000 xr
*default*        0x0000000000000000 0xffffffffffffffff

Linker script and memory map

LOAD C:/ST/STM32CubeIDE_1.10.1/STM32CubeIDE/plugins/com.st.stm32cube.ide.mcu.externaltools.gnu-tools-for-stm32.11.3.rel1.win32_1.1.100.202309141235/tools/bin/../lib/gcc/arm-none-eabi/11.3.1/thumb/v7-m/nofp/crti.o
LOAD C:/ST/STM32CubeIDE_1.10.1/STM32CubeIDE/plugins/com.st.stm32cube.ide.mcu.externaltools.gnu-tools-for-stm32.11.3.rel1.win32_1.1.100.202309141235/tools/bin/../lib/gcc/arm-none-eabi/11.3.1/thumb/v7-m/nofp/crtbegin.o
LOAD C:/ST/STM32CubeIDE_1.10.1/STM32CubeIDE/plugins/com.st.stm32cube.ide.mcu.externaltools.gnu-tools-for-stm32.11.3.rel1.win32_1.1.100.202309141235/tools/bin/../lib/gcc/arm-none-eabi/11.3.1/../../../../arm-none-eabi/lib/thumb/v7-m/nofp/crt0.o
LOAD ./Core/Src/main.o
LOAD ./Core/Src/stm32f1xx_hal_msp.o
LOAD ./Core/Src/stm32f1xx_it.o
LOAD ./Core/Src/syscalls.o
LOAD ./Core/Src/sysmem.o
LOAD ./Core/Src/system_stm32f1xx.o
LOAD ./Core/Startup/startup_stm32f103rctx.o
LOAD ./Core/funcoes/DWIN.o
LOAD ./Core/funcoes/calculoCks.o
LOAD ./Core/funcoes/carregaArrayComEspacoAscii.o
LOAD ./Core/funcoes/carregaArrayComZeroAscii.o
LOAD ./Core/funcoes/carregaArrayComZeroDecimal.o
LOAD ./Core/funcoes/comparaValoresArray.o
LOAD ./Core/funcoes/converteArrayAsciiParaDecimal.o
LOAD ./Core/funcoes/converteArrayDecimalParaAscii.o
LOAD ./Core/funcoes/converteHexadecimalParaAscii.o
LOAD ./Core/funcoes/flashh.o
LOAD ./Core/funcoes/ftoa.o
LOAD ./Core/funcoes/inserePontoDecimal.o
LOAD ./Core/funcoes/inteiroTo2BytesAscii.o
LOAD ./Core/funcoes/inteiroTo3BytesAscii.o
LOAD ./Core/funcoes/pesoGramaDecimalToPesoKgAscii.o
LOAD ./Core/funcoes/pesoKgAsciiToPesoGramaDecimal.o
LOAD ./Core/funcoes/somaValorArray.o
LOAD ./Core/funcoes/transfereArrayToArray.o
LOAD ./Core/funcoes/transfereArrayToArrayInvertido.o
LOAD ./Core/funcoes/transfereConstToArray.o
LOAD ./Core/funcoes/transfereConstToArrayLoop.o
LOAD ./Core/funcoes/trataBytesValidosPeso.o
LOAD ./Core/funcoes/verificaValorArrayIgualZeroAscii.o
LOAD ./Core/funcoes/zeroAsciiEsquerdaToVazioAscii.o
LOAD ./Drivers/STM32F1xx_HAL_Driver/Src/stm32f1xx_hal.o
LOAD ./Drivers/STM32F1xx_HAL_Driver/Src/stm32f1xx_hal_cortex.o
LOAD ./Drivers/STM32F1xx_HAL_Driver/Src/stm32f1xx_hal_dma.o
LOAD ./Drivers/STM32F1xx_HAL_Driver/Src/stm32f1xx_hal_exti.o
LOAD ./Drivers/STM32F1xx_HAL_Driver/Src/stm32f1xx_hal_flash.o
LOAD ./Drivers/STM32F1xx_HAL_Driver/Src/stm32f1xx_hal_flash_ex.o
LOAD ./Drivers/STM32F1xx_HAL_Driver/Src/stm32f1xx_hal_gpio.o
LOAD ./Drivers/STM32F1xx_HAL_Driver/Src/stm32f1xx_hal_gpio_ex.o
LOAD ./Drivers/STM32F1xx_HAL_Driver/Src/stm32f1xx_hal_i2c.o
LOAD ./Drivers/STM32F1xx_HAL_Driver/Src/stm32f1xx_hal_pwr.o
LOAD ./Drivers/STM32F1xx_HAL_Driver/Src/stm32f1xx_hal_rcc.o
LOAD ./Drivers/STM32F1xx_HAL_Driver/Src/stm32f1xx_hal_rcc_ex.o
LOAD ./Drivers/STM32F1xx_HAL_Driver/Src/stm32f1xx_hal_tim.o
LOAD ./Drivers/STM32F1xx_HAL_Driver/Src/stm32f1xx_hal_tim_ex.o
LOAD ./Drivers/STM32F1xx_HAL_Driver/Src/stm32f1xx_hal_uart.o
START GROUP
LOAD C:/ST/STM32CubeIDE_1.10.1/STM32CubeIDE/plugins/com.st.stm32cube.ide.mcu.externaltools.gnu-tools-for-stm32.11.3.rel1.win32_1.1.100.202309141235/tools/bin/../lib/gcc/arm-none-eabi/11.3.1/../../../../arm-none-eabi/lib/thumb/v7-m/nofp\libc_nano.a
LOAD C:/ST/STM32CubeIDE_1.10.1/STM32CubeIDE/plugins/com.st.stm32cube.ide.mcu.externaltools.gnu-tools-for-stm32.11.3.rel1.win32_1.1.100.202309141235/tools/bin/../lib/gcc/arm-none-eabi/11.3.1/../../../../arm-none-eabi/lib/thumb/v7-m/nofp\libm.a
END GROUP
START GROUP
LOAD C:/ST/STM32CubeIDE_1.10.1/STM32CubeIDE/plugins/com.st.stm32cube.ide.mcu.externaltools.gnu-tools-for-stm32.11.3.rel1.win32_1.1.100.202309141235/tools/bin/../lib/gcc/arm-none-eabi/11.3.1/thumb/v7-m/nofp\libgcc.a
LOAD C:/ST/STM32CubeIDE_1.10.1/STM32CubeIDE/plugins/com.st.stm32cube.ide.mcu.externaltools.gnu-tools-for-stm32.11.3.rel1.win32_1.1.100.202309141235/tools/bin/../lib/gcc/arm-none-eabi/11.3.1/../../../../arm-none-eabi/lib/thumb/v7-m/nofp\libc_nano.a
END GROUP
START GROUP
LOAD C:/ST/STM32CubeIDE_1.10.1/STM32CubeIDE/plugins/com.st.stm32cube.ide.mcu.externaltools.gnu-tools-for-stm32.11.3.rel1.win32_1.1.100.202309141235/tools/bin/../lib/gcc/arm-none-eabi/11.3.1/thumb/v7-m/nofp\libgcc.a
LOAD C:/ST/STM32CubeIDE_1.10.1/STM32CubeIDE/plugins/com.st.stm32cube.ide.mcu.externaltools.gnu-tools-for-stm32.11.3.rel1.win32_1.1.100.202309141235/tools/bin/../lib/gcc/arm-none-eabi/11.3.1/../../../../arm-none-eabi/lib/thumb/v7-m/nofp\libc_nano.a
LOAD C:/ST/STM32CubeIDE_1.10.1/STM32CubeIDE/plugins/com.st.stm32cube.ide.mcu.externaltools.gnu-tools-for-stm32.11.3.rel1.win32_1.1.100.202309141235/tools/bin/../lib/gcc/arm-none-eabi/11.3.1/../../../../arm-none-eabi/lib/thumb/v7-m/nofp\libnosys.a
END GROUP
START GROUP
LOAD C:/ST/STM32CubeIDE_1.10.1/STM32CubeIDE/plugins/com.st.stm32cube.ide.mcu.externaltools.gnu-tools-for-stm32.11.3.rel1.win32_1.1.100.202309141235/tools/bin/../lib/gcc/arm-none-eabi/11.3.1/thumb/v7-m/nofp\libgcc.a
LOAD C:/ST/STM32CubeIDE_1.10.1/STM32CubeIDE/plugins/com.st.stm32cube.ide.mcu.externaltools.gnu-tools-for-stm32.11.3.rel1.win32_1.1.100.202309141235/tools/bin/../lib/gcc/arm-none-eabi/11.3.1/../../../../arm-none-eabi/lib/thumb/v7-m/nofp\libc_nano.a
LOAD C:/ST/STM32CubeIDE_1.10.1/STM32CubeIDE/plugins/com.st.stm32cube.ide.mcu.externaltools.gnu-tools-for-stm32.11.3.rel1.win32_1.1.100.202309141235/tools/bin/../lib/gcc/arm-none-eabi/11.3.1/../../../../arm-none-eabi/lib/thumb/v7-m/nofp\libnosys.a
END GROUP
LOAD C:/ST/STM32CubeIDE_1.10.1/STM32CubeIDE/plugins/com.st.stm32cube.ide.mcu.externaltools.gnu-tools-for-stm32.11.3.rel1.win32_1.1.100.202309141235/tools/bin/../lib/gcc/arm-none-eabi/11.3.1/thumb/v7-m/nofp/crtend.o
LOAD C:/ST/STM32CubeIDE_1.10.1/STM32CubeIDE/plugins/com.st.stm32cube.ide.mcu.externaltools.gnu-tools-for-stm32.11.3.rel1.win32_1.1.100.202309141235/tools/bin/../lib/gcc/arm-none-eabi/11.3.1/thumb/v7-m/nofp/crtn.o
                0x000000002000c000                _estack = (ORIGIN (RAM) + LENGTH (RAM))
                0x0000000000000200                _Min_Heap_Size = 0x200
                0x0000000000000400                _Min_Stack_Size = 0x400

.isr_vector     0x0000000008000000      0x1e4
                0x0000000008000000                . = ALIGN (0x4)
 *(.isr_vector)
 .isr_vector    0x0000000008000000      0x1e4 ./Core/Startup/startup_stm32f103rctx.o
                0x0000000008000000                g_pfnVectors
                0x00000000080001e4                . = ALIGN (0x4)

.text           0x00000000080001e8     0xf8b4
                0x00000000080001e8                . = ALIGN (0x4)
 *(.text)
 .text          0x00000000080001e8       0x40 C:/ST/STM32CubeIDE_1.10.1/STM32CubeIDE/plugins/com.st.stm32cube.ide.mcu.externaltools.gnu-tools-for-stm32.11.3.rel1.win32_1.1.100.202309141235/tools/bin/../lib/gcc/arm-none-eabi/11.3.1/thumb/v7-m/nofp/crtbegin.o
 .text          0x0000000008000228      0x378 C:/ST/STM32CubeIDE_1.10.1/STM32CubeIDE/plugins/com.st.stm32cube.ide.mcu.externaltools.gnu-tools-for-stm32.11.3.rel1.win32_1.1.100.202309141235/tools/bin/../lib/gcc/arm-none-eabi/11.3.1/thumb/v7-m/nofp\libgcc.a(_arm_addsubdf3.o)
                0x0000000008000228                __aeabi_drsub
                0x0000000008000230                __aeabi_dsub
                0x0000000008000230                __subdf3
                0x0000000008000234                __aeabi_dadd
                0x0000000008000234                __adddf3
                0x00000000080004ac                __floatunsidf
                0x00000000080004ac                __aeabi_ui2d
                0x00000000080004cc                __floatsidf
                0x00000000080004cc                __aeabi_i2d
                0x00000000080004f0                __aeabi_f2d
                0x00000000080004f0                __extendsfdf2
                0x0000000008000534                __floatundidf
                0x0000000008000534                __aeabi_ul2d
                0x0000000008000544                __floatdidf
                0x0000000008000544                __aeabi_l2d
 .text          0x00000000080005a0      0x424 C:/ST/STM32CubeIDE_1.10.1/STM32CubeIDE/plugins/com.st.stm32cube.ide.mcu.externaltools.gnu-tools-for-stm32.11.3.rel1.win32_1.1.100.202309141235/tools/bin/../lib/gcc/arm-none-eabi/11.3.1/thumb/v7-m/nofp\libgcc.a(_arm_muldivdf3.o)
                0x00000000080005a0                __aeabi_dmul
                0x00000000080005a0                __muldf3
                0x00000000080007f4                __divdf3
                0x00000000080007f4                __aeabi_ddiv
 .text          0x00000000080009c4      0x110 C:/ST/STM32CubeIDE_1.10.1/STM32CubeIDE/plugins/com.st.stm32cube.ide.mcu.externaltools.gnu-tools-for-stm32.11.3.rel1.win32_1.1.100.202309141235/tools/bin/../lib/gcc/arm-none-eabi/11.3.1/thumb/v7-m/nofp\libgcc.a(_arm_cmpdf2.o)
                0x00000000080009c4                __gtdf2
                0x00000000080009c4                __gedf2
                0x00000000080009cc                __ltdf2
                0x00000000080009cc                __ledf2
                0x00000000080009d4                __nedf2
                0x00000000080009d4                __eqdf2
                0x00000000080009d4                __cmpdf2
                0x0000000008000a50                __aeabi_cdrcmple
                0x0000000008000a60                __aeabi_cdcmpeq
                0x0000000008000a60                __aeabi_cdcmple
                0x0000000008000a70                __aeabi_dcmpeq
                0x0000000008000a84                __aeabi_dcmplt
                0x0000000008000a98                __aeabi_dcmple
                0x0000000008000aac                __aeabi_dcmpge
                0x0000000008000ac0                __aeabi_dcmpgt
 .text          0x0000000008000ad4       0x40 C:/ST/STM32CubeIDE_1.10.1/STM32CubeIDE/plugins/com.st.stm32cube.ide.mcu.externaltools.gnu-tools-for-stm32.11.3.rel1.win32_1.1.100.202309141235/tools/bin/../lib/gcc/arm-none-eabi/11.3.1/thumb/v7-m/nofp\libgcc.a(_arm_fixunsdfsi.o)
                0x0000000008000ad4                __aeabi_d2uiz
                0x0000000008000ad4                __fixunsdfsi
 .text          0x0000000008000b14       0xa0 C:/ST/STM32CubeIDE_1.10.1/STM32CubeIDE/plugins/com.st.stm32cube.ide.mcu.externaltools.gnu-tools-for-stm32.11.3.rel1.win32_1.1.100.202309141235/tools/bin/../lib/gcc/arm-none-eabi/11.3.1/thumb/v7-m/nofp\libgcc.a(_arm_truncdfsf2.o)
                0x0000000008000b14                __truncdfsf2
                0x0000000008000b14                __aeabi_d2f
 .text          0x0000000008000bb4      0x21c C:/ST/STM32CubeIDE_1.10.1/STM32CubeIDE/plugins/com.st.stm32cube.ide.mcu.externaltools.gnu-tools-for-stm32.11.3.rel1.win32_1.1.100.202309141235/tools/bin/../lib/gcc/arm-none-eabi/11.3.1/thumb/v7-m/nofp\libgcc.a(_arm_addsubsf3.o)
                0x0000000008000bb4                __aeabi_frsub
                0x0000000008000bbc                __subsf3
                0x0000000008000bbc                __aeabi_fsub
                0x0000000008000bc0                __aeabi_fadd
                0x0000000008000bc0                __addsf3
                0x0000000008000d20                __aeabi_ui2f
                0x0000000008000d20                __floatunsisf
                0x0000000008000d28                __aeabi_i2f
                0x0000000008000d28                __floatsisf
                0x0000000008000d44                __aeabi_ul2f
                0x0000000008000d44                __floatundisf
                0x0000000008000d54                __aeabi_l2f
                0x0000000008000d54                __floatdisf
 .text          0x0000000008000dd0      0x2a0 C:/ST/STM32CubeIDE_1.10.1/STM32CubeIDE/plugins/com.st.stm32cube.ide.mcu.externaltools.gnu-tools-for-stm32.11.3.rel1.win32_1.1.100.202309141235/tools/bin/../lib/gcc/arm-none-eabi/11.3.1/thumb/v7-m/nofp\libgcc.a(_arm_muldivsf3.o)
                0x0000000008000dd0                __mulsf3
                0x0000000008000dd0                __aeabi_fmul
                0x0000000008000f38                __aeabi_fdiv
                0x0000000008000f38                __divsf3
 .text          0x0000000008001070       0xec C:/ST/STM32CubeIDE_1.10.1/STM32CubeIDE/plugins/com.st.stm32cube.ide.mcu.externaltools.gnu-tools-for-stm32.11.3.rel1.win32_1.1.100.202309141235/tools/bin/../lib/gcc/arm-none-eabi/11.3.1/thumb/v7-m/nofp\libgcc.a(_arm_cmpsf2.o)
                0x0000000008001070                __gesf2
                0x0000000008001070                __gtsf2
                0x0000000008001078                __lesf2
                0x0000000008001078                __ltsf2
                0x0000000008001080                __nesf2
                0x0000000008001080                __eqsf2
                0x0000000008001080                __cmpsf2
                0x00000000080010e0                __aeabi_cfrcmple
                0x00000000080010e8                __aeabi_cfcmpeq
                0x00000000080010e8                __aeabi_cfcmple
                0x00000000080010f8                __aeabi_fcmpeq
                0x000000000800110c                __aeabi_fcmplt
                0x0000000008001120                __aeabi_fcmple
                0x0000000008001134                __aeabi_fcmpge
                0x0000000008001148                __aeabi_fcmpgt
 .text          0x000000000800115c       0x40 C:/ST/STM32CubeIDE_1.10.1/STM32CubeIDE/plugins/com.st.stm32cube.ide.mcu.externaltools.gnu-tools-for-stm32.11.3.rel1.win32_1.1.100.202309141235/tools/bin/../lib/gcc/arm-none-eabi/11.3.1/thumb/v7-m/nofp\libgcc.a(_arm_fixunssfsi.o)
                0x000000000800115c                __fixunssfsi
                0x000000000800115c                __aeabi_f2uiz
 .text          0x000000000800119c       0x34 C:/ST/STM32CubeIDE_1.10.1/STM32CubeIDE/plugins/com.st.stm32cube.ide.mcu.externaltools.gnu-tools-for-stm32.11.3.rel1.win32_1.1.100.202309141235/tools/bin/../lib/gcc/arm-none-eabi/11.3.1/thumb/v7-m/nofp\libgcc.a(_fixdfdi.o)
                0x000000000800119c                __fixdfdi
                0x000000000800119c                __aeabi_d2lz
 .text          0x00000000080011d0       0x3c C:/ST/STM32CubeIDE_1.10.1/STM32CubeIDE/plugins/com.st.stm32cube.ide.mcu.externaltools.gnu-tools-for-stm32.11.3.rel1.win32_1.1.100.202309141235/tools/bin/../lib/gcc/arm-none-eabi/11.3.1/thumb/v7-m/nofp\libgcc.a(_fixunsdfdi.o)
                0x00000000080011d0                __fixunsdfdi
                0x00000000080011d0                __aeabi_d2ulz
 *(.text*)
 .text.ControleMultTask
                0x000000000800120c      0x13c ./Core/Src/main.o
                0x000000000800120c                ControleMultTask
 .text.funcaoControleLeituraPeso
                0x0000000008001348       0x9c ./Core/Src/main.o
                0x0000000008001348                funcaoControleLeituraPeso
 .text.TelaInicio
                0x00000000080013e4       0x5c ./Core/Src/main.o
                0x00000000080013e4                TelaInicio
 .text.controlaTempoExibeTelaTemporaria
                0x0000000008001440       0x4c ./Core/Src/main.o
                0x0000000008001440                controlaTempoExibeTelaTemporaria
 .text.escreveDadoLcd
                0x000000000800148c       0x34 ./Core/Src/main.o
                0x000000000800148c                escreveDadoLcd
 .text.controlaEscritaLcd
                0x00000000080014c0      0x2e0 ./Core/Src/main.o
                0x00000000080014c0                controlaEscritaLcd
 .text.enviaComandoLcd
                0x00000000080017a0       0x34 ./Core/Src/main.o
                0x00000000080017a0                enviaComandoLcd
 .text.enviaCaracterLcd
                0x00000000080017d4       0x34 ./Core/Src/main.o
                0x00000000080017d4                enviaCaracterLcd
 .text.transmiteByteLcd
                0x0000000008001808       0x60 ./Core/Src/main.o
                0x0000000008001808                transmiteByteLcd
 .text.transmiteNibleLcd
                0x0000000008001868       0xa0 ./Core/Src/main.o
                0x0000000008001868                transmiteNibleLcd
 .text.delayExternoLcd
                0x0000000008001908       0x24 ./Core/Src/main.o
                0x0000000008001908                delayExternoLcd
 .text.delayInternoMicroSegundos
                0x000000000800192c       0x24 ./Core/Src/main.o
                0x000000000800192c                delayInternoMicroSegundos
 .text.transfereCaracterLcdLinha1
                0x0000000008001950       0x58 ./Core/Src/main.o
                0x0000000008001950                transfereCaracterLcdLinha1
 .text.metodoControleDasTelas
                0x00000000080019a8      0x180 ./Core/Src/main.o
                0x00000000080019a8                metodoControleDasTelas
 .text.funcaoTempoTelaInicial
                0x0000000008001b28       0x48 ./Core/Src/main.o
                0x0000000008001b28                funcaoTempoTelaInicial
 .text.trataControleDasTeclas
                0x0000000008001b70      0x18c ./Core/Src/main.o
                0x0000000008001b70                trataControleDasTeclas
 .text.metodoLigaSistema
                0x0000000008001cfc       0x88 ./Core/Src/main.o
                0x0000000008001cfc                metodoLigaSistema
 .text.metodoDesligaSistema
                0x0000000008001d84       0xa0 ./Core/Src/main.o
                0x0000000008001d84                metodoDesligaSistema
 .text.funcaoTempoAcessoMenuProgramacao
                0x0000000008001e24       0x70 ./Core/Src/main.o
                0x0000000008001e24                funcaoTempoAcessoMenuProgramacao
 .text.tempoValidaTeclaQuandoSolta
                0x0000000008001e94       0xa0 ./Core/Src/main.o
                0x0000000008001e94                tempoValidaTeclaQuandoSolta
 .text.telaErroLimiteZero
                0x0000000008001f34       0x34 ./Core/Src/main.o
                0x0000000008001f34                telaErroLimiteZero
 .text.funcaoTempoBackLight
                0x0000000008001f68       0xa0 ./Core/Src/main.o
                0x0000000008001f68                funcaoTempoBackLight
 .text.controleCalibraIndicador
                0x0000000008002008      0x888 ./Core/Src/main.o
                0x0000000008002008                controleCalibraIndicador
 .text.telaSenhaDeAcessoCalibracao
                0x0000000008002890       0x58 ./Core/Src/main.o
                0x0000000008002890                telaSenhaDeAcessoCalibracao
 .text.telaValorFiltroDigitalIndicador
                0x00000000080028e8       0x70 ./Core/Src/main.o
                0x00000000080028e8                telaValorFiltroDigitalIndicador
 .text.telaPosicaoPontoDecimalIndicador
                0x0000000008002958       0xa0 ./Core/Src/main.o
                0x0000000008002958                telaPosicaoPontoDecimalIndicador
 .text.telaDefineDegrauPesoIndicador
                0x00000000080029f8       0x38 ./Core/Src/main.o
                0x00000000080029f8                telaDefineDegrauPesoIndicador
 .text.telaPesoCargaMaximaIndicador
                0x0000000008002a30       0x60 ./Core/Src/main.o
                0x0000000008002a30                telaPesoCargaMaximaIndicador
 .text.telaPesoCalibracaoIndicador
                0x0000000008002a90       0x60 ./Core/Src/main.o
                0x0000000008002a90                telaPesoCalibracaoIndicador
 .text.telaPesoZeroIndicador
                0x0000000008002af0       0x34 ./Core/Src/main.o
                0x0000000008002af0                telaPesoZeroIndicador
 .text.telaControlaIncrementoDegralIndicador
                0x0000000008002b24       0x48 ./Core/Src/main.o
                0x0000000008002b24                telaControlaIncrementoDegralIndicador
 .text.metodoPiscaProgIndicador
                0x0000000008002b6c       0x6c ./Core/Src/main.o
                0x0000000008002b6c                metodoPiscaProgIndicador
 .text.piscaDigitoProgIndicador
                0x0000000008002bd8      0x358 ./Core/Src/main.o
                0x0000000008002bd8                piscaDigitoProgIndicador
 .text.manipulacaoDoDigitoDoIndicador
                0x0000000008002f30      0x1e4 ./Core/Src/main.o
                0x0000000008002f30                manipulacaoDoDigitoDoIndicador
 .text.telaErroPesoCalibracao
                0x0000000008003114       0x5c ./Core/Src/main.o
                0x0000000008003114                telaErroPesoCalibracao
 .text.telaErroCapacidadeMaxima
                0x0000000008003170       0x5c ./Core/Src/main.o
                0x0000000008003170                telaErroCapacidadeMaxima
 .text.verificaSenhaAcessoCalibracao
                0x00000000080031cc      0x14c ./Core/Src/main.o
                0x00000000080031cc                verificaSenhaAcessoCalibracao
 .text.telaMostraValorProDivisaoInterna
                0x0000000008003318       0x50 ./Core/Src/main.o
                0x0000000008003318                telaMostraValorProDivisaoInterna
 .text.telaErroSenhaTecnica
                0x0000000008003368       0x60 ./Core/Src/main.o
                0x0000000008003368                telaErroSenhaTecnica
 .text.controlaPiscaDigitoProgSenha
                0x00000000080033c8       0xe4 ./Core/Src/main.o
                0x00000000080033c8                controlaPiscaDigitoProgSenha
 .text.apagaSenha
                0x00000000080034ac       0x28 ./Core/Src/main.o
                0x00000000080034ac                apagaSenha
 .text.rotacionaArrayTelaValorDivisao
                0x00000000080034d4       0xc8 ./Core/Src/main.o
                0x00000000080034d4                rotacionaArrayTelaValorDivisao
 .text.mostraPesoIndicador
                0x000000000800359c      0x120 ./Core/Src/main.o
                0x000000000800359c                mostraPesoIndicador
 .text.trataPesoBrutoIndicador
                0x00000000080036bc      0x110 ./Core/Src/main.o
                0x00000000080036bc                trataPesoBrutoIndicador
 .text.trataPesoTaraIndicador
                0x00000000080037cc       0x84 ./Core/Src/main.o
                0x00000000080037cc                trataPesoTaraIndicador
 .text.trataPesoLiquidoIndicador
                0x0000000008003850       0x90 ./Core/Src/main.o
                0x0000000008003850                trataPesoLiquidoIndicador
 .text.trataPesoAdIndicador
                0x00000000080038e0      0x3c8 ./Core/Src/main.o
                0x00000000080038e0                trataPesoAdIndicador
 .text.fazArredondamentoPeso
                0x0000000008003ca8      0x114 ./Core/Src/main.o
                0x0000000008003ca8                fazArredondamentoPeso
 .text.controlaBackLightOscilaPeso
                0x0000000008003dbc       0xb4 ./Core/Src/main.o
                0x0000000008003dbc                controlaBackLightOscilaPeso
 .text.readHx711
                0x0000000008003e70      0x220 ./Core/Src/main.o
                0x0000000008003e70                readHx711
 .text.delayReadHx711
                0x0000000008004090       0x30 ./Core/Src/main.o
                0x0000000008004090                delayReadHx711
 .text.checaAutorizaZeroIndicador
                0x00000000080040c0      0x13c ./Core/Src/main.o
                0x00000000080040c0                checaAutorizaZeroIndicador
 .text.metodoFazZeroIndicadorPeso
                0x00000000080041fc      0x184 ./Core/Src/main.o
                0x00000000080041fc                metodoFazZeroIndicadorPeso
 .text.fazMediaAdCalibraIndicador
                0x0000000008004380      0x24c ./Core/Src/main.o
                0x0000000008004380                fazMediaAdCalibraIndicador
 .text.rotacionaArrayInsere0Converte
                0x00000000080045cc       0xf8 ./Core/Src/main.o
                0x00000000080045cc                rotacionaArrayInsere0Converte
 .text.iniciaVariaveisTxSerial_1
                0x00000000080046c4       0x78 ./Core/Src/main.o
                0x00000000080046c4                iniciaVariaveisTxSerial_1
 .text.controleTxFrameSerial_1
                0x000000000800473c      0x288 ./Core/Src/main.o
                0x000000000800473c                controleTxFrameSerial_1
 .text.controleTxFrameSerial_2
                0x00000000080049c4      0x1b4 ./Core/Src/main.o
                0x00000000080049c4                controleTxFrameSerial_2
 .text.funcaoAcessaMenusProgramacao
                0x0000000008004b78      0x100 ./Core/Src/main.o
                0x0000000008004b78                funcaoAcessaMenusProgramacao
 .text.telaAcessaMenuModoTecnicoIndicador
                0x0000000008004c78       0x30 ./Core/Src/main.o
                0x0000000008004c78                telaAcessaMenuModoTecnicoIndicador
 .text.telaAcessaMenuConfiguraSerial_1
                0x0000000008004ca8       0x30 ./Core/Src/main.o
                0x0000000008004ca8                telaAcessaMenuConfiguraSerial_1
 .text.telaAcessaMenuFazCalibracao
                0x0000000008004cd8       0x30 ./Core/Src/main.o
                0x0000000008004cd8                telaAcessaMenuFazCalibracao
 .text.funcaoMenusConfiguraSerial_1
                0x0000000008004d08      0x450 ./Core/Src/main.o
                0x0000000008004d08                funcaoMenusConfiguraSerial_1
 .text.telaMostraAtivaDesativaSerial_1
                0x0000000008005158       0x54 ./Core/Src/main.o
                0x0000000008005158                telaMostraAtivaDesativaSerial_1
 .text.telaMostraProgVelocidadeSerial_1
                0x00000000080051ac       0xd4 ./Core/Src/main.o
                0x00000000080051ac                telaMostraProgVelocidadeSerial_1
 .text.telaMostraTipoPortaSerial_1
                0x0000000008005280       0x5c ./Core/Src/main.o
                0x0000000008005280                telaMostraTipoPortaSerial_1
 .text.telaMostraTipoSaidaDadosSerial_1
                0x00000000080052dc       0x70 ./Core/Src/main.o
                0x00000000080052dc                telaMostraTipoSaidaDadosSerial_1
 .text.telaMostraTipoSaidaDadosSerial_2
                0x000000000800534c       0x5c ./Core/Src/main.o
                0x000000000800534c                telaMostraTipoSaidaDadosSerial_2
 .text.telaMostraEnderecoIndicador
                0x00000000080053a8       0x40 ./Core/Src/main.o
                0x00000000080053a8                telaMostraEnderecoIndicador
 .text.telaMostraQtFramePorSegundo
                0x00000000080053e8       0x40 ./Core/Src/main.o
                0x00000000080053e8                telaMostraQtFramePorSegundo
 .text.funcaoMenuModoTecnicoIndicador
                0x0000000008005428      0x368 ./Core/Src/main.o
                0x0000000008005428                funcaoMenuModoTecnicoIndicador
 .text.telaMostraProgramacaoLimiteZero
                0x0000000008005790       0x40 ./Core/Src/main.o
                0x0000000008005790                telaMostraProgramacaoLimiteZero
 .text.telaValorFiltroDigitalModoTecnicoIndicador
                0x00000000080057d0       0x6c ./Core/Src/main.o
                0x00000000080057d0                telaValorFiltroDigitalModoTecnicoIndicador
 .text.telaMostraProgramacaoStatusZeroLigarIndicador
                0x000000000800583c       0x54 ./Core/Src/main.o
                0x000000000800583c                telaMostraProgramacaoStatusZeroLigarIndicador
 .text.telaMostraProgramacaoModoFuncionamentoBackLight
                0x0000000008005890       0x70 ./Core/Src/main.o
                0x0000000008005890                telaMostraProgramacaoModoFuncionamentoBackLight
 .text.telaTempoBackLightLigado
                0x0000000008005900       0x5c ./Core/Src/main.o
                0x0000000008005900                telaTempoBackLightLigado
 .text.rxSerialModBusRtu
                0x000000000800595c       0x78 ./Core/Src/main.o
                0x000000000800595c                rxSerialModBusRtu
 .text.trataFrameRxModBusRtu
                0x00000000080059d4       0xe8 ./Core/Src/main.o
                0x00000000080059d4                trataFrameRxModBusRtu
 .text.trataModBusRtu
                0x0000000008005abc      0x574 ./Core/Src/main.o
                0x0000000008005abc                trataModBusRtu
 .text.iniciaTxModbus
                0x0000000008006030       0x4c ./Core/Src/main.o
                0x0000000008006030                iniciaTxModbus
 .text.velocidadeSerial_1_115200Kbps
                0x000000000800607c       0x68 ./Core/Src/main.o
                0x000000000800607c                velocidadeSerial_1_115200Kbps
 .text.velocidadeSerial_1_57600Kbps
                0x00000000080060e4       0x68 ./Core/Src/main.o
                0x00000000080060e4                velocidadeSerial_1_57600Kbps
 .text.velocidadeSerial_1_38400Kbps
                0x000000000800614c       0x68 ./Core/Src/main.o
                0x000000000800614c                velocidadeSerial_1_38400Kbps
 .text.velocidadeSerial_1_19200Kbps
                0x00000000080061b4       0x68 ./Core/Src/main.o
                0x00000000080061b4                velocidadeSerial_1_19200Kbps
 .text.velocidadeSerial_1_9600Kbps
                0x000000000800621c       0x68 ./Core/Src/main.o
                0x000000000800621c                velocidadeSerial_1_9600Kbps
 .text.velocidadeSerial_1_4800Kbps
                0x0000000008006284       0x68 ./Core/Src/main.o
                0x0000000008006284                velocidadeSerial_1_4800Kbps
 .text.velocidadeSerial_1_2400Kbps
                0x00000000080062ec       0x68 ./Core/Src/main.o
                0x00000000080062ec                velocidadeSerial_1_2400Kbps
 .text.velocidadeSerial_1_1200Kbps
                0x0000000008006354       0x68 ./Core/Src/main.o
                0x0000000008006354                velocidadeSerial_1_1200Kbps
 .text.funcaoValoresTxModBusRtu
                0x00000000080063bc       0x3c ./Core/Src/main.o
                0x00000000080063bc                funcaoValoresTxModBusRtu
 .text.funcaoLeituraDadosMemoriaModBusRtu
                0x00000000080063f8      0x178 ./Core/Src/main.o
                0x00000000080063f8                funcaoLeituraDadosMemoriaModBusRtu
 .text.funcaoVerificaSalvaModBusRtu
                0x0000000008006570      0x184 ./Core/Src/main.o
                0x0000000008006570                funcaoVerificaSalvaModBusRtu
 .text.transformaPesoParaPadraoModbus
                0x00000000080066f4       0x94 ./Core/Src/main.o
                0x00000000080066f4                transformaPesoParaPadraoModbus
 .text.metodoDecodificaTeclado
                0x0000000008006788      0x2d8 ./Core/Src/main.o
                0x0000000008006788                metodoDecodificaTeclado
 .text.metodoValidaTeclaPresionada
                0x0000000008006a60       0xd8 ./Core/Src/main.o
                0x0000000008006a60                metodoValidaTeclaPresionada
 .text.ledZeroTaraDireto
                0x0000000008006b38       0x84 ./Core/Src/main.o
                0x0000000008006b38                ledZeroTaraDireto
 .text.le_i2c   0x0000000008006bbc      0x170 ./Core/Src/main.o
                0x0000000008006bbc                le_i2c
 .text.leituraI2c_Default
                0x0000000008006d2c       0x9c ./Core/Src/main.o
                0x0000000008006d2c                leituraI2c_Default
 .text.TimerReadi2c
                0x0000000008006dc8       0x3c ./Core/Src/main.o
                0x0000000008006dc8                TimerReadi2c
 .text.salvaStatusSaidaPortaSerial_1Mem
                0x0000000008006e04       0x4c ./Core/Src/main.o
                0x0000000008006e04                salvaStatusSaidaPortaSerial_1Mem
 .text.salvaStatusSaidaDadosSerial_1Mem
                0x0000000008006e50       0x4c ./Core/Src/main.o
                0x0000000008006e50                salvaStatusSaidaDadosSerial_1Mem
 .text.salvaStatusSaidaDadosSerial_2Mem
                0x0000000008006e9c       0x4c ./Core/Src/main.o
                0x0000000008006e9c                salvaStatusSaidaDadosSerial_2Mem
 .text.salvaEnderecoIndicadorMem
                0x0000000008006ee8       0x4c ./Core/Src/main.o
                0x0000000008006ee8                salvaEnderecoIndicadorMem
 .text.salvaQtFramePorSegundoMem
                0x0000000008006f34       0x4c ./Core/Src/main.o
                0x0000000008006f34                salvaQtFramePorSegundoMem
 .text.salvaModoFuncionamentoBackLightMem
                0x0000000008006f80       0x4c ./Core/Src/main.o
                0x0000000008006f80                salvaModoFuncionamentoBackLightMem
 .text.salvaTempoDesligaBackLightMem
                0x0000000008006fcc       0x4c ./Core/Src/main.o
                0x0000000008006fcc                salvaTempoDesligaBackLightMem
 .text.salvaStatusZeroPowerMem
                0x0000000008007018       0x4c ./Core/Src/main.o
                0x0000000008007018                salvaStatusZeroPowerMem
 .text.salvaValorLimiteDeZeroMem
                0x0000000008007064       0x4c ./Core/Src/main.o
                0x0000000008007064                salvaValorLimiteDeZeroMem
 .text.salvaValorFiltroDigitalMem
                0x00000000080070b0       0x4c ./Core/Src/main.o
                0x00000000080070b0                salvaValorFiltroDigitalMem
 .text.salvaPosicaoPontoDecimalIndicadorMem
                0x00000000080070fc       0x4c ./Core/Src/main.o
                0x00000000080070fc                salvaPosicaoPontoDecimalIndicadorMem
 .text.salvaPosicaoDegrauIndicadorMem
                0x0000000008007148       0x4c ./Core/Src/main.o
                0x0000000008007148                salvaPosicaoDegrauIndicadorMem
 .text.salvaPesoCapacidadeMaxIndicadorMem
                0x0000000008007194       0x40 ./Core/Src/main.o
                0x0000000008007194                salvaPesoCapacidadeMaxIndicadorMem
 .text.salvaPesoCalibracaoIndicadorMem
                0x00000000080071d4       0x40 ./Core/Src/main.o
                0x00000000080071d4                salvaPesoCalibracaoIndicadorMem
 .text.salvaValorAdZeroIndicadorMem
                0x0000000008007214       0x40 ./Core/Src/main.o
                0x0000000008007214                salvaValorAdZeroIndicadorMem
 .text.salvaValorDivisaoIndicadorMem
                0x0000000008007254       0x40 ./Core/Src/main.o
                0x0000000008007254                salvaValorDivisaoIndicadorMem
 .text.ocultaPesoDwin
                0x0000000008007294      0x128 ./Core/Src/main.o
                0x0000000008007294                ocultaPesoDwin
 .text.mostraPesoDwin
                0x00000000080073bc      0x1e0 ./Core/Src/main.o
                0x00000000080073bc                mostraPesoDwin
 .text.limpaLinha2Dwin
                0x000000000800759c       0x20 ./Core/Src/main.o
                0x000000000800759c                limpaLinha2Dwin
 .text.transfereCaracterLcdLinha1Dwin
                0x00000000080075bc       0x58 ./Core/Src/main.o
                0x00000000080075bc                transfereCaracterLcdLinha1Dwin
 .text.transfereCaracterLcdLinha2Dwin
                0x0000000008007614       0x5c ./Core/Src/main.o
                0x0000000008007614                transfereCaracterLcdLinha2Dwin
 .text.transfereCaracterLcdMenu1Dwin
                0x0000000008007670       0x58 ./Core/Src/main.o
                0x0000000008007670                transfereCaracterLcdMenu1Dwin
 .text.transfereCaracterLcdMenu2Dwin
                0x00000000080076c8       0x5c ./Core/Src/main.o
                0x00000000080076c8                transfereCaracterLcdMenu2Dwin
 .text.main     0x0000000008007724       0x54 ./Core/Src/main.o
                0x0000000008007724                main
 .text.SystemClock_Config
                0x0000000008007778       0x82 ./Core/Src/main.o
                0x0000000008007778                SystemClock_Config
 *fill*         0x00000000080077fa        0x2 
 .text.MX_I2C1_Init
                0x00000000080077fc       0x5c ./Core/Src/main.o
 .text.MX_TIM2_Init
                0x0000000008007858       0x98 ./Core/Src/main.o
 .text.MX_TIM3_Init
                0x00000000080078f0       0x98 ./Core/Src/main.o
 .text.MX_UART4_Init
                0x0000000008007988       0x54 ./Core/Src/main.o
 .text.MX_UART5_Init
                0x00000000080079dc       0x54 ./Core/Src/main.o
 .text.MX_USART1_UART_Init
                0x0000000008007a30       0x54 ./Core/Src/main.o
 .text.MX_USART2_UART_Init
                0x0000000008007a84       0x54 ./Core/Src/main.o
 .text.MX_USART3_UART_Init
                0x0000000008007ad8       0x54 ./Core/Src/main.o
 .text.MX_GPIO_Init
                0x0000000008007b2c      0x1ac ./Core/Src/main.o
 .text.HAL_TIM_PeriodElapsedCallback
                0x0000000008007cd8       0x68 ./Core/Src/main.o
                0x0000000008007cd8                HAL_TIM_PeriodElapsedCallback
 .text.HAL_UART_RxCpltCallback
                0x0000000008007d40       0x94 ./Core/Src/main.o
                0x0000000008007d40                HAL_UART_RxCpltCallback
 .text.HAL_UART_TxCpltCallback
                0x0000000008007dd4       0xdc ./Core/Src/main.o
                0x0000000008007dd4                HAL_UART_TxCpltCallback
 .text.Error_Handler
                0x0000000008007eb0        0xa ./Core/Src/main.o
                0x0000000008007eb0                Error_Handler
 *fill*         0x0000000008007eba        0x2 
 .text.HAL_MspInit
                0x0000000008007ebc       0x64 ./Core/Src/stm32f1xx_hal_msp.o
                0x0000000008007ebc                HAL_MspInit
 .text.HAL_I2C_MspInit
                0x0000000008007f20       0xa0 ./Core/Src/stm32f1xx_hal_msp.o
                0x0000000008007f20                HAL_I2C_MspInit
 .text.HAL_TIM_Base_MspInit
                0x0000000008007fc0       0x80 ./Core/Src/stm32f1xx_hal_msp.o
                0x0000000008007fc0                HAL_TIM_Base_MspInit
 .text.HAL_UART_MspInit
                0x0000000008008040      0x2f4 ./Core/Src/stm32f1xx_hal_msp.o
                0x0000000008008040                HAL_UART_MspInit
 .text.HAL_UART_MspDeInit
                0x0000000008008334      0x104 ./Core/Src/stm32f1xx_hal_msp.o
                0x0000000008008334                HAL_UART_MspDeInit
 .text.NMI_Handler
                0x0000000008008438        0x6 ./Core/Src/stm32f1xx_it.o
                0x0000000008008438                NMI_Handler
 .text.HardFault_Handler
                0x000000000800843e        0x6 ./Core/Src/stm32f1xx_it.o
                0x000000000800843e                HardFault_Handler
 .text.MemManage_Handler
                0x0000000008008444        0x6 ./Core/Src/stm32f1xx_it.o
                0x0000000008008444                MemManage_Handler
 .text.BusFault_Handler
                0x000000000800844a        0x6 ./Core/Src/stm32f1xx_it.o
                0x000000000800844a                BusFault_Handler
 .text.UsageFault_Handler
                0x0000000008008450        0x6 ./Core/Src/stm32f1xx_it.o
                0x0000000008008450                UsageFault_Handler
 .text.SVC_Handler
                0x0000000008008456        0xc ./Core/Src/stm32f1xx_it.o
                0x0000000008008456                SVC_Handler
 .text.DebugMon_Handler
                0x0000000008008462        0xc ./Core/Src/stm32f1xx_it.o
                0x0000000008008462                DebugMon_Handler
 .text.PendSV_Handler
                0x000000000800846e        0xc ./Core/Src/stm32f1xx_it.o
                0x000000000800846e                PendSV_Handler
 .text.SysTick_Handler
                0x000000000800847a        0xc ./Core/Src/stm32f1xx_it.o
                0x000000000800847a                SysTick_Handler
 .text.EXTI0_IRQHandler
                0x0000000008008486        0xe ./Core/Src/stm32f1xx_it.o
                0x0000000008008486                EXTI0_IRQHandler
 .text.EXTI1_IRQHandler
                0x0000000008008494        0xe ./Core/Src/stm32f1xx_it.o
                0x0000000008008494                EXTI1_IRQHandler
 *fill*         0x00000000080084a2        0x2 
 .text.TIM2_IRQHandler
                0x00000000080084a4       0x14 ./Core/Src/stm32f1xx_it.o
                0x00000000080084a4                TIM2_IRQHandler
 .text.TIM3_IRQHandler
                0x00000000080084b8       0x14 ./Core/Src/stm32f1xx_it.o
                0x00000000080084b8                TIM3_IRQHandler
 .text.USART1_IRQHandler
                0x00000000080084cc       0x14 ./Core/Src/stm32f1xx_it.o
                0x00000000080084cc                USART1_IRQHandler
 .text.USART2_IRQHandler
                0x00000000080084e0       0x14 ./Core/Src/stm32f1xx_it.o
                0x00000000080084e0                USART2_IRQHandler
 .text.USART3_IRQHandler
                0x00000000080084f4       0x14 ./Core/Src/stm32f1xx_it.o
                0x00000000080084f4                USART3_IRQHandler
 .text.UART4_IRQHandler
                0x0000000008008508       0x14 ./Core/Src/stm32f1xx_it.o
                0x0000000008008508                UART4_IRQHandler
 .text.UART5_IRQHandler
                0x000000000800851c       0x14 ./Core/Src/stm32f1xx_it.o
                0x000000000800851c                UART5_IRQHandler
 .text._getpid  0x0000000008008530        0xe ./Core/Src/syscalls.o
                0x0000000008008530                _getpid
 .text._kill    0x000000000800853e       0x20 ./Core/Src/syscalls.o
                0x000000000800853e                _kill
 .text._exit    0x000000000800855e       0x14 ./Core/Src/syscalls.o
                0x000000000800855e                _exit
 .text._read    0x0000000008008572       0x3a ./Core/Src/syscalls.o
                0x0000000008008572                _read
 .text._write   0x00000000080085ac       0x38 ./Core/Src/syscalls.o
                0x00000000080085ac                _write
 .text._close   0x00000000080085e4       0x16 ./Core/Src/syscalls.o
                0x00000000080085e4                _close
 .text._fstat   0x00000000080085fa       0x1e ./Core/Src/syscalls.o
                0x00000000080085fa                _fstat
 .text._isatty  0x0000000008008618       0x14 ./Core/Src/syscalls.o
                0x0000000008008618                _isatty
 .text._lseek   0x000000000800862c       0x18 ./Core/Src/syscalls.o
                0x000000000800862c                _lseek
 .text._sbrk    0x0000000008008644       0x6c ./Core/Src/sysmem.o
                0x0000000008008644                _sbrk
 .text.SystemInit
                0x00000000080086b0        0xc ./Core/Src/system_stm32f1xx.o
                0x00000000080086b0                SystemInit
 .text.Reset_Handler
                0x00000000080086bc       0x48 ./Core/Startup/startup_stm32f103rctx.o
                0x00000000080086bc                Reset_Handler
 .text.Default_Handler
                0x0000000008008704        0x2 ./Core/Startup/startup_stm32f103rctx.o
                0x0000000008008704                RTC_Alarm_IRQHandler
                0x0000000008008704                EXTI2_IRQHandler
                0x0000000008008704                TIM8_TRG_COM_IRQHandler
                0x0000000008008704                TIM8_CC_IRQHandler
                0x0000000008008704                TIM1_CC_IRQHandler
                0x0000000008008704                TIM6_IRQHandler
                0x0000000008008704                PVD_IRQHandler
                0x0000000008008704                SDIO_IRQHandler
                0x0000000008008704                EXTI3_IRQHandler
                0x0000000008008704                I2C2_EV_IRQHandler
                0x0000000008008704                ADC1_2_IRQHandler
                0x0000000008008704                SPI1_IRQHandler
                0x0000000008008704                TAMPER_IRQHandler
                0x0000000008008704                TIM8_UP_IRQHandler
                0x0000000008008704                DMA2_Channel2_IRQHandler
                0x0000000008008704                DMA1_Channel4_IRQHandler
                0x0000000008008704                RTC_IRQHandler
                0x0000000008008704                DMA1_Channel7_IRQHandler
                0x0000000008008704                CAN1_RX1_IRQHandler
                0x0000000008008704                ADC3_IRQHandler
                0x0000000008008704                TIM4_IRQHandler
                0x0000000008008704                DMA2_Channel1_IRQHandler
                0x0000000008008704                I2C1_EV_IRQHandler
                0x0000000008008704                DMA1_Channel6_IRQHandler
                0x0000000008008704                RCC_IRQHandler
                0x0000000008008704                TIM1_TRG_COM_IRQHandler
                0x0000000008008704                DMA1_Channel1_IRQHandler
                0x0000000008008704                Default_Handler
                0x0000000008008704                EXTI15_10_IRQHandler
                0x0000000008008704                TIM7_IRQHandler
                0x0000000008008704                TIM5_IRQHandler
                0x0000000008008704                EXTI9_5_IRQHandler
                0x0000000008008704                SPI2_IRQHandler
                0x0000000008008704                DMA1_Channel5_IRQHandler
                0x0000000008008704                EXTI4_IRQHandler
                0x0000000008008704                USB_LP_CAN1_RX0_IRQHandler
                0x0000000008008704                USB_HP_CAN1_TX_IRQHandler
                0x0000000008008704                DMA1_Channel3_IRQHandler
                0x0000000008008704                FSMC_IRQHandler
                0x0000000008008704                TIM1_UP_IRQHandler
                0x0000000008008704                WWDG_IRQHandler
                0x0000000008008704                TIM1_BRK_IRQHandler
                0x0000000008008704                DMA2_Channel4_5_IRQHandler
                0x0000000008008704                I2C2_ER_IRQHandler
                0x0000000008008704                DMA1_Channel2_IRQHandler
                0x0000000008008704                TIM8_BRK_IRQHandler
                0x0000000008008704                CAN1_SCE_IRQHandler
                0x0000000008008704                FLASH_IRQHandler
                0x0000000008008704                SPI3_IRQHandler
                0x0000000008008704                I2C1_ER_IRQHandler
                0x0000000008008704                USBWakeUp_IRQHandler
                0x0000000008008704                DMA2_Channel3_IRQHandler
 *fill*         0x0000000008008706        0x2 
 .text.goToPageDWIN
                0x0000000008008708       0x54 ./Core/funcoes/DWIN.o
                0x0000000008008708                goToPageDWIN
 .text.writeVariableDWIN
                0x000000000800875c       0xe4 ./Core/funcoes/DWIN.o
                0x000000000800875c                writeVariableDWIN
 .text.calculaValorChecksum
                0x0000000008008840       0xa8 ./Core/funcoes/calculoCks.o
                0x0000000008008840                calculaValorChecksum
 .text.carregaArrayComEspacoAscii
                0x00000000080088e8       0x32 ./Core/funcoes/carregaArrayComEspacoAscii.o
                0x00000000080088e8                carregaArrayComEspacoAscii
 .text.carregaArrayComZeroAscii
                0x000000000800891a       0x32 ./Core/funcoes/carregaArrayComZeroAscii.o
                0x000000000800891a                carregaArrayComZeroAscii
 .text.carregaArrayComZeroDecimal
                0x000000000800894c       0x30 ./Core/funcoes/carregaArrayComZeroDecimal.o
                0x000000000800894c                carregaArrayComZeroDecimal
 .text.comparaValoresArray
                0x000000000800897c       0x74 ./Core/funcoes/comparaValoresArray.o
                0x000000000800897c                comparaValoresArray
 .text.converteArrayAsciiParaDecimal
                0x00000000080089f0       0x66 ./Core/funcoes/converteArrayAsciiParaDecimal.o
                0x00000000080089f0                converteArrayAsciiParaDecimal
 .text.converteArrayDecimalParaAscii
                0x0000000008008a56       0x40 ./Core/funcoes/converteArrayDecimalParaAscii.o
                0x0000000008008a56                converteArrayDecimalParaAscii
 *fill*         0x0000000008008a96        0x2 
 .text.ftoa     0x0000000008008a98       0xac ./Core/funcoes/ftoa.o
                0x0000000008008a98                ftoa
 .text.inserePontoDecimal
                0x0000000008008b44       0xb4 ./Core/funcoes/inserePontoDecimal.o
                0x0000000008008b44                inserePontoDecimal
 .text.inteiroTo2BytesAscii
                0x0000000008008bf8       0x6c ./Core/funcoes/inteiroTo2BytesAscii.o
                0x0000000008008bf8                inteiroTo2BytesAscii
 .text.inteiroTo3BytesAscii
                0x0000000008008c64       0xa0 ./Core/funcoes/inteiroTo3BytesAscii.o
                0x0000000008008c64                inteiroTo3BytesAscii
 .text.somaValorArray
                0x0000000008008d04       0x8a ./Core/funcoes/somaValorArray.o
                0x0000000008008d04                somaValorArray
 .text.transfereArrayToArray
                0x0000000008008d8e       0x36 ./Core/funcoes/transfereArrayToArray.o
                0x0000000008008d8e                transfereArrayToArray
 .text.transfereArrayToArrayInvertido
                0x0000000008008dc4       0x36 ./Core/funcoes/transfereArrayToArrayInvertido.o
                0x0000000008008dc4                transfereArrayToArrayInvertido
 .text.transfereConstToArray
                0x0000000008008dfa       0x3e ./Core/funcoes/transfereConstToArray.o
                0x0000000008008dfa                transfereConstToArray
 .text.transfereConstToArrayLoop
                0x0000000008008e38       0x36 ./Core/funcoes/transfereConstToArrayLoop.o
                0x0000000008008e38                transfereConstToArrayLoop
 *fill*         0x0000000008008e6e        0x2 
 .text.verificaValorArrayIgualZeroAscii
                0x0000000008008e70       0x48 ./Core/funcoes/verificaValorArrayIgualZeroAscii.o
                0x0000000008008e70                verificaValorArrayIgualZeroAscii
 .text.zeroAsciiEsquerdaToVazioAscii
                0x0000000008008eb8       0x7c ./Core/funcoes/zeroAsciiEsquerdaToVazioAscii.o
                0x0000000008008eb8                zeroAsciiEsquerdaToVazioAscii
 .text.HAL_Init
                0x0000000008008f34       0x2c ./Drivers/STM32F1xx_HAL_Driver/Src/stm32f1xx_hal.o
                0x0000000008008f34                HAL_Init
 .text.HAL_InitTick
                0x0000000008008f60       0x60 ./Drivers/STM32F1xx_HAL_Driver/Src/stm32f1xx_hal.o
                0x0000000008008f60                HAL_InitTick
 .text.HAL_IncTick
                0x0000000008008fc0       0x24 ./Drivers/STM32F1xx_HAL_Driver/Src/stm32f1xx_hal.o
                0x0000000008008fc0                HAL_IncTick
 .text.HAL_GetTick
                0x0000000008008fe4       0x14 ./Drivers/STM32F1xx_HAL_Driver/Src/stm32f1xx_hal.o
                0x0000000008008fe4                HAL_GetTick
 .text.HAL_Delay
                0x0000000008008ff8       0x48 ./Drivers/STM32F1xx_HAL_Driver/Src/stm32f1xx_hal.o
                0x0000000008008ff8                HAL_Delay
 .text.__NVIC_SetPriorityGrouping
                0x0000000008009040       0x48 ./Drivers/STM32F1xx_HAL_Driver/Src/stm32f1xx_hal_cortex.o
 .text.__NVIC_GetPriorityGrouping
                0x0000000008009088       0x1c ./Drivers/STM32F1xx_HAL_Driver/Src/stm32f1xx_hal_cortex.o
 .text.__NVIC_EnableIRQ
                0x00000000080090a4       0x38 ./Drivers/STM32F1xx_HAL_Driver/Src/stm32f1xx_hal_cortex.o
 .text.__NVIC_DisableIRQ
                0x00000000080090dc       0x48 ./Drivers/STM32F1xx_HAL_Driver/Src/stm32f1xx_hal_cortex.o
 .text.__NVIC_SetPriority
                0x0000000008009124       0x54 ./Drivers/STM32F1xx_HAL_Driver/Src/stm32f1xx_hal_cortex.o
 .text.NVIC_EncodePriority
                0x0000000008009178       0x64 ./Drivers/STM32F1xx_HAL_Driver/Src/stm32f1xx_hal_cortex.o
 .text.SysTick_Config
                0x00000000080091dc       0x44 ./Drivers/STM32F1xx_HAL_Driver/Src/stm32f1xx_hal_cortex.o
 .text.HAL_NVIC_SetPriorityGrouping
                0x0000000008009220       0x16 ./Drivers/STM32F1xx_HAL_Driver/Src/stm32f1xx_hal_cortex.o
                0x0000000008009220                HAL_NVIC_SetPriorityGrouping
 .text.HAL_NVIC_SetPriority
                0x0000000008009236       0x38 ./Drivers/STM32F1xx_HAL_Driver/Src/stm32f1xx_hal_cortex.o
                0x0000000008009236                HAL_NVIC_SetPriority
 .text.HAL_NVIC_EnableIRQ
                0x000000000800926e       0x1c ./Drivers/STM32F1xx_HAL_Driver/Src/stm32f1xx_hal_cortex.o
                0x000000000800926e                HAL_NVIC_EnableIRQ
 .text.HAL_NVIC_DisableIRQ
                0x000000000800928a       0x1c ./Drivers/STM32F1xx_HAL_Driver/Src/stm32f1xx_hal_cortex.o
                0x000000000800928a                HAL_NVIC_DisableIRQ
 .text.HAL_SYSTICK_Config
                0x00000000080092a6       0x18 ./Drivers/STM32F1xx_HAL_Driver/Src/stm32f1xx_hal_cortex.o
                0x00000000080092a6                HAL_SYSTICK_Config
 .text.HAL_DMA_Abort
                0x00000000080092be       0x74 ./Drivers/STM32F1xx_HAL_Driver/Src/stm32f1xx_hal_dma.o
                0x00000000080092be                HAL_DMA_Abort
 *fill*         0x0000000008009332        0x2 
 .text.HAL_DMA_Abort_IT
                0x0000000008009334      0x210 ./Drivers/STM32F1xx_HAL_Driver/Src/stm32f1xx_hal_dma.o
                0x0000000008009334                HAL_DMA_Abort_IT
 .text.HAL_GPIO_Init
                0x0000000008009544      0x328 ./Drivers/STM32F1xx_HAL_Driver/Src/stm32f1xx_hal_gpio.o
                0x0000000008009544                HAL_GPIO_Init
 .text.HAL_GPIO_DeInit
                0x000000000800986c      0x198 ./Drivers/STM32F1xx_HAL_Driver/Src/stm32f1xx_hal_gpio.o
                0x000000000800986c                HAL_GPIO_DeInit
 .text.HAL_GPIO_ReadPin
                0x0000000008009a04       0x2e ./Drivers/STM32F1xx_HAL_Driver/Src/stm32f1xx_hal_gpio.o
                0x0000000008009a04                HAL_GPIO_ReadPin
 .text.HAL_GPIO_WritePin
                0x0000000008009a32       0x30 ./Drivers/STM32F1xx_HAL_Driver/Src/stm32f1xx_hal_gpio.o
                0x0000000008009a32                HAL_GPIO_WritePin
 *fill*         0x0000000008009a62        0x2 
 .text.HAL_GPIO_EXTI_IRQHandler
                0x0000000008009a64       0x30 ./Drivers/STM32F1xx_HAL_Driver/Src/stm32f1xx_hal_gpio.o
                0x0000000008009a64                HAL_GPIO_EXTI_IRQHandler
 .text.HAL_GPIO_EXTI_Callback
                0x0000000008009a94       0x14 ./Drivers/STM32F1xx_HAL_Driver/Src/stm32f1xx_hal_gpio.o
                0x0000000008009a94                HAL_GPIO_EXTI_Callback
 .text.HAL_I2C_Init
                0x0000000008009aa8      0x288 ./Drivers/STM32F1xx_HAL_Driver/Src/stm32f1xx_hal_i2c.o
                0x0000000008009aa8                HAL_I2C_Init
 .text.HAL_I2C_Mem_Write
                0x0000000008009d30      0x1f4 ./Drivers/STM32F1xx_HAL_Driver/Src/stm32f1xx_hal_i2c.o
                0x0000000008009d30                HAL_I2C_Mem_Write
 .text.HAL_I2C_Mem_Read
                0x0000000008009f24      0x4d0 ./Drivers/STM32F1xx_HAL_Driver/Src/stm32f1xx_hal_i2c.o
                0x0000000008009f24                HAL_I2C_Mem_Read
 .text.I2C_RequestMemoryWrite
                0x000000000800a3f4      0x12c ./Drivers/STM32F1xx_HAL_Driver/Src/stm32f1xx_hal_i2c.o
 .text.I2C_RequestMemoryRead
                0x000000000800a520      0x1d0 ./Drivers/STM32F1xx_HAL_Driver/Src/stm32f1xx_hal_i2c.o
 .text.I2C_WaitOnFlagUntilTimeout
                0x000000000800a6f0       0xae ./Drivers/STM32F1xx_HAL_Driver/Src/stm32f1xx_hal_i2c.o
 .text.I2C_WaitOnMasterAddressFlagUntilTimeout
                0x000000000800a79e       0xfe ./Drivers/STM32F1xx_HAL_Driver/Src/stm32f1xx_hal_i2c.o
 .text.I2C_WaitOnTXEFlagUntilTimeout
                0x000000000800a89c       0x82 ./Drivers/STM32F1xx_HAL_Driver/Src/stm32f1xx_hal_i2c.o
 .text.I2C_WaitOnBTFFlagUntilTimeout
                0x000000000800a91e       0x82 ./Drivers/STM32F1xx_HAL_Driver/Src/stm32f1xx_hal_i2c.o
 .text.I2C_WaitOnRXNEFlagUntilTimeout
                0x000000000800a9a0       0xac ./Drivers/STM32F1xx_HAL_Driver/Src/stm32f1xx_hal_i2c.o
 .text.I2C_IsAcknowledgeFailed
                0x000000000800aa4c       0x5c ./Drivers/STM32F1xx_HAL_Driver/Src/stm32f1xx_hal_i2c.o
 .text.HAL_RCC_OscConfig
                0x000000000800aaa8      0x504 ./Drivers/STM32F1xx_HAL_Driver/Src/stm32f1xx_hal_rcc.o
                0x000000000800aaa8                HAL_RCC_OscConfig
 .text.HAL_RCC_ClockConfig
                0x000000000800afac      0x1d4 ./Drivers/STM32F1xx_HAL_Driver/Src/stm32f1xx_hal_rcc.o
                0x000000000800afac                HAL_RCC_ClockConfig
 .text.HAL_RCC_GetSysClockFreq
                0x000000000800b180       0xbc ./Drivers/STM32F1xx_HAL_Driver/Src/stm32f1xx_hal_rcc.o
                0x000000000800b180                HAL_RCC_GetSysClockFreq
 .text.HAL_RCC_GetHCLKFreq
                0x000000000800b23c       0x14 ./Drivers/STM32F1xx_HAL_Driver/Src/stm32f1xx_hal_rcc.o
                0x000000000800b23c                HAL_RCC_GetHCLKFreq
 .text.HAL_RCC_GetPCLK1Freq
                0x000000000800b250       0x28 ./Drivers/STM32F1xx_HAL_Driver/Src/stm32f1xx_hal_rcc.o
                0x000000000800b250                HAL_RCC_GetPCLK1Freq
 .text.HAL_RCC_GetPCLK2Freq
                0x000000000800b278       0x28 ./Drivers/STM32F1xx_HAL_Driver/Src/stm32f1xx_hal_rcc.o
                0x000000000800b278                HAL_RCC_GetPCLK2Freq
 .text.RCC_Delay
                0x000000000800b2a0       0x3c ./Drivers/STM32F1xx_HAL_Driver/Src/stm32f1xx_hal_rcc.o
 .text.HAL_TIM_Base_Init
                0x000000000800b2dc       0x9e ./Drivers/STM32F1xx_HAL_Driver/Src/stm32f1xx_hal_tim.o
                0x000000000800b2dc                HAL_TIM_Base_Init
 *fill*         0x000000000800b37a        0x2 
 .text.HAL_TIM_Base_Start_IT
                0x000000000800b37c       0xc0 ./Drivers/STM32F1xx_HAL_Driver/Src/stm32f1xx_hal_tim.o
                0x000000000800b37c                HAL_TIM_Base_Start_IT
 .text.HAL_TIM_IRQHandler
                0x000000000800b43c      0x210 ./Drivers/STM32F1xx_HAL_Driver/Src/stm32f1xx_hal_tim.o
                0x000000000800b43c                HAL_TIM_IRQHandler
 .text.HAL_TIM_ConfigClockSource
                0x000000000800b64c      0x188 ./Drivers/STM32F1xx_HAL_Driver/Src/stm32f1xx_hal_tim.o
                0x000000000800b64c                HAL_TIM_ConfigClockSource
 .text.HAL_TIM_OC_DelayElapsedCallback
                0x000000000800b7d4       0x12 ./Drivers/STM32F1xx_HAL_Driver/Src/stm32f1xx_hal_tim.o
                0x000000000800b7d4                HAL_TIM_OC_DelayElapsedCallback
 .text.HAL_TIM_IC_CaptureCallback
                0x000000000800b7e6       0x12 ./Drivers/STM32F1xx_HAL_Driver/Src/stm32f1xx_hal_tim.o
                0x000000000800b7e6                HAL_TIM_IC_CaptureCallback
 .text.HAL_TIM_PWM_PulseFinishedCallback
                0x000000000800b7f8       0x12 ./Drivers/STM32F1xx_HAL_Driver/Src/stm32f1xx_hal_tim.o
                0x000000000800b7f8                HAL_TIM_PWM_PulseFinishedCallback
 .text.HAL_TIM_TriggerCallback
                0x000000000800b80a       0x12 ./Drivers/STM32F1xx_HAL_Driver/Src/stm32f1xx_hal_tim.o
                0x000000000800b80a                HAL_TIM_TriggerCallback
 .text.TIM_Base_SetConfig
                0x000000000800b81c       0xf4 ./Drivers/STM32F1xx_HAL_Driver/Src/stm32f1xx_hal_tim.o
                0x000000000800b81c                TIM_Base_SetConfig
 .text.TIM_TI1_ConfigInputStage
                0x000000000800b910       0x5c ./Drivers/STM32F1xx_HAL_Driver/Src/stm32f1xx_hal_tim.o
 .text.TIM_TI2_ConfigInputStage
                0x000000000800b96c       0x5e ./Drivers/STM32F1xx_HAL_Driver/Src/stm32f1xx_hal_tim.o
 .text.TIM_ITRx_SetConfig
                0x000000000800b9ca       0x34 ./Drivers/STM32F1xx_HAL_Driver/Src/stm32f1xx_hal_tim.o
 .text.TIM_ETR_SetConfig
                0x000000000800b9fe       0x3e ./Drivers/STM32F1xx_HAL_Driver/Src/stm32f1xx_hal_tim.o
                0x000000000800b9fe                TIM_ETR_SetConfig
 .text.HAL_TIMEx_MasterConfigSynchronization
                0x000000000800ba3c       0xd8 ./Drivers/STM32F1xx_HAL_Driver/Src/stm32f1xx_hal_tim_ex.o
                0x000000000800ba3c                HAL_TIMEx_MasterConfigSynchronization
 .text.HAL_TIMEx_CommutCallback
                0x000000000800bb14       0x12 ./Drivers/STM32F1xx_HAL_Driver/Src/stm32f1xx_hal_tim_ex.o
                0x000000000800bb14                HAL_TIMEx_CommutCallback
 .text.HAL_TIMEx_BreakCallback
                0x000000000800bb26       0x12 ./Drivers/STM32F1xx_HAL_Driver/Src/stm32f1xx_hal_tim_ex.o
                0x000000000800bb26                HAL_TIMEx_BreakCallback
 .text.HAL_UART_Init
                0x000000000800bb38       0x9a ./Drivers/STM32F1xx_HAL_Driver/Src/stm32f1xx_hal_uart.o
                0x000000000800bb38                HAL_UART_Init
 .text.HAL_UART_DeInit
                0x000000000800bbd2       0x5e ./Drivers/STM32F1xx_HAL_Driver/Src/stm32f1xx_hal_uart.o
                0x000000000800bbd2                HAL_UART_DeInit
 .text.HAL_UART_Transmit
                0x000000000800bc30      0x124 ./Drivers/STM32F1xx_HAL_Driver/Src/stm32f1xx_hal_uart.o
                0x000000000800bc30                HAL_UART_Transmit
 .text.HAL_UART_Transmit_IT
                0x000000000800bd54       0x88 ./Drivers/STM32F1xx_HAL_Driver/Src/stm32f1xx_hal_uart.o
                0x000000000800bd54                HAL_UART_Transmit_IT
 .text.HAL_UART_Receive_IT
                0x000000000800bddc       0x60 ./Drivers/STM32F1xx_HAL_Driver/Src/stm32f1xx_hal_uart.o
                0x000000000800bddc                HAL_UART_Receive_IT
 .text.HAL_UART_Abort_IT
                0x000000000800be3c      0x168 ./Drivers/STM32F1xx_HAL_Driver/Src/stm32f1xx_hal_uart.o
                0x000000000800be3c                HAL_UART_Abort_IT
 .text.HAL_UART_AbortTransmit_IT
                0x000000000800bfa4       0xa0 ./Drivers/STM32F1xx_HAL_Driver/Src/stm32f1xx_hal_uart.o
                0x000000000800bfa4                HAL_UART_AbortTransmit_IT
 .text.HAL_UART_IRQHandler
                0x000000000800c044      0x354 ./Drivers/STM32F1xx_HAL_Driver/Src/stm32f1xx_hal_uart.o
                0x000000000800c044                HAL_UART_IRQHandler
 .text.HAL_UART_ErrorCallback
                0x000000000800c398       0x12 ./Drivers/STM32F1xx_HAL_Driver/Src/stm32f1xx_hal_uart.o
                0x000000000800c398                HAL_UART_ErrorCallback
 .text.HAL_UART_AbortCpltCallback
                0x000000000800c3aa       0x12 ./Drivers/STM32F1xx_HAL_Driver/Src/stm32f1xx_hal_uart.o
                0x000000000800c3aa                HAL_UART_AbortCpltCallback
 .text.HAL_UART_AbortTransmitCpltCallback
                0x000000000800c3bc       0x12 ./Drivers/STM32F1xx_HAL_Driver/Src/stm32f1xx_hal_uart.o
                0x000000000800c3bc                HAL_UART_AbortTransmitCpltCallback
 .text.HAL_UARTEx_RxEventCallback
                0x000000000800c3ce       0x16 ./Drivers/STM32F1xx_HAL_Driver/Src/stm32f1xx_hal_uart.o
                0x000000000800c3ce                HAL_UARTEx_RxEventCallback
 .text.UART_WaitOnFlagUntilTimeout
                0x000000000800c3e4       0x94 ./Drivers/STM32F1xx_HAL_Driver/Src/stm32f1xx_hal_uart.o
 .text.UART_Start_Receive_IT
                0x000000000800c478       0x72 ./Drivers/STM32F1xx_HAL_Driver/Src/stm32f1xx_hal_uart.o
                0x000000000800c478                UART_Start_Receive_IT
 .text.UART_EndRxTransfer
                0x000000000800c4ea       0x58 ./Drivers/STM32F1xx_HAL_Driver/Src/stm32f1xx_hal_uart.o
 .text.UART_DMAAbortOnError
                0x000000000800c542       0x28 ./Drivers/STM32F1xx_HAL_Driver/Src/stm32f1xx_hal_uart.o
 .text.UART_DMATxAbortCallback
                0x000000000800c56a       0x60 ./Drivers/STM32F1xx_HAL_Driver/Src/stm32f1xx_hal_uart.o
 .text.UART_DMARxAbortCallback
                0x000000000800c5ca       0x60 ./Drivers/STM32F1xx_HAL_Driver/Src/stm32f1xx_hal_uart.o
 .text.UART_DMATxOnlyAbortCallback
                0x000000000800c62a       0x2a ./Drivers/STM32F1xx_HAL_Driver/Src/stm32f1xx_hal_uart.o
 .text.UART_Transmit_IT
                0x000000000800c654       0x9e ./Drivers/STM32F1xx_HAL_Driver/Src/stm32f1xx_hal_uart.o
 .text.UART_EndTransmit_IT
                0x000000000800c6f2       0x30 ./Drivers/STM32F1xx_HAL_Driver/Src/stm32f1xx_hal_uart.o
 .text.UART_Receive_IT
                0x000000000800c722      0x152 ./Drivers/STM32F1xx_HAL_Driver/Src/stm32f1xx_hal_uart.o
 .text.UART_SetConfig
                0x000000000800c874      0x11c ./Drivers/STM32F1xx_HAL_Driver/Src/stm32f1xx_hal_uart.o
 .text.atof     0x000000000800c990        0x6 C:/ST/STM32CubeIDE_1.10.1/STM32CubeIDE/plugins/com.st.stm32cube.ide.mcu.externaltools.gnu-tools-for-stm32.11.3.rel1.win32_1.1.100.202309141235/tools/bin/../lib/gcc/arm-none-eabi/11.3.1/../../../../arm-none-eabi/lib/thumb/v7-m/nofp\libc_nano.a(libc_a-atof.o)
                0x000000000800c990                atof
 .text.atol     0x000000000800c996        0x8 C:/ST/STM32CubeIDE_1.10.1/STM32CubeIDE/plugins/com.st.stm32cube.ide.mcu.externaltools.gnu-tools-for-stm32.11.3.rel1.win32_1.1.100.202309141235/tools/bin/../lib/gcc/arm-none-eabi/11.3.1/../../../../arm-none-eabi/lib/thumb/v7-m/nofp\libc_nano.a(libc_a-atol.o)
                0x000000000800c996                atol
 .text.sulp     0x000000000800c99e       0x42 C:/ST/STM32CubeIDE_1.10.1/STM32CubeIDE/plugins/com.st.stm32cube.ide.mcu.externaltools.gnu-tools-for-stm32.11.3.rel1.win32_1.1.100.202309141235/tools/bin/../lib/gcc/arm-none-eabi/11.3.1/../../../../arm-none-eabi/lib/thumb/v7-m/nofp\libc_nano.a(libc_a-strtod.o)
 .text._strtod_l
                0x000000000800c9e0      0xbe8 C:/ST/STM32CubeIDE_1.10.1/STM32CubeIDE/plugins/com.st.stm32cube.ide.mcu.externaltools.gnu-tools-for-stm32.11.3.rel1.win32_1.1.100.202309141235/tools/bin/../lib/gcc/arm-none-eabi/11.3.1/../../../../arm-none-eabi/lib/thumb/v7-m/nofp\libc_nano.a(libc_a-strtod.o)
                0x000000000800c9e0                _strtod_l
 .text.strtod   0x000000000800d5c8       0x18 C:/ST/STM32CubeIDE_1.10.1/STM32CubeIDE/plugins/com.st.stm32cube.ide.mcu.externaltools.gnu-tools-for-stm32.11.3.rel1.win32_1.1.100.202309141235/tools/bin/../lib/gcc/arm-none-eabi/11.3.1/../../../../arm-none-eabi/lib/thumb/v7-m/nofp\libc_nano.a(libc_a-strtod.o)
                0x000000000800d5c8                strtod
 .text._strtol_l.constprop.0
                0x000000000800d5e0       0xfc C:/ST/STM32CubeIDE_1.10.1/STM32CubeIDE/plugins/com.st.stm32cube.ide.mcu.externaltools.gnu-tools-for-stm32.11.3.rel1.win32_1.1.100.202309141235/tools/bin/../lib/gcc/arm-none-eabi/11.3.1/../../../../arm-none-eabi/lib/thumb/v7-m/nofp\libc_nano.a(libc_a-strtol.o)
 .text.strtol   0x000000000800d6dc       0x14 C:/ST/STM32CubeIDE_1.10.1/STM32CubeIDE/plugins/com.st.stm32cube.ide.mcu.externaltools.gnu-tools-for-stm32.11.3.rel1.win32_1.1.100.202309141235/tools/bin/../lib/gcc/arm-none-eabi/11.3.1/../../../../arm-none-eabi/lib/thumb/v7-m/nofp\libc_nano.a(libc_a-strtol.o)
                0x000000000800d6dc                strtol
 .text.std      0x000000000800d6f0       0x6c C:/ST/STM32CubeIDE_1.10.1/STM32CubeIDE/plugins/com.st.stm32cube.ide.mcu.externaltools.gnu-tools-for-stm32.11.3.rel1.win32_1.1.100.202309141235/tools/bin/../lib/gcc/arm-none-eabi/11.3.1/../../../../arm-none-eabi/lib/thumb/v7-m/nofp\libc_nano.a(libc_a-findfp.o)
 .text.stdio_exit_handler
                0x000000000800d75c       0x18 C:/ST/STM32CubeIDE_1.10.1/STM32CubeIDE/plugins/com.st.stm32cube.ide.mcu.externaltools.gnu-tools-for-stm32.11.3.rel1.win32_1.1.100.202309141235/tools/bin/../lib/gcc/arm-none-eabi/11.3.1/../../../../arm-none-eabi/lib/thumb/v7-m/nofp\libc_nano.a(libc_a-findfp.o)
 .text.cleanup_stdio
                0x000000000800d774       0x40 C:/ST/STM32CubeIDE_1.10.1/STM32CubeIDE/plugins/com.st.stm32cube.ide.mcu.externaltools.gnu-tools-for-stm32.11.3.rel1.win32_1.1.100.202309141235/tools/bin/../lib/gcc/arm-none-eabi/11.3.1/../../../../arm-none-eabi/lib/thumb/v7-m/nofp\libc_nano.a(libc_a-findfp.o)
 .text.global_stdio_init.part.0
                0x000000000800d7b4       0x3c C:/ST/STM32CubeIDE_1.10.1/STM32CubeIDE/plugins/com.st.stm32cube.ide.mcu.externaltools.gnu-tools-for-stm32.11.3.rel1.win32_1.1.100.202309141235/tools/bin/../lib/gcc/arm-none-eabi/11.3.1/../../../../arm-none-eabi/lib/thumb/v7-m/nofp\libc_nano.a(libc_a-findfp.o)
 .text.__sfp_lock_acquire
                0x000000000800d7f0        0xc C:/ST/STM32CubeIDE_1.10.1/STM32CubeIDE/plugins/com.st.stm32cube.ide.mcu.externaltools.gnu-tools-for-stm32.11.3.rel1.win32_1.1.100.202309141235/tools/bin/../lib/gcc/arm-none-eabi/11.3.1/../../../../arm-none-eabi/lib/thumb/v7-m/nofp\libc_nano.a(libc_a-findfp.o)
                0x000000000800d7f0                __sfp_lock_acquire
 .text.__sfp_lock_release
                0x000000000800d7fc        0xc C:/ST/STM32CubeIDE_1.10.1/STM32CubeIDE/plugins/com.st.stm32cube.ide.mcu.externaltools.gnu-tools-for-stm32.11.3.rel1.win32_1.1.100.202309141235/tools/bin/../lib/gcc/arm-none-eabi/11.3.1/../../../../arm-none-eabi/lib/thumb/v7-m/nofp\libc_nano.a(libc_a-findfp.o)
                0x000000000800d7fc                __sfp_lock_release
 .text.__sinit  0x000000000800d808       0x30 C:/ST/STM32CubeIDE_1.10.1/STM32CubeIDE/plugins/com.st.stm32cube.ide.mcu.externaltools.gnu-tools-for-stm32.11.3.rel1.win32_1.1.100.202309141235/tools/bin/../lib/gcc/arm-none-eabi/11.3.1/../../../../arm-none-eabi/lib/thumb/v7-m/nofp\libc_nano.a(libc_a-findfp.o)
                0x000000000800d808                __sinit
 .text._fwalk_sglue
                0x000000000800d838       0x3c C:/ST/STM32CubeIDE_1.10.1/STM32CubeIDE/plugins/com.st.stm32cube.ide.mcu.externaltools.gnu-tools-for-stm32.11.3.rel1.win32_1.1.100.202309141235/tools/bin/../lib/gcc/arm-none-eabi/11.3.1/../../../../arm-none-eabi/lib/thumb/v7-m/nofp\libc_nano.a(libc_a-fwalk.o)
                0x000000000800d838                _fwalk_sglue
 .text.sprintf  0x000000000800d874       0x40 C:/ST/STM32CubeIDE_1.10.1/STM32CubeIDE/plugins/com.st.stm32cube.ide.mcu.externaltools.gnu-tools-for-stm32.11.3.rel1.win32_1.1.100.202309141235/tools/bin/../lib/gcc/arm-none-eabi/11.3.1/../../../../arm-none-eabi/lib/thumb/v7-m/nofp\libc_nano.a(libc_a-sprintf.o)
                0x000000000800d874                siprintf
                0x000000000800d874                sprintf
 .text.__sread  0x000000000800d8b4       0x22 C:/ST/STM32CubeIDE_1.10.1/STM32CubeIDE/plugins/com.st.stm32cube.ide.mcu.externaltools.gnu-tools-for-stm32.11.3.rel1.win32_1.1.100.202309141235/tools/bin/../lib/gcc/arm-none-eabi/11.3.1/../../../../arm-none-eabi/lib/thumb/v7-m/nofp\libc_nano.a(libc_a-stdio.o)
                0x000000000800d8b4                __sread
 .text.__swrite
                0x000000000800d8d6       0x38 C:/ST/STM32CubeIDE_1.10.1/STM32CubeIDE/plugins/com.st.stm32cube.ide.mcu.externaltools.gnu-tools-for-stm32.11.3.rel1.win32_1.1.100.202309141235/tools/bin/../lib/gcc/arm-none-eabi/11.3.1/../../../../arm-none-eabi/lib/thumb/v7-m/nofp\libc_nano.a(libc_a-stdio.o)
                0x000000000800d8d6                __swrite
 .text.__sseek  0x000000000800d90e       0x24 C:/ST/STM32CubeIDE_1.10.1/STM32CubeIDE/plugins/com.st.stm32cube.ide.mcu.externaltools.gnu-tools-for-stm32.11.3.rel1.win32_1.1.100.202309141235/tools/bin/../lib/gcc/arm-none-eabi/11.3.1/../../../../arm-none-eabi/lib/thumb/v7-m/nofp\libc_nano.a(libc_a-stdio.o)
                0x000000000800d90e                __sseek
 .text.__sclose
                0x000000000800d932        0x8 C:/ST/STM32CubeIDE_1.10.1/STM32CubeIDE/plugins/com.st.stm32cube.ide.mcu.externaltools.gnu-tools-for-stm32.11.3.rel1.win32_1.1.100.202309141235/tools/bin/../lib/gcc/arm-none-eabi/11.3.1/../../../../arm-none-eabi/lib/thumb/v7-m/nofp\libc_nano.a(libc_a-stdio.o)
                0x000000000800d932                __sclose
 .text.memset   0x000000000800d93a       0x10 C:/ST/STM32CubeIDE_1.10.1/STM32CubeIDE/plugins/com.st.stm32cube.ide.mcu.externaltools.gnu-tools-for-stm32.11.3.rel1.win32_1.1.100.202309141235/tools/bin/../lib/gcc/arm-none-eabi/11.3.1/../../../../arm-none-eabi/lib/thumb/v7-m/nofp\libc_nano.a(libc_a-memset.o)
                0x000000000800d93a                memset
 .text.strncmp  0x000000000800d94a       0x24 C:/ST/STM32CubeIDE_1.10.1/STM32CubeIDE/plugins/com.st.stm32cube.ide.mcu.externaltools.gnu-tools-for-stm32.11.3.rel1.win32_1.1.100.202309141235/tools/bin/../lib/gcc/arm-none-eabi/11.3.1/../../../../arm-none-eabi/lib/thumb/v7-m/nofp\libc_nano.a(libc_a-strncmp.o)
                0x000000000800d94a                strncmp
 *fill*         0x000000000800d96e        0x2 
 .text._close_r
                0x000000000800d970       0x20 C:/ST/STM32CubeIDE_1.10.1/STM32CubeIDE/plugins/com.st.stm32cube.ide.mcu.externaltools.gnu-tools-for-stm32.11.3.rel1.win32_1.1.100.202309141235/tools/bin/../lib/gcc/arm-none-eabi/11.3.1/../../../../arm-none-eabi/lib/thumb/v7-m/nofp\libc_nano.a(libc_a-closer.o)
                0x000000000800d970                _close_r
 .text._lseek_r
                0x000000000800d990       0x24 C:/ST/STM32CubeIDE_1.10.1/STM32CubeIDE/plugins/com.st.stm32cube.ide.mcu.externaltools.gnu-tools-for-stm32.11.3.rel1.win32_1.1.100.202309141235/tools/bin/../lib/gcc/arm-none-eabi/11.3.1/../../../../arm-none-eabi/lib/thumb/v7-m/nofp\libc_nano.a(libc_a-lseekr.o)
                0x000000000800d990                _lseek_r
 .text._read_r  0x000000000800d9b4       0x24 C:/ST/STM32CubeIDE_1.10.1/STM32CubeIDE/plugins/com.st.stm32cube.ide.mcu.externaltools.gnu-tools-for-stm32.11.3.rel1.win32_1.1.100.202309141235/tools/bin/../lib/gcc/arm-none-eabi/11.3.1/../../../../arm-none-eabi/lib/thumb/v7-m/nofp\libc_nano.a(libc_a-readr.o)
                0x000000000800d9b4                _read_r
 .text._write_r
                0x000000000800d9d8       0x24 C:/ST/STM32CubeIDE_1.10.1/STM32CubeIDE/plugins/com.st.stm32cube.ide.mcu.externaltools.gnu-tools-for-stm32.11.3.rel1.win32_1.1.100.202309141235/tools/bin/../lib/gcc/arm-none-eabi/11.3.1/../../../../arm-none-eabi/lib/thumb/v7-m/nofp\libc_nano.a(libc_a-writer.o)
                0x000000000800d9d8                _write_r
 .text.__errno  0x000000000800d9fc        0xc C:/ST/STM32CubeIDE_1.10.1/STM32CubeIDE/plugins/com.st.stm32cube.ide.mcu.externaltools.gnu-tools-for-stm32.11.3.rel1.win32_1.1.100.202309141235/tools/bin/../lib/gcc/arm-none-eabi/11.3.1/../../../../arm-none-eabi/lib/thumb/v7-m/nofp\libc_nano.a(libc_a-errno.o)
                0x000000000800d9fc                __errno
 .text.__libc_init_array
                0x000000000800da08       0x48 C:/ST/STM32CubeIDE_1.10.1/STM32CubeIDE/plugins/com.st.stm32cube.ide.mcu.externaltools.gnu-tools-for-stm32.11.3.rel1.win32_1.1.100.202309141235/tools/bin/../lib/gcc/arm-none-eabi/11.3.1/../../../../arm-none-eabi/lib/thumb/v7-m/nofp\libc_nano.a(libc_a-init.o)
                0x000000000800da08                __libc_init_array
 .text.__retarget_lock_init_recursive
                0x000000000800da50        0x2 C:/ST/STM32CubeIDE_1.10.1/STM32CubeIDE/plugins/com.st.stm32cube.ide.mcu.externaltools.gnu-tools-for-stm32.11.3.rel1.win32_1.1.100.202309141235/tools/bin/../lib/gcc/arm-none-eabi/11.3.1/../../../../arm-none-eabi/lib/thumb/v7-m/nofp\libc_nano.a(libc_a-lock.o)
                0x000000000800da50                __retarget_lock_init_recursive
 .text.__retarget_lock_acquire_recursive
                0x000000000800da52        0x2 C:/ST/STM32CubeIDE_1.10.1/STM32CubeIDE/plugins/com.st.stm32cube.ide.mcu.externaltools.gnu-tools-for-stm32.11.3.rel1.win32_1.1.100.202309141235/tools/bin/../lib/gcc/arm-none-eabi/11.3.1/../../../../arm-none-eabi/lib/thumb/v7-m/nofp\libc_nano.a(libc_a-lock.o)
                0x000000000800da52                __retarget_lock_acquire_recursive
 .text.__retarget_lock_release_recursive
                0x000000000800da54        0x2 C:/ST/STM32CubeIDE_1.10.1/STM32CubeIDE/plugins/com.st.stm32cube.ide.mcu.externaltools.gnu-tools-for-stm32.11.3.rel1.win32_1.1.100.202309141235/tools/bin/../lib/gcc/arm-none-eabi/11.3.1/../../../../arm-none-eabi/lib/thumb/v7-m/nofp\libc_nano.a(libc_a-lock.o)
                0x000000000800da54                __retarget_lock_release_recursive
 .text.memcpy   0x000000000800da56       0x1c C:/ST/STM32CubeIDE_1.10.1/STM32CubeIDE/plugins/com.st.stm32cube.ide.mcu.externaltools.gnu-tools-for-stm32.11.3.rel1.win32_1.1.100.202309141235/tools/bin/../lib/gcc/arm-none-eabi/11.3.1/../../../../arm-none-eabi/lib/thumb/v7-m/nofp\libc_nano.a(libc_a-memcpy-stub.o)
                0x000000000800da56                memcpy
 *fill*         0x000000000800da72        0x2 
 .text.nan      0x000000000800da74        0xc C:/ST/STM32CubeIDE_1.10.1/STM32CubeIDE/plugins/com.st.stm32cube.ide.mcu.externaltools.gnu-tools-for-stm32.11.3.rel1.win32_1.1.100.202309141235/tools/bin/../lib/gcc/arm-none-eabi/11.3.1/../../../../arm-none-eabi/lib/thumb/v7-m/nofp\libc_nano.a(libm_a-s_nan.o)
                0x000000000800da74                nan
 .text._free_r  0x000000000800da80       0x90 C:/ST/STM32CubeIDE_1.10.1/STM32CubeIDE/plugins/com.st.stm32cube.ide.mcu.externaltools.gnu-tools-for-stm32.11.3.rel1.win32_1.1.100.202309141235/tools/bin/../lib/gcc/arm-none-eabi/11.3.1/../../../../arm-none-eabi/lib/thumb/v7-m/nofp\libc_nano.a(libc_a-freer.o)
                0x000000000800da80                _free_r
 .text.rshift   0x000000000800db10       0xa6 C:/ST/STM32CubeIDE_1.10.1/STM32CubeIDE/plugins/com.st.stm32cube.ide.mcu.externaltools.gnu-tools-for-stm32.11.3.rel1.win32_1.1.100.202309141235/tools/bin/../lib/gcc/arm-none-eabi/11.3.1/../../../../arm-none-eabi/lib/thumb/v7-m/nofp\libc_nano.a(libc_a-gdtoa-gethex.o)
 .text.__hexdig_fun
                0x000000000800dbb6       0x2a C:/ST/STM32CubeIDE_1.10.1/STM32CubeIDE/plugins/com.st.stm32cube.ide.mcu.externaltools.gnu-tools-for-stm32.11.3.rel1.win32_1.1.100.202309141235/tools/bin/../lib/gcc/arm-none-eabi/11.3.1/../../../../arm-none-eabi/lib/thumb/v7-m/nofp\libc_nano.a(libc_a-gdtoa-gethex.o)
                0x000000000800dbb6                __hexdig_fun
 .text.__gethex
                0x000000000800dbe0      0x460 C:/ST/STM32CubeIDE_1.10.1/STM32CubeIDE/plugins/com.st.stm32cube.ide.mcu.externaltools.gnu-tools-for-stm32.11.3.rel1.win32_1.1.100.202309141235/tools/bin/../lib/gcc/arm-none-eabi/11.3.1/../../../../arm-none-eabi/lib/thumb/v7-m/nofp\libc_nano.a(libc_a-gdtoa-gethex.o)
                0x000000000800dbe0                __gethex
 .text.L_shift  0x000000000800e040       0x24 C:/ST/STM32CubeIDE_1.10.1/STM32CubeIDE/plugins/com.st.stm32cube.ide.mcu.externaltools.gnu-tools-for-stm32.11.3.rel1.win32_1.1.100.202309141235/tools/bin/../lib/gcc/arm-none-eabi/11.3.1/../../../../arm-none-eabi/lib/thumb/v7-m/nofp\libc_nano.a(libc_a-gdtoa-hexnan.o)
 .text.__match  0x000000000800e064       0x28 C:/ST/STM32CubeIDE_1.10.1/STM32CubeIDE/plugins/com.st.stm32cube.ide.mcu.externaltools.gnu-tools-for-stm32.11.3.rel1.win32_1.1.100.202309141235/tools/bin/../lib/gcc/arm-none-eabi/11.3.1/../../../../arm-none-eabi/lib/thumb/v7-m/nofp\libc_nano.a(libc_a-gdtoa-hexnan.o)
                0x000000000800e064                __match
 .text.__hexnan
                0x000000000800e08c      0x136 C:/ST/STM32CubeIDE_1.10.1/STM32CubeIDE/plugins/com.st.stm32cube.ide.mcu.externaltools.gnu-tools-for-stm32.11.3.rel1.win32_1.1.100.202309141235/tools/bin/../lib/gcc/arm-none-eabi/11.3.1/../../../../arm-none-eabi/lib/thumb/v7-m/nofp\libc_nano.a(libc_a-gdtoa-hexnan.o)
                0x000000000800e08c                __hexnan
 *fill*         0x000000000800e1c2        0x2 
 .text.sbrk_aligned
                0x000000000800e1c4       0x40 C:/ST/STM32CubeIDE_1.10.1/STM32CubeIDE/plugins/com.st.stm32cube.ide.mcu.externaltools.gnu-tools-for-stm32.11.3.rel1.win32_1.1.100.202309141235/tools/bin/../lib/gcc/arm-none-eabi/11.3.1/../../../../arm-none-eabi/lib/thumb/v7-m/nofp\libc_nano.a(libc_a-mallocr.o)
 .text._malloc_r
                0x000000000800e204      0x100 C:/ST/STM32CubeIDE_1.10.1/STM32CubeIDE/plugins/com.st.stm32cube.ide.mcu.externaltools.gnu-tools-for-stm32.11.3.rel1.win32_1.1.100.202309141235/tools/bin/../lib/gcc/arm-none-eabi/11.3.1/../../../../arm-none-eabi/lib/thumb/v7-m/nofp\libc_nano.a(libc_a-mallocr.o)
                0x000000000800e204                _malloc_r
 .text.__ascii_mbtowc
                0x000000000800e304       0x24 C:/ST/STM32CubeIDE_1.10.1/STM32CubeIDE/plugins/com.st.stm32cube.ide.mcu.externaltools.gnu-tools-for-stm32.11.3.rel1.win32_1.1.100.202309141235/tools/bin/../lib/gcc/arm-none-eabi/11.3.1/../../../../arm-none-eabi/lib/thumb/v7-m/nofp\libc_nano.a(libc_a-mbtowc_r.o)
                0x000000000800e304                __ascii_mbtowc
 .text.__malloc_lock
                0x000000000800e328        0xc C:/ST/STM32CubeIDE_1.10.1/STM32CubeIDE/plugins/com.st.stm32cube.ide.mcu.externaltools.gnu-tools-for-stm32.11.3.rel1.win32_1.1.100.202309141235/tools/bin/../lib/gcc/arm-none-eabi/11.3.1/../../../../arm-none-eabi/lib/thumb/v7-m/nofp\libc_nano.a(libc_a-mlock.o)
                0x000000000800e328                __malloc_lock
 .text.__malloc_unlock
                0x000000000800e334        0xc C:/ST/STM32CubeIDE_1.10.1/STM32CubeIDE/plugins/com.st.stm32cube.ide.mcu.externaltools.gnu-tools-for-stm32.11.3.rel1.win32_1.1.100.202309141235/tools/bin/../lib/gcc/arm-none-eabi/11.3.1/../../../../arm-none-eabi/lib/thumb/v7-m/nofp\libc_nano.a(libc_a-mlock.o)
                0x000000000800e334                __malloc_unlock
 .text._Balloc  0x000000000800e340       0x80 C:/ST/STM32CubeIDE_1.10.1/STM32CubeIDE/plugins/com.st.stm32cube.ide.mcu.externaltools.gnu-tools-for-stm32.11.3.rel1.win32_1.1.100.202309141235/tools/bin/../lib/gcc/arm-none-eabi/11.3.1/../../../../arm-none-eabi/lib/thumb/v7-m/nofp\libc_nano.a(libc_a-mprec.o)
                0x000000000800e340                _Balloc
 .text._Bfree   0x000000000800e3c0       0x44 C:/ST/STM32CubeIDE_1.10.1/STM32CubeIDE/plugins/com.st.stm32cube.ide.mcu.externaltools.gnu-tools-for-stm32.11.3.rel1.win32_1.1.100.202309141235/tools/bin/../lib/gcc/arm-none-eabi/11.3.1/../../../../arm-none-eabi/lib/thumb/v7-m/nofp\libc_nano.a(libc_a-mprec.o)
                0x000000000800e3c0                _Bfree
 .text.__multadd
                0x000000000800e404       0x8c C:/ST/STM32CubeIDE_1.10.1/STM32CubeIDE/plugins/com.st.stm32cube.ide.mcu.externaltools.gnu-tools-for-stm32.11.3.rel1.win32_1.1.100.202309141235/tools/bin/../lib/gcc/arm-none-eabi/11.3.1/../../../../arm-none-eabi/lib/thumb/v7-m/nofp\libc_nano.a(libc_a-mprec.o)
                0x000000000800e404                __multadd
 .text.__s2b    0x000000000800e490       0x94 C:/ST/STM32CubeIDE_1.10.1/STM32CubeIDE/plugins/com.st.stm32cube.ide.mcu.externaltools.gnu-tools-for-stm32.11.3.rel1.win32_1.1.100.202309141235/tools/bin/../lib/gcc/arm-none-eabi/11.3.1/../../../../arm-none-eabi/lib/thumb/v7-m/nofp\libc_nano.a(libc_a-mprec.o)
                0x000000000800e490                __s2b
 .text.__hi0bits
                0x000000000800e524       0x40 C:/ST/STM32CubeIDE_1.10.1/STM32CubeIDE/plugins/com.st.stm32cube.ide.mcu.externaltools.gnu-tools-for-stm32.11.3.rel1.win32_1.1.100.202309141235/tools/bin/../lib/gcc/arm-none-eabi/11.3.1/../../../../arm-none-eabi/lib/thumb/v7-m/nofp\libc_nano.a(libc_a-mprec.o)
                0x000000000800e524                __hi0bits
 .text.__lo0bits
                0x000000000800e564       0x5a C:/ST/STM32CubeIDE_1.10.1/STM32CubeIDE/plugins/com.st.stm32cube.ide.mcu.externaltools.gnu-tools-for-stm32.11.3.rel1.win32_1.1.100.202309141235/tools/bin/../lib/gcc/arm-none-eabi/11.3.1/../../../../arm-none-eabi/lib/thumb/v7-m/nofp\libc_nano.a(libc_a-mprec.o)
                0x000000000800e564                __lo0bits
 *fill*         0x000000000800e5be        0x2 
 .text.__i2b    0x000000000800e5c0       0x2c C:/ST/STM32CubeIDE_1.10.1/STM32CubeIDE/plugins/com.st.stm32cube.ide.mcu.externaltools.gnu-tools-for-stm32.11.3.rel1.win32_1.1.100.202309141235/tools/bin/../lib/gcc/arm-none-eabi/11.3.1/../../../../arm-none-eabi/lib/thumb/v7-m/nofp\libc_nano.a(libc_a-mprec.o)
                0x000000000800e5c0                __i2b
 .text.__multiply
                0x000000000800e5ec      0x150 C:/ST/STM32CubeIDE_1.10.1/STM32CubeIDE/plugins/com.st.stm32cube.ide.mcu.externaltools.gnu-tools-for-stm32.11.3.rel1.win32_1.1.100.202309141235/tools/bin/../lib/gcc/arm-none-eabi/11.3.1/../../../../arm-none-eabi/lib/thumb/v7-m/nofp\libc_nano.a(libc_a-mprec.o)
                0x000000000800e5ec                __multiply
 .text.__pow5mult
                0x000000000800e73c       0xb4 C:/ST/STM32CubeIDE_1.10.1/STM32CubeIDE/plugins/com.st.stm32cube.ide.mcu.externaltools.gnu-tools-for-stm32.11.3.rel1.win32_1.1.100.202309141235/tools/bin/../lib/gcc/arm-none-eabi/11.3.1/../../../../arm-none-eabi/lib/thumb/v7-m/nofp\libc_nano.a(libc_a-mprec.o)
                0x000000000800e73c                __pow5mult
 .text.__lshift
                0x000000000800e7f0       0xd8 C:/ST/STM32CubeIDE_1.10.1/STM32CubeIDE/plugins/com.st.stm32cube.ide.mcu.externaltools.gnu-tools-for-stm32.11.3.rel1.win32_1.1.100.202309141235/tools/bin/../lib/gcc/arm-none-eabi/11.3.1/../../../../arm-none-eabi/lib/thumb/v7-m/nofp\libc_nano.a(libc_a-mprec.o)
                0x000000000800e7f0                __lshift
 .text.__mcmp   0x000000000800e8c8       0x36 C:/ST/STM32CubeIDE_1.10.1/STM32CubeIDE/plugins/com.st.stm32cube.ide.mcu.externaltools.gnu-tools-for-stm32.11.3.rel1.win32_1.1.100.202309141235/tools/bin/../lib/gcc/arm-none-eabi/11.3.1/../../../../arm-none-eabi/lib/thumb/v7-m/nofp\libc_nano.a(libc_a-mprec.o)
                0x000000000800e8c8                __mcmp
 *fill*         0x000000000800e8fe        0x2 
 .text.__mdiff  0x000000000800e900      0x118 C:/ST/STM32CubeIDE_1.10.1/STM32CubeIDE/plugins/com.st.stm32cube.ide.mcu.externaltools.gnu-tools-for-stm32.11.3.rel1.win32_1.1.100.202309141235/tools/bin/../lib/gcc/arm-none-eabi/11.3.1/../../../../arm-none-eabi/lib/thumb/v7-m/nofp\libc_nano.a(libc_a-mprec.o)
                0x000000000800e900                __mdiff
 .text.__ulp    0x000000000800ea18       0x40 C:/ST/STM32CubeIDE_1.10.1/STM32CubeIDE/plugins/com.st.stm32cube.ide.mcu.externaltools.gnu-tools-for-stm32.11.3.rel1.win32_1.1.100.202309141235/tools/bin/../lib/gcc/arm-none-eabi/11.3.1/../../../../arm-none-eabi/lib/thumb/v7-m/nofp\libc_nano.a(libc_a-mprec.o)
                0x000000000800ea18                __ulp
 .text.__b2d    0x000000000800ea58       0x90 C:/ST/STM32CubeIDE_1.10.1/STM32CubeIDE/plugins/com.st.stm32cube.ide.mcu.externaltools.gnu-tools-for-stm32.11.3.rel1.win32_1.1.100.202309141235/tools/bin/../lib/gcc/arm-none-eabi/11.3.1/../../../../arm-none-eabi/lib/thumb/v7-m/nofp\libc_nano.a(libc_a-mprec.o)
                0x000000000800ea58                __b2d
 .text.__d2b    0x000000000800eae8       0xac C:/ST/STM32CubeIDE_1.10.1/STM32CubeIDE/plugins/com.st.stm32cube.ide.mcu.externaltools.gnu-tools-for-stm32.11.3.rel1.win32_1.1.100.202309141235/tools/bin/../lib/gcc/arm-none-eabi/11.3.1/../../../../arm-none-eabi/lib/thumb/v7-m/nofp\libc_nano.a(libc_a-mprec.o)
                0x000000000800eae8                __d2b
 .text.__ratio  0x000000000800eb94       0x5c C:/ST/STM32CubeIDE_1.10.1/STM32CubeIDE/plugins/com.st.stm32cube.ide.mcu.externaltools.gnu-tools-for-stm32.11.3.rel1.win32_1.1.100.202309141235/tools/bin/../lib/gcc/arm-none-eabi/11.3.1/../../../../arm-none-eabi/lib/thumb/v7-m/nofp\libc_nano.a(libc_a-mprec.o)
                0x000000000800eb94                __ratio
 .text.__copybits
                0x000000000800ebf0       0x46 C:/ST/STM32CubeIDE_1.10.1/STM32CubeIDE/plugins/com.st.stm32cube.ide.mcu.externaltools.gnu-tools-for-stm32.11.3.rel1.win32_1.1.100.202309141235/tools/bin/../lib/gcc/arm-none-eabi/11.3.1/../../../../arm-none-eabi/lib/thumb/v7-m/nofp\libc_nano.a(libc_a-mprec.o)
                0x000000000800ebf0                __copybits
 .text.__any_on
                0x000000000800ec36       0x42 C:/ST/STM32CubeIDE_1.10.1/STM32CubeIDE/plugins/com.st.stm32cube.ide.mcu.externaltools.gnu-tools-for-stm32.11.3.rel1.win32_1.1.100.202309141235/tools/bin/../lib/gcc/arm-none-eabi/11.3.1/../../../../arm-none-eabi/lib/thumb/v7-m/nofp\libc_nano.a(libc_a-mprec.o)
                0x000000000800ec36                __any_on
 .text.__ascii_wctomb
                0x000000000800ec78       0x1a C:/ST/STM32CubeIDE_1.10.1/STM32CubeIDE/plugins/com.st.stm32cube.ide.mcu.externaltools.gnu-tools-for-stm32.11.3.rel1.win32_1.1.100.202309141235/tools/bin/../lib/gcc/arm-none-eabi/11.3.1/../../../../arm-none-eabi/lib/thumb/v7-m/nofp\libc_nano.a(libc_a-wctomb_r.o)
                0x000000000800ec78                __ascii_wctomb
 .text.__ssputs_r
                0x000000000800ec92       0xb4 C:/ST/STM32CubeIDE_1.10.1/STM32CubeIDE/plugins/com.st.stm32cube.ide.mcu.externaltools.gnu-tools-for-stm32.11.3.rel1.win32_1.1.100.202309141235/tools/bin/../lib/gcc/arm-none-eabi/11.3.1/../../../../arm-none-eabi/lib/thumb/v7-m/nofp\libc_nano.a(libc_a-nano-svfprintf.o)
                0x000000000800ec92                __ssputs_r
 *fill*         0x000000000800ed46        0x2 
 .text._svfprintf_r
                0x000000000800ed48      0x1fc C:/ST/STM32CubeIDE_1.10.1/STM32CubeIDE/plugins/com.st.stm32cube.ide.mcu.externaltools.gnu-tools-for-stm32.11.3.rel1.win32_1.1.100.202309141235/tools/bin/../lib/gcc/arm-none-eabi/11.3.1/../../../../arm-none-eabi/lib/thumb/v7-m/nofp\libc_nano.a(libc_a-nano-svfprintf.o)
                0x000000000800ed48                _svfiprintf_r
                0x000000000800ed48                _svfprintf_r
 .text._printf_common
                0x000000000800ef44       0xe4 C:/ST/STM32CubeIDE_1.10.1/STM32CubeIDE/plugins/com.st.stm32cube.ide.mcu.externaltools.gnu-tools-for-stm32.11.3.rel1.win32_1.1.100.202309141235/tools/bin/../lib/gcc/arm-none-eabi/11.3.1/../../../../arm-none-eabi/lib/thumb/v7-m/nofp\libc_nano.a(libc_a-nano-vfprintf_i.o)
                0x000000000800ef44                _printf_common
 .text._printf_i
                0x000000000800f028      0x244 C:/ST/STM32CubeIDE_1.10.1/STM32CubeIDE/plugins/com.st.stm32cube.ide.mcu.externaltools.gnu-tools-for-stm32.11.3.rel1.win32_1.1.100.202309141235/tools/bin/../lib/gcc/arm-none-eabi/11.3.1/../../../../arm-none-eabi/lib/thumb/v7-m/nofp\libc_nano.a(libc_a-nano-vfprintf_i.o)
                0x000000000800f028                _printf_i
 .text.__sflush_r
                0x000000000800f26c      0x104 C:/ST/STM32CubeIDE_1.10.1/STM32CubeIDE/plugins/com.st.stm32cube.ide.mcu.externaltools.gnu-tools-for-stm32.11.3.rel1.win32_1.1.100.202309141235/tools/bin/../lib/gcc/arm-none-eabi/11.3.1/../../../../arm-none-eabi/lib/thumb/v7-m/nofp\libc_nano.a(libc_a-fflush.o)
                0x000000000800f26c                __sflush_r
 .text._fflush_r
                0x000000000800f370       0x50 C:/ST/STM32CubeIDE_1.10.1/STM32CubeIDE/plugins/com.st.stm32cube.ide.mcu.externaltools.gnu-tools-for-stm32.11.3.rel1.win32_1.1.100.202309141235/tools/bin/../lib/gcc/arm-none-eabi/11.3.1/../../../../arm-none-eabi/lib/thumb/v7-m/nofp\libc_nano.a(libc_a-fflush.o)
                0x000000000800f370                _fflush_r
 .text.memmove  0x000000000800f3c0       0x34 C:/ST/STM32CubeIDE_1.10.1/STM32CubeIDE/plugins/com.st.stm32cube.ide.mcu.externaltools.gnu-tools-for-stm32.11.3.rel1.win32_1.1.100.202309141235/tools/bin/../lib/gcc/arm-none-eabi/11.3.1/../../../../arm-none-eabi/lib/thumb/v7-m/nofp\libc_nano.a(libc_a-memmove.o)
                0x000000000800f3c0                memmove
 .text._sbrk_r  0x000000000800f3f4       0x20 C:/ST/STM32CubeIDE_1.10.1/STM32CubeIDE/plugins/com.st.stm32cube.ide.mcu.externaltools.gnu-tools-for-stm32.11.3.rel1.win32_1.1.100.202309141235/tools/bin/../lib/gcc/arm-none-eabi/11.3.1/../../../../arm-none-eabi/lib/thumb/v7-m/nofp\libc_nano.a(libc_a-sbrkr.o)
                0x000000000800f3f4                _sbrk_r
 .text.memchr   0x000000000800f414       0x1c C:/ST/STM32CubeIDE_1.10.1/STM32CubeIDE/plugins/com.st.stm32cube.ide.mcu.externaltools.gnu-tools-for-stm32.11.3.rel1.win32_1.1.100.202309141235/tools/bin/../lib/gcc/arm-none-eabi/11.3.1/../../../../arm-none-eabi/lib/thumb/v7-m/nofp\libc_nano.a(libc_a-memchr-stub.o)
                0x000000000800f414                memchr
 .text.__assert_func
                0x000000000800f430       0x3c C:/ST/STM32CubeIDE_1.10.1/STM32CubeIDE/plugins/com.st.stm32cube.ide.mcu.externaltools.gnu-tools-for-stm32.11.3.rel1.win32_1.1.100.202309141235/tools/bin/../lib/gcc/arm-none-eabi/11.3.1/../../../../arm-none-eabi/lib/thumb/v7-m/nofp\libc_nano.a(libc_a-assert.o)
                0x000000000800f430                __assert_func
 .text._calloc_r
                0x000000000800f46c       0x28 C:/ST/STM32CubeIDE_1.10.1/STM32CubeIDE/plugins/com.st.stm32cube.ide.mcu.externaltools.gnu-tools-for-stm32.11.3.rel1.win32_1.1.100.202309141235/tools/bin/../lib/gcc/arm-none-eabi/11.3.1/../../../../arm-none-eabi/lib/thumb/v7-m/nofp\libc_nano.a(libc_a-callocr.o)
                0x000000000800f46c                _calloc_r
 .text.malloc   0x000000000800f494       0x10 C:/ST/STM32CubeIDE_1.10.1/STM32CubeIDE/plugins/com.st.stm32cube.ide.mcu.externaltools.gnu-tools-for-stm32.11.3.rel1.win32_1.1.100.202309141235/tools/bin/../lib/gcc/arm-none-eabi/11.3.1/../../../../arm-none-eabi/lib/thumb/v7-m/nofp\libc_nano.a(libc_a-malloc.o)
                0x000000000800f494                malloc
 .text._realloc_r
                0x000000000800f4a4       0x5e C:/ST/STM32CubeIDE_1.10.1/STM32CubeIDE/plugins/com.st.stm32cube.ide.mcu.externaltools.gnu-tools-for-stm32.11.3.rel1.win32_1.1.100.202309141235/tools/bin/../lib/gcc/arm-none-eabi/11.3.1/../../../../arm-none-eabi/lib/thumb/v7-m/nofp\libc_nano.a(libc_a-reallocr.o)
                0x000000000800f4a4                _realloc_r
 *fill*         0x000000000800f502        0x2 
 .text.fprintf  0x000000000800f504       0x24 C:/ST/STM32CubeIDE_1.10.1/STM32CubeIDE/plugins/com.st.stm32cube.ide.mcu.externaltools.gnu-tools-for-stm32.11.3.rel1.win32_1.1.100.202309141235/tools/bin/../lib/gcc/arm-none-eabi/11.3.1/../../../../arm-none-eabi/lib/thumb/v7-m/nofp\libc_nano.a(libc_a-fprintf.o)
                0x000000000800f504                fiprintf
                0x000000000800f504                fprintf
 .text.abort    0x000000000800f528        0xe C:/ST/STM32CubeIDE_1.10.1/STM32CubeIDE/plugins/com.st.stm32cube.ide.mcu.externaltools.gnu-tools-for-stm32.11.3.rel1.win32_1.1.100.202309141235/tools/bin/../lib/gcc/arm-none-eabi/11.3.1/../../../../arm-none-eabi/lib/thumb/v7-m/nofp\libc_nano.a(libc_a-abort.o)
                0x000000000800f528                abort
 .text._malloc_usable_size_r